../../../Drivers/STM32N6xx_HAL_Driver/Inc/stm32n6xx_ll_bus.h:879:22:LL_AHB1_GRP1_EnableClock	1
../../../Drivers/STM32N6xx_HAL_Driver/Inc/stm32n6xx_ll_bus.h:1165:22:LL_AHB3_GRP1_EnableClock	1
../../../Drivers/STM32N6xx_HAL_Driver/Inc/stm32n6xx_ll_bus.h:1407:22:LL_AHB4_GRP1_EnableClock	1
C:/Users/montanab/STM32CubeIDE/workspace_1.19.0/SAI_Audio/SAI_Audio/FSBL/Core/Src/main.c:98:16:I2C2_WriteReg	2
C:/Users/montanab/STM32CubeIDE/workspace_1.19.0/SAI_Audio/SAI_Audio/FSBL/Core/Src/main.c:117:16:I2C2_ReadReg	2
C:/Users/montanab/STM32CubeIDE/workspace_1.19.0/SAI_Audio/SAI_Audio/FSBL/Core/Src/main.c:132:9:WM8904_I2C2_Init	2
C:/Users/montanab/STM32CubeIDE/workspace_1.19.0/SAI_Audio/SAI_Audio/FSBL/Core/Src/main.c:146:9:WM8904_I2C2_DeInit	2
C:/Users/montanab/STM32CubeIDE/workspace_1.19.0/SAI_Audio/SAI_Audio/FSBL/Core/Src/main.c:165:9:WM8904_I2C2_WriteReg	2
C:/Users/montanab/STM32CubeIDE/workspace_1.19.0/SAI_Audio/SAI_Audio/FSBL/Core/Src/main.c:195:9:WM8904_I2C2_ReadReg	2
C:/Users/montanab/STM32CubeIDE/workspace_1.19.0/SAI_Audio/SAI_Audio/FSBL/Core/Src/main.c:221:9:WM8904_GetTick	1
C:/Users/montanab/STM32CubeIDE/workspace_1.19.0/SAI_Audio/SAI_Audio/FSBL/Core/Src/main.c:230:13:WM8904_Probe	4
C:/Users/montanab/STM32CubeIDE/workspace_1.19.0/SAI_Audio/SAI_Audio/FSBL/Core/Src/main.c:275:5:main	7
C:/Users/montanab/STM32CubeIDE/workspace_1.19.0/SAI_Audio/SAI_Audio/FSBL/Core/Src/main.c:356:6:SystemClock_Config	9
C:/Users/montanab/STM32CubeIDE/workspace_1.19.0/SAI_Audio/SAI_Audio/FSBL/Core/Src/main.c:464:13:MX_GPDMA1_Init	1
C:/Users/montanab/STM32CubeIDE/workspace_1.19.0/SAI_Audio/SAI_Audio/FSBL/Core/Src/main.c:492:13:MX_I2C2_Init	4
C:/Users/montanab/STM32CubeIDE/workspace_1.19.0/SAI_Audio/SAI_Audio/FSBL/Core/Src/main.c:540:13:MX_SAI1_Init	2
C:/Users/montanab/STM32CubeIDE/workspace_1.19.0/SAI_Audio/SAI_Audio/FSBL/Core/Src/main.c:593:13:MX_GPIO_Init	1
C:/Users/montanab/STM32CubeIDE/workspace_1.19.0/SAI_Audio/SAI_Audio/FSBL/Core/Src/main.c:614:15:SystemIsolation_Config	2
C:/Users/montanab/STM32CubeIDE/workspace_1.19.0/SAI_Audio/SAI_Audio/FSBL/Core/Src/main.c:643:6:HAL_SAI_TxCpltCallback	1
C:/Users/montanab/STM32CubeIDE/workspace_1.19.0/SAI_Audio/SAI_Audio/FSBL/Core/Src/main.c:654:6:Error_Handler	1
