Archive member included to satisfy reference by file (symbol)

../Middlewares/ST/AI/Lib/NetworkRuntime1020_CM0+_GCC.a(ai_platform.o)
                              ./X-CUBE-AI/App/network.o (ai_buffer_array_item_set_address)
../Middlewares/ST/AI/Lib/NetworkRuntime1020_CM0+_GCC.a(ai_platform_interface.o)
                              ./X-CUBE-AI/App/network.o (ai_platform_get_weights_map)
../Middlewares/ST/AI/Lib/NetworkRuntime1020_CM0+_GCC.a(core_common.o)
                              ../Middlewares/ST/AI/Lib/NetworkRuntime1020_CM0+_GCC.a(ai_platform_interface.o) (core_init)
../Middlewares/ST/AI/Lib/NetworkRuntime1020_CM0+_GCC.a(core_mem_manager.o)
                              ../Middlewares/ST/AI/Lib/NetworkRuntime1020_CM0+_GCC.a(ai_platform_interface.o) (core_mem_alloc)
../Middlewares/ST/AI/Lib/NetworkRuntime1020_CM0+_GCC.a(layers.o)
                              ../Middlewares/ST/AI/Lib/NetworkRuntime1020_CM0+_GCC.a(ai_platform_interface.o) (ai_check_custom_types)
../Middlewares/ST/AI/Lib/NetworkRuntime1020_CM0+_GCC.a(layers_conv2d_generic_float.o)
                              ./X-CUBE-AI/App/network.o (forward_dense)
../Middlewares/ST/AI/Lib/NetworkRuntime1020_CM0+_GCC.a(layers_nl_generic_float.o)
                              ./X-CUBE-AI/App/network.o (forward_relu)
../Middlewares/ST/AI/Lib/NetworkRuntime1020_CM0+_GCC.a(layers_conv2d_integer_scratch.o)
                              ../Middlewares/ST/AI/Lib/NetworkRuntime1020_CM0+_GCC.a(layers.o) (get_dense_scratch_size_s8)
../Middlewares/ST/AI/Lib/NetworkRuntime1020_CM0+_GCC.a(forward_lite_conv2d_if32of32wf32.o)
                              ../Middlewares/ST/AI/Lib/NetworkRuntime1020_CM0+_GCC.a(layers_conv2d_generic_float.o) (forward_lite_conv2d_if32of32wf32)
../Middlewares/ST/AI/Lib/NetworkRuntime1020_CM0+_GCC.a(lite_nl_softmax_if32of32.o)
                              ../Middlewares/ST/AI/Lib/NetworkRuntime1020_CM0+_GCC.a(layers_nl_generic_float.o) (forward_lite_nl_softmax_if32of32_kernel)
../Middlewares/ST/AI/Lib/NetworkRuntime1020_CM0+_GCC.a(lite_nl_relu_if32of32.o)
                              ../Middlewares/ST/AI/Lib/NetworkRuntime1020_CM0+_GCC.a(layers_nl_generic_float.o) (forward_lite_nl_prelu_if32of32_kernel)
../Middlewares/ST/AI/Lib/NetworkRuntime1020_CM0+_GCC.a(lite_dense_if32.o)
                              ../Middlewares/ST/AI/Lib/NetworkRuntime1020_CM0+_GCC.a(layers_conv2d_generic_float.o) (lite_decompress_ilutof32)
../Middlewares/ST/AI/Lib/NetworkRuntime1020_CM0+_GCC.a(lite_nl_generic_float.o)
                              ../Middlewares/ST/AI/Lib/NetworkRuntime1020_CM0+_GCC.a(layers_nl_generic_float.o) (forward_lite_nl_softmax_if32of32)
../Middlewares/ST/AI/Lib/NetworkRuntime1020_CM0+_GCC.a(st_int8_fill.o)
                              ../Middlewares/ST/AI/Lib/NetworkRuntime1020_CM0+_GCC.a(layers_nl_generic_float.o) (st_int8_fill)
../Middlewares/ST/AI/Lib/NetworkRuntime1020_CM0+_GCC.a(ai_math_helpers.o)
                              ../Middlewares/ST/AI/Lib/NetworkRuntime1020_CM0+_GCC.a(layers_nl_generic_float.o) (ai_math_sqrt)
../Middlewares/ST/AI/Lib/NetworkRuntime1020_CM0+_GCC.a(ai_datatypes_format.o)
                              ../Middlewares/ST/AI/Lib/NetworkRuntime1020_CM0+_GCC.a(ai_platform_interface.o) (ai_array_to_buffer_fmt)
../Middlewares/ST/AI/Lib/NetworkRuntime1020_CM0+_GCC.a(ai_datatypes_internal.o)
                              ../Middlewares/ST/AI/Lib/NetworkRuntime1020_CM0+_GCC.a(ai_platform_interface.o) (ai_version_get)
../Middlewares/ST/AI/Lib/NetworkRuntime1020_CM0+_GCC.a(ai_math_elementwise_mul_int8.o)
                              ../Middlewares/ST/AI/Lib/NetworkRuntime1020_CM0+_GCC.a(ai_math_helpers.o) (ai_math_elementwise_mul_int8)
../Middlewares/ST/AI/Lib/NetworkRuntime1020_CM0+_GCC.a(ai_math_elementwise_sum_int8.o)
                              ../Middlewares/ST/AI/Lib/NetworkRuntime1020_CM0+_GCC.a(ai_math_helpers.o) (ai_math_elementwise_sum_int8)
../Middlewares/ST/AI/Lib/NetworkRuntime1020_CM0+_GCC.a(st_align_factor.o)
                              ../Middlewares/ST/AI/Lib/NetworkRuntime1020_CM0+_GCC.a(ai_math_helpers.o) (align_factor)
/opt/st/stm32cubeide_1.19.0/plugins/com.st.stm32cube.ide.mcu.externaltools.gnu-tools-for-stm32.13.3.rel1.linux64_1.0.0.202410170706/tools/bin/../lib/gcc/arm-none-eabi/13.3.1/../../../../arm-none-eabi/lib/thumb/v6-m/nofp/libc_nano.a(libc_a-exit.o)
                              /opt/st/stm32cubeide_1.19.0/plugins/com.st.stm32cube.ide.mcu.externaltools.gnu-tools-for-stm32.13.3.rel1.linux64_1.0.0.202410170706/tools/bin/../lib/gcc/arm-none-eabi/13.3.1/../../../../arm-none-eabi/lib/thumb/v6-m/nofp/crt0.o (exit)
/opt/st/stm32cubeide_1.19.0/plugins/com.st.stm32cube.ide.mcu.externaltools.gnu-tools-for-stm32.13.3.rel1.linux64_1.0.0.202410170706/tools/bin/../lib/gcc/arm-none-eabi/13.3.1/../../../../arm-none-eabi/lib/thumb/v6-m/nofp/libc_nano.a(libc_a-malloc.o)
                              ../Middlewares/ST/AI/Lib/NetworkRuntime1020_CM0+_GCC.a(core_mem_manager.o) (malloc)
[...]
Memory Configuration

Name             Origin             Length             Attributes
RAM              0x20000000         0x00009000         xrw
FLASH            0x08000000         0x00020000         xr
*default*        0x00000000         0xffffffff

Linker script and memory map

LOAD /opt/st/stm32cubeide_1.19.0/plugins/com.st.stm32cube.ide.mcu.externaltools.gnu-tools-for-stm32.13.3.rel1.linux64_1.0.0.202410170706/tools/bin/../lib/gcc/arm-none-eabi/13.3.1/thumb/v6-m/nofp/crti.o
LOAD /opt/st/stm32cubeide_1.19.0/plugins/com.st.stm32cube.ide.mcu.externaltools.gnu-tools-for-stm32.13.3.rel1.linux64_1.0.0.202410170706/tools/bin/../lib/gcc/arm-none-eabi/13.3.1/thumb/v6-m/nofp/crtbegin.o
LOAD /opt/st/stm32cubeide_1.19.0/plugins/com.st.stm32cube.ide.mcu.externaltools.gnu-tools-for-stm32.13.3.rel1.linux64_1.0.0.202410170706/tools/bin/../lib/gcc/arm-none-eabi/13.3.1/../../../../arm-none-eabi/lib/thumb/v6-m/nofp/crt0.o
LOAD ./Core/Src/main.o
LOAD ./Core/Src/stm32g0xx_hal_msp.o
LOAD ./Core/Src/stm32g0xx_it.o
LOAD ./Core/Src/syscalls_.o
LOAD ./Core/Src/sysmem.o
LOAD ./Core/Src/system_stm32g0xx.o
LOAD ./Core/Startup/startup_stm32g071rbtx.o
LOAD ./Drivers/STM32G0xx_HAL_Driver/Src/stm32g0xx_hal.o
LOAD ./Drivers/STM32G0xx_HAL_Driver/Src/stm32g0xx_hal_cortex.o
LOAD ./Drivers/STM32G0xx_HAL_Driver/Src/stm32g0xx_hal_dma.o
LOAD ./Drivers/STM32G0xx_HAL_Driver/Src/stm32g0xx_hal_dma_ex.o
LOAD ./Drivers/STM32G0xx_HAL_Driver/Src/stm32g0xx_hal_exti.o
LOAD ./Drivers/STM32G0xx_HAL_Driver/Src/stm32g0xx_hal_flash.o
LOAD ./Drivers/STM32G0xx_HAL_Driver/Src/stm32g0xx_hal_flash_ex.o
LOAD ./Drivers/STM32G0xx_HAL_Driver/Src/stm32g0xx_hal_gpio.o
LOAD ./Drivers/STM32G0xx_HAL_Driver/Src/stm32g0xx_hal_pwr.o
LOAD ./Drivers/STM32G0xx_HAL_Driver/Src/stm32g0xx_hal_pwr_ex.o
LOAD ./Drivers/STM32G0xx_HAL_Driver/Src/stm32g0xx_hal_rcc.o
LOAD ./Drivers/STM32G0xx_HAL_Driver/Src/stm32g0xx_hal_rcc_ex.o
LOAD ./Drivers/STM32G0xx_HAL_Driver/Src/stm32g0xx_hal_tim.o
LOAD ./Drivers/STM32G0xx_HAL_Driver/Src/stm32g0xx_hal_tim_ex.o
LOAD ./Drivers/STM32G0xx_HAL_Driver/Src/stm32g0xx_hal_uart.o
LOAD ./Drivers/STM32G0xx_HAL_Driver/Src/stm32g0xx_hal_uart_ex.o
LOAD ./Drivers/STM32G0xx_HAL_Driver/Src/stm32g0xx_ll_rcc.o
LOAD ./X-CUBE-AI/App/app_x-cube-ai.o
LOAD ./X-CUBE-AI/App/network.o
LOAD ./X-CUBE-AI/App/network_data.o
LOAD ./X-CUBE-AI/App/network_data_params.o
LOAD ../Middlewares/ST/AI/Lib/NetworkRuntime1020_CM0+_GCC.a
START GROUP
LOAD /opt/st/stm32cubeide_1.19.0/plugins/com.st.stm32cube.ide.mcu.externaltools.gnu-tools-for-stm32.13.3.rel1.linux64_1.0.0.202410170706/tools/bin/../lib/gcc/arm-none-eabi/13.3.1/../../../../arm-none-eabi/lib/thumb/v6-m/nofp/libc_nano.a
LOAD /opt/st/stm32cubeide_1.19.0/plugins/com.st.stm32cube.ide.mcu.externaltools.gnu-tools-for-stm32.13.3.rel1.linux64_1.0.0.202410170706/tools/bin/../lib/gcc/arm-none-eabi/13.3.1/../../../../arm-none-eabi/lib/thumb/v6-m/nofp/libm.a
END GROUP
START GROUP
LOAD /opt/st/stm32cubeide_1.19.0/plugins/com.st.stm32cube.ide.mcu.externaltools.gnu-tools-for-stm32.13.3.rel1.linux64_1.0.0.202410170706/tools/bin/../lib/gcc/arm-none-eabi/13.3.1/thumb/v6-m/nofp/libgcc.a
LOAD /opt/st/stm32cubeide_1.19.0/plugins/com.st.stm32cube.ide.mcu.externaltools.gnu-tools-for-stm32.13.3.rel1.linux64_1.0.0.202410170706/tools/bin/../lib/gcc/arm-none-eabi/13.3.1/../../../../arm-none-eabi/lib/thumb/v6-m/nofp/libc_nano.a
END GROUP
START GROUP
LOAD /opt/st/stm32cubeide_1.19.0/plugins/com.st.stm32cube.ide.mcu.externaltools.gnu-tools-for-stm32.13.3.rel1.linux64_1.0.0.202410170706/tools/bin/../lib/gcc/arm-none-eabi/13.3.1/thumb/v6-m/nofp/libgcc.a
LOAD /opt/st/stm32cubeide_1.19.0/plugins/com.st.stm32cube.ide.mcu.externaltools.gnu-tools-for-stm32.13.3.rel1.linux64_1.0.0.202410170706/tools/bin/../lib/gcc/arm-none-eabi/13.3.1/../../../../arm-none-eabi/lib/thumb/v6-m/nofp/libc_nano.a
LOAD /opt/st/stm32cubeide_1.19.0/plugins/com.st.stm32cube.ide.mcu.externaltools.gnu-tools-for-stm32.13.3.rel1.linux64_1.0.0.202410170706/tools/bin/../lib/gcc/arm-none-eabi/13.3.1/../../../../arm-none-eabi/lib/thumb/v6-m/nofp/libnosys.a
END GROUP
START GROUP
LOAD /opt/st/stm32cubeide_1.19.0/plugins/com.st.stm32cube.ide.mcu.externaltools.gnu-tools-for-stm32.13.3.rel1.linux64_1.0.0.202410170706/tools/bin/../lib/gcc/arm-none-eabi/13.3.1/thumb/v6-m/nofp/libgcc.a
LOAD /opt/st/stm32cubeide_1.19.0/plugins/com.st.stm32cube.ide.mcu.externaltools.gnu-tools-for-stm32.13.3.rel1.linux64_1.0.0.202410170706/tools/bin/../lib/gcc/arm-none-eabi/13.3.1/../../../../arm-none-eabi/lib/thumb/v6-m/nofp/libc_nano.a
LOAD /opt/st/stm32cubeide_1.19.0/plugins/com.st.stm32cube.ide.mcu.externaltools.gnu-tools-for-stm32.13.3.rel1.linux64_1.0.0.202410170706/tools/bin/../lib/gcc/arm-none-eabi/13.3.1/../../../../arm-none-eabi/lib/thumb/v6-m/nofp/libnosys.a
END GROUP
LOAD /opt/st/stm32cubeide_1.19.0/plugins/com.st.stm32cube.ide.mcu.externaltools.gnu-tools-for-stm32.13.3.rel1.linux64_1.0.0.202410170706/tools/bin/../lib/gcc/arm-none-eabi/13.3.1/thumb/v6-m/nofp/crtend.o
LOAD /opt/st/stm32cubeide_1.19.0/plugins/com.st.stm32cube.ide.mcu.externaltools.gnu-tools-for-stm32.13.3.rel1.linux64_1.0.0.202410170706/tools/bin/../lib/gcc/arm-none-eabi/13.3.1/thumb/v6-m/nofp/crtn.o
                0x20009000                        _estack = (ORIGIN (RAM) + LENGTH (RAM))
                0x00000800                        _Min_Heap_Size = 0x800
                0x00000800                        _Min_Stack_Size = 0x800

.isr_vector     0x08000000       0xbc
                0x08000000                        . = ALIGN (0x4)
 *(.isr_vector)
 .isr_vector    0x08000000       0xbc ./Core/Startup/startup_stm32g071rbtx.o
                0x08000000                g_pfnVectors
                0x080000bc                        . = ALIGN (0x4)

.text           0x080000bc     0xb714
                0x080000bc                        . = ALIGN (0x4)
 *(.text)
 .text          0x080000bc       0x48 /opt/st/stm32cubeide_1.19.0/plugins/com.st.stm32cube.ide.mcu.externaltools.gnu-tools-for-stm32.13.3.rel1.linux64_1.0.0.202410170706/tools/bin/../lib/gcc/arm-none-eabi/13.3.1/thumb/v6-m/nofp/crtbegin.o
 .text          0x08000104        0xe /opt/st/stm32cubeide_1.19.0/plugins/com.st.stm32cube.ide.mcu.externaltools.gnu-tools-for-stm32.13.3.rel1.linux64_1.0.0.202410170706/tools/bin/../lib/gcc/arm-none-eabi/13.3.1/../../../../arm-none-eabi/lib/thumb/v6-m/nofp/libc_nano.a(libc_a-strlen.o)
                0x08000104                strlen
 *fill*         0x08000112        0x2 
 .text          0x08000114       0x14 /opt/st/stm32cubeide_1.19.0/plugins/com.st.stm32cube.ide.mcu.externaltools.gnu-tools-for-stm32.13.3.rel1.linux64_1.0.0.202410170706/tools/bin/../lib/gcc/arm-none-eabi/13.3.1/thumb/v6-m/nofp/libgcc.a(_thumb1_case_uqi.o)
                0x08000114                __gnu_thumb1_case_uqi
 .text          0x08000128       0x14 /opt/st/stm32cubeide_1.19.0/plugins/com.st.stm32cube.ide.mcu.externaltools.gnu-tools-for-stm32.13.3.rel1.linux64_1.0.0.202410170706/tools/bin/../lib/gcc/arm-none-eabi/13.3.1/thumb/v6-m/nofp/libgcc.a(_thumb1_case_shi.o)
                0x08000128                __gnu_thumb1_case_shi
 .text          0x0800013c      0x114 /opt/st/stm32cubeide_1.19.0/plugins/com.st.stm32cube.ide.mcu.externaltools.gnu-tools-for-stm32.13.3.rel1.linux64_1.0.0.202410170706/tools/bin/../lib/gcc/arm-none-eabi/13.3.1/thumb/v6-m/nofp/libgcc.a(_udivsi3.o)
                0x0800013c                __udivsi3
                0x0800013c                __aeabi_uidiv
                0x08000248                __aeabi_uidivmod
 .text          0x08000250      0x1d4 /opt/st/stm32cubeide_1.19.0/plugins/com.st.stm32cube.ide.mcu.externaltools.gnu-tools-for-stm32.13.3.rel1.linux64_1.0.0.202410170706/tools/bin/../lib/gcc/arm-none-eabi/13.3.1/thumb/v6-m/nofp/libgcc.a(_divsi3.o)
                0x08000250                __aeabi_idiv
                0x08000250                __divsi3
                0x0800041c                __aeabi_idivmod
 .text          0x08000424        0x4 /opt/st/stm32cubeide_1.19.0/plugins/com.st.stm32cube.ide.mcu.externaltools.gnu-tools-for-stm32.13.3.rel1.linux64_1.0.0.202410170706/tools/bin/../lib/gcc/arm-none-eabi/13.3.1/thumb/v6-m/nofp/libgcc.a(_dvmd_tls.o)
                0x08000424                __aeabi_ldiv0
                0x08000424                __aeabi_idiv0
 .text          0x08000428       0x7c /opt/st/stm32cubeide_1.19.0/plugins/com.st.stm32cube.ide.mcu.externaltools.gnu-tools-for-stm32.13.3.rel1.linux64_1.0.0.202410170706/tools/bin/../lib/gcc/arm-none-eabi/13.3.1/thumb/v6-m/nofp/libgcc.a(_arm_cmpdf2.o)
                0x08000428                __aeabi_cdrcmple
                0x08000438                __aeabi_cdcmple
                0x08000438                __aeabi_cdcmpeq
                0x08000448                __aeabi_dcmpeq
                0x08000454                __aeabi_dcmplt
                0x08000468                __aeabi_dcmple
                0x0800047c                __aeabi_dcmpgt
                0x08000490                __aeabi_dcmpge
 .text          0x080004a4       0x74 /opt/st/stm32cubeide_1.19.0/plugins/com.st.stm32cube.ide.mcu.externaltools.gnu-tools-for-stm32.13.3.rel1.linux64_1.0.0.202410170706/tools/bin/../lib/gcc/arm-none-eabi/13.3.1/thumb/v6-m/nofp/libgcc.a(_arm_cmpsf2.o)
                0x080004a4                __aeabi_cfrcmple
                0x080004ac                __aeabi_cfcmple
                0x080004ac                __aeabi_cfcmpeq
                0x080004bc                __aeabi_fcmpeq
                0x080004c8                __aeabi_fcmplt
                0x080004dc                __aeabi_fcmple
                0x080004f0                __aeabi_fcmpgt
                0x08000504                __aeabi_fcmpge
 .text          0x08000518       0x40 /opt/st/stm32cubeide_1.19.0/plugins/com.st.stm32cube.ide.mcu.externaltools.gnu-tools-for-stm32.13.3.rel1.linux64_1.0.0.202410170706/tools/bin/../lib/gcc/arm-none-eabi/13.3.1/thumb/v6-m/nofp/libgcc.a(_aeabi_uldivmod.o)
                0x08000518                __aeabi_uldivmod
 .text          0x08000558      0x198 /opt/st/stm32cubeide_1.19.0/plugins/com.st.stm32cube.ide.mcu.externaltools.gnu-tools-for-stm32.13.3.rel1.linux64_1.0.0.202410170706/tools/bin/../lib/gcc/arm-none-eabi/13.3.1/thumb/v6-m/nofp/libgcc.a(_udivmoddi4.o)
                0x08000558                __udivmoddi4
 .text          0x080006f0      0x3e4 /opt/st/stm32cubeide_1.19.0/plugins/com.st.stm32cube.ide.mcu.externaltools.gnu-tools-for-stm32.13.3.rel1.linux64_1.0.0.202410170706/tools/bin/../lib/gcc/arm-none-eabi/13.3.1/thumb/v6-m/nofp/libgcc.a(addsf3.o)
                0x080006f0                __aeabi_fadd
 .text          0x08000ad4       0x50 /opt/st/stm32cubeide_1.19.0/plugins/com.st.stm32cube.ide.mcu.externaltools.gnu-tools-for-stm32.13.3.rel1.linux64_1.0.0.202410170706/tools/bin/../lib/gcc/arm-none-eabi/13.3.1/thumb/v6-m/nofp/libgcc.a(eqsf2.o)
                0x08000ad4                __nesf2
                0x08000ad4                __eqsf2
 .text          0x08000b24       0x90 /opt/st/stm32cubeide_1.19.0/plugins/com.st.stm32cube.ide.mcu.externaltools.gnu-tools-for-stm32.13.3.rel1.linux64_1.0.0.202410170706/tools/bin/../lib/gcc/arm-none-eabi/13.3.1/thumb/v6-m/nofp/libgcc.a(gesf2.o)
                0x08000b24                __gtsf2
                0x08000b24                __gesf2
 .text          0x08000bb4       0x90 /opt/st/stm32cubeide_1.19.0/plugins/com.st.stm32cube.ide.mcu.externaltools.gnu-tools-for-stm32.13.3.rel1.linux64_1.0.0.202410170706/tools/bin/../lib/gcc/arm-none-eabi/13.3.1/thumb/v6-m/nofp/libgcc.a(lesf2.o)
                0x08000bb4                __lesf2
                0x08000bb4                __ltsf2
 .text          0x08000c44      0x2b4 /opt/st/stm32cubeide_1.19.0/plugins/com.st.stm32cube.ide.mcu.externaltools.gnu-tools-for-stm32.13.3.rel1.linux64_1.0.0.202410170706/tools/bin/../lib/gcc/arm-none-eabi/13.3.1/thumb/v6-m/nofp/libgcc.a(mulsf3.o)
                0x08000c44                __aeabi_fmul
 .text          0x08000ef8      0x4c8 /opt/st/stm32cubeide_1.19.0/plugins/com.st.stm32cube.ide.mcu.externaltools.gnu-tools-for-stm32.13.3.rel1.linux64_1.0.0.202410170706/tools/bin/../lib/gcc/arm-none-eabi/13.3.1/thumb/v6-m/nofp/libgcc.a(subsf3.o)
                0x08000ef8                __aeabi_fsub
 .text          0x080013c0       0x40 /opt/st/stm32cubeide_1.19.0/plugins/com.st.stm32cube.ide.mcu.externaltools.gnu-tools-for-stm32.13.3.rel1.linux64_1.0.0.202410170706/tools/bin/../lib/gcc/arm-none-eabi/13.3.1/thumb/v6-m/nofp/libgcc.a(fixsfsi.o)
                0x080013c0                __aeabi_f2iz
 .text          0x08001400      0x78c /opt/st/stm32cubeide_1.19.0/plugins/com.st.stm32cube.ide.mcu.externaltools.gnu-tools-for-stm32.13.3.rel1.linux64_1.0.0.202410170706/tools/bin/../lib/gcc/arm-none-eabi/13.3.1/thumb/v6-m/nofp/libgcc.a(adddf3.o)
                0x08001400                __aeabi_dadd
 .text          0x08001b8c      0x630 /opt/st/stm32cubeide_1.19.0/plugins/com.st.stm32cube.ide.mcu.externaltools.gnu-tools-for-stm32.13.3.rel1.linux64_1.0.0.202410170706/tools/bin/../lib/gcc/arm-none-eabi/13.3.1/thumb/v6-m/nofp/libgcc.a(divdf3.o)
                0x08001b8c                __aeabi_ddiv
 .text          0x080021bc       0x88 /opt/st/stm32cubeide_1.19.0/plugins/com.st.stm32cube.ide.mcu.externaltools.gnu-tools-for-stm32.13.3.rel1.linux64_1.0.0.202410170706/tools/bin/../lib/gcc/arm-none-eabi/13.3.1/thumb/v6-m/nofp/libgcc.a(eqdf2.o)
                0x080021bc                __eqdf2
                0x080021bc                __nedf2
 .text          0x08002244       0xe0 /opt/st/stm32cubeide_1.19.0/plugins/com.st.stm32cube.ide.mcu.externaltools.gnu-tools-for-stm32.13.3.rel1.linux64_1.0.0.202410170706/tools/bin/../lib/gcc/arm-none-eabi/13.3.1/thumb/v6-m/nofp/libgcc.a(gedf2.o)
                0x08002244                __gtdf2
                0x08002244                __gedf2
 .text          0x08002324       0xdc /opt/st/stm32cubeide_1.19.0/plugins/com.st.stm32cube.ide.mcu.externaltools.gnu-tools-for-stm32.13.3.rel1.linux64_1.0.0.202410170706/tools/bin/../lib/gcc/arm-none-eabi/13.3.1/thumb/v6-m/nofp/libgcc.a(ledf2.o)
                0x08002324                __ltdf2
                0x08002324                __ledf2
 .text          0x08002400      0x5cc /opt/st/stm32cubeide_1.19.0/plugins/com.st.stm32cube.ide.mcu.externaltools.gnu-tools-for-stm32.13.3.rel1.linux64_1.0.0.202410170706/tools/bin/../lib/gcc/arm-none-eabi/13.3.1/thumb/v6-m/nofp/libgcc.a(muldf3.o)
                0x08002400                __aeabi_dmul
 .text          0x080029cc      0x814 /opt/st/stm32cubeide_1.19.0/plugins/com.st.stm32cube.ide.mcu.externaltools.gnu-tools-for-stm32.13.3.rel1.linux64_1.0.0.202410170706/tools/bin/../lib/gcc/arm-none-eabi/13.3.1/thumb/v6-m/nofp/libgcc.a(subdf3.o)
                0x080029cc                __aeabi_dsub
 .text          0x080031e0       0x44 /opt/st/stm32cubeide_1.19.0/plugins/com.st.stm32cube.ide.mcu.externaltools.gnu-tools-for-stm32.13.3.rel1.linux64_1.0.0.202410170706/tools/bin/../lib/gcc/arm-none-eabi/13.3.1/thumb/v6-m/nofp/libgcc.a(unorddf2.o)
                0x080031e0                __aeabi_dcmpun
 .text          0x08003224       0x78 /opt/st/stm32cubeide_1.19.0/plugins/com.st.stm32cube.ide.mcu.externaltools.gnu-tools-for-stm32.13.3.rel1.linux64_1.0.0.202410170706/tools/bin/../lib/gcc/arm-none-eabi/13.3.1/thumb/v6-m/nofp/libgcc.a(fixdfsi.o)
                0x08003224                __aeabi_d2iz
 .text          0x0800329c       0x5c /opt/st/stm32cubeide_1.19.0/plugins/com.st.stm32cube.ide.mcu.externaltools.gnu-tools-for-stm32.13.3.rel1.linux64_1.0.0.202410170706/tools/bin/../lib/gcc/arm-none-eabi/13.3.1/thumb/v6-m/nofp/libgcc.a(floatsidf.o)
                0x0800329c                __aeabi_i2d
 .text          0x080032f8       0x48 /opt/st/stm32cubeide_1.19.0/plugins/com.st.stm32cube.ide.mcu.externaltools.gnu-tools-for-stm32.13.3.rel1.linux64_1.0.0.202410170706/tools/bin/../lib/gcc/arm-none-eabi/13.3.1/thumb/v6-m/nofp/libgcc.a(floatunsidf.o)
                0x080032f8                __aeabi_ui2d
 .text          0x08003340       0x90 /opt/st/stm32cubeide_1.19.0/plugins/com.st.stm32cube.ide.mcu.externaltools.gnu-tools-for-stm32.13.3.rel1.linux64_1.0.0.202410170706/tools/bin/../lib/gcc/arm-none-eabi/13.3.1/thumb/v6-m/nofp/libgcc.a(extendsfdf2.o)
                0x08003340                __aeabi_f2d
 .text          0x080033d0       0x3c /opt/st/stm32cubeide_1.19.0/plugins/com.st.stm32cube.ide.mcu.externaltools.gnu-tools-for-stm32.13.3.rel1.linux64_1.0.0.202410170706/tools/bin/../lib/gcc/arm-none-eabi/13.3.1/thumb/v6-m/nofp/libgcc.a(_clzsi2.o)
                0x080033d0                __clzsi2
 .text          0x0800340c       0x18 /opt/st/stm32cubeide_1.19.0/plugins/com.st.stm32cube.ide.mcu.externaltools.gnu-tools-for-stm32.13.3.rel1.linux64_1.0.0.202410170706/tools/bin/../lib/gcc/arm-none-eabi/13.3.1/thumb/v6-m/nofp/libgcc.a(_clzdi2.o)
                0x0800340c                __clzdi2
 *(.text*)
 .text._write   0x08003424       0x2c ./Core/Src/main.o
                0x08003424                _write
 .text.AI_Init  0x08003450       0x7c ./Core/Src/main.o
 .text.AI_Run   0x080034cc       0x78 ./Core/Src/main.o
 .text.main     0x08003544       0xec ./Core/Src/main.o
                0x08003544                main
 .text.SystemClock_Config
                0x08003630       0xbc ./Core/Src/main.o
                0x08003630                SystemClock_Config
 .text.MX_TIM2_Init
                0x080036ec       0xfc ./Core/Src/main.o
 .text.MX_USART2_UART_Init
                0x080037e8       0x9c ./Core/Src/main.o
 .text.MX_GPIO_Init
                0x08003884       0x2c ./Core/Src/main.o
 .text.Error_Handler
                0x080038b0        0xc ./Core/Src/main.o
                0x080038b0                Error_Handler
 .text.HAL_MspInit
                0x080038bc       0x48 ./Core/Src/stm32g0xx_hal_msp.o
                0x080038bc                HAL_MspInit
 .text.HAL_TIM_Base_MspInit
                0x08003904       0x38 ./Core/Src/stm32g0xx_hal_msp.o
                0x08003904                HAL_TIM_Base_MspInit
 .text.HAL_TIM_MspPostInit
                0x0800393c       0x78 ./Core/Src/stm32g0xx_hal_msp.o
                0x0800393c                HAL_TIM_MspPostInit
 .text.HAL_UART_MspInit
                0x080039b4       0xc0 ./Core/Src/stm32g0xx_hal_msp.o
                0x080039b4                HAL_UART_MspInit
 .text.NMI_Handler
                0x08003a74        0x8 ./Core/Src/stm32g0xx_it.o
                0x08003a74                NMI_Handler
 .text.HardFault_Handler
                0x08003a7c        0x8 ./Core/Src/stm32g0xx_it.o
                0x08003a7c                HardFault_Handler
 .text.SVC_Handler
                0x08003a84        0xa ./Core/Src/stm32g0xx_it.o
                0x08003a84                SVC_Handler
 .text.PendSV_Handler
                0x08003a8e        0xa ./Core/Src/stm32g0xx_it.o
                0x08003a8e                PendSV_Handler
 .text.SysTick_Handler
                0x08003a98        0xe ./Core/Src/stm32g0xx_it.o
                0x08003a98                SysTick_Handler
 .text._getpid  0x08003aa6        0xc ./Core/Src/syscalls_.o
                0x08003aa6                _getpid
 .text._kill    0x08003ab2       0x20 ./Core/Src/syscalls_.o
                0x08003ab2                _kill
 .text._exit    0x08003ad2       0x1a ./Core/Src/syscalls_.o
                0x08003ad2                _exit
 .text._read    0x08003aec       0x3a ./Core/Src/syscalls_.o
                0x08003aec                _read
 .text._close   0x08003b26       0x14 ./Core/Src/syscalls_.o
                0x08003b26                _close
 .text._fstat   0x08003b3a       0x1c ./Core/Src/syscalls_.o
                0x08003b3a                _fstat
 .text._isatty  0x08003b56       0x12 ./Core/Src/syscalls_.o
                0x08003b56                _isatty
 .text._lseek   0x08003b68       0x16 ./Core/Src/syscalls_.o
                0x08003b68                _lseek
 *fill*         0x08003b7e        0x2 
 .text._sbrk    0x08003b80       0x6c ./Core/Src/sysmem.o
                0x08003b80                _sbrk
 .text.SystemInit
                0x08003bec        0xa ./Core/Src/system_stm32g0xx.o
                0x08003bec                SystemInit
 *fill*         0x08003bf6        0x2 
 .text.Reset_Handler
                0x08003bf8       0x50 ./Core/Startup/startup_stm32g071rbtx.o
                0x08003bf8                Reset_Handler
 .text.Default_Handler
                0x08003c48        0x2 ./Core/Startup/startup_stm32g071rbtx.o
                0x08003c48                USART3_4_LPUART1_IRQHandler
                0x08003c48                TIM1_CC_IRQHandler
                0x08003c48                ADC1_COMP_IRQHandler
                0x08003c48                PVD_IRQHandler
                0x08003c48                I2C1_IRQHandler
                0x08003c48                TIM7_LPTIM2_IRQHandler
                0x08003c48                RTC_TAMP_IRQHandler
                0x08003c48                SPI1_IRQHandler
                0x08003c48                EXTI2_3_IRQHandler
                0x08003c48                I2C2_IRQHandler
                0x08003c48                TIM17_IRQHandler
                0x08003c48                TIM16_IRQHandler
                0x08003c48                TIM3_IRQHandler
                0x08003c48                EXTI4_15_IRQHandler
                0x08003c48                RCC_IRQHandler
                0x08003c48                DMA1_Channel1_IRQHandler
                0x08003c48                Default_Handler
                0x08003c48                CEC_IRQHandler
                0x08003c48                TIM14_IRQHandler
                0x08003c48                TIM15_IRQHandler
                0x08003c48                EXTI0_1_IRQHandler
                0x08003c48                SPI2_IRQHandler
                0x08003c48                TIM6_DAC_LPTIM1_IRQHandler
                0x08003c48                WWDG_IRQHandler
                0x08003c48                TIM2_IRQHandler
                0x08003c48                DMA1_Ch4_7_DMAMUX1_OVR_IRQHandler
                0x08003c48                DMA1_Channel2_3_IRQHandler
                0x08003c48                UCPD1_2_IRQHandler
                0x08003c48                USART2_IRQHandler
                0x08003c48                FLASH_IRQHandler
                0x08003c48                USART1_IRQHandler
                0x08003c48                TIM1_BRK_UP_TRG_COM_IRQHandler
 *fill*         0x08003c4a        0x2 
 .text.HAL_Init
                0x08003c4c       0x40 ./Drivers/STM32G0xx_HAL_Driver/Src/stm32g0xx_hal.o
                0x08003c4c                HAL_Init
 .text.HAL_InitTick
                0x08003c8c       0x94 ./Drivers/STM32G0xx_HAL_Driver/Src/stm32g0xx_hal.o
                0x08003c8c                HAL_InitTick
 .text.HAL_IncTick
                0x08003d20       0x24 ./Drivers/STM32G0xx_HAL_Driver/Src/stm32g0xx_hal.o
                0x08003d20                HAL_IncTick
 .text.HAL_GetTick
                0x08003d44       0x14 ./Drivers/STM32G0xx_HAL_Driver/Src/stm32g0xx_hal.o
                0x08003d44                HAL_GetTick
 .text.HAL_Delay
                0x08003d58       0x48 ./Drivers/STM32G0xx_HAL_Driver/Src/stm32g0xx_hal.o
                0x08003d58                HAL_Delay
 .text.__NVIC_SetPriority
                0x08003da0       0xdc ./Drivers/STM32G0xx_HAL_Driver/Src/stm32g0xx_hal_cortex.o
 .text.SysTick_Config
                0x08003e7c       0x48 ./Drivers/STM32G0xx_HAL_Driver/Src/stm32g0xx_hal_cortex.o
 .text.HAL_NVIC_SetPriority
                0x08003ec4       0x2a ./Drivers/STM32G0xx_HAL_Driver/Src/stm32g0xx_hal_cortex.o
                0x08003ec4                HAL_NVIC_SetPriority
 .text.HAL_SYSTICK_Config
                0x08003eee       0x1a ./Drivers/STM32G0xx_HAL_Driver/Src/stm32g0xx_hal_cortex.o
                0x08003eee                HAL_SYSTICK_Config
 .text.HAL_GPIO_Init
                0x08003f08      0x2c8 ./Drivers/STM32G0xx_HAL_Driver/Src/stm32g0xx_hal_gpio.o
                0x08003f08                HAL_GPIO_Init
 .text.HAL_PWREx_ControlVoltageScaling
                0x080041d0       0x80 ./Drivers/STM32G0xx_HAL_Driver/Src/stm32g0xx_hal_pwr_ex.o
                0x080041d0                HAL_PWREx_ControlVoltageScaling
 .text.LL_RCC_GetAPB1Prescaler
                0x08004250       0x18 ./Drivers/STM32G0xx_HAL_Driver/Src/stm32g0xx_hal_rcc.o
 .text.HAL_RCC_OscConfig
                0x08004268      0x634 ./Drivers/STM32G0xx_HAL_Driver/Src/stm32g0xx_hal_rcc.o
                0x08004268                HAL_RCC_OscConfig
 .text.HAL_RCC_ClockConfig
                0x0800489c      0x210 ./Drivers/STM32G0xx_HAL_Driver/Src/stm32g0xx_hal_rcc.o
                0x0800489c                HAL_RCC_ClockConfig
 .text.HAL_RCC_GetSysClockFreq
                0x08004aac      0x104 ./Drivers/STM32G0xx_HAL_Driver/Src/stm32g0xx_hal_rcc.o
                0x08004aac                HAL_RCC_GetSysClockFreq
 .text.HAL_RCC_GetHCLKFreq
                0x08004bb0       0x14 ./Drivers/STM32G0xx_HAL_Driver/Src/stm32g0xx_hal_rcc.o
                0x08004bb0                HAL_RCC_GetHCLKFreq
 .text.HAL_RCC_GetPCLK1Freq
                0x08004bc4       0x2c ./Drivers/STM32G0xx_HAL_Driver/Src/stm32g0xx_hal_rcc.o
                0x08004bc4                HAL_RCC_GetPCLK1Freq
 .text.HAL_RCCEx_PeriphCLKConfig
                0x08004bf0      0x370 ./Drivers/STM32G0xx_HAL_Driver/Src/stm32g0xx_hal_rcc_ex.o
                0x08004bf0                HAL_RCCEx_PeriphCLKConfig
 .text.HAL_TIM_Base_Init
                0x08004f60       0xb0 ./Drivers/STM32G0xx_HAL_Driver/Src/stm32g0xx_hal_tim.o
                0x08004f60                HAL_TIM_Base_Init
 .text.HAL_TIM_PWM_Init
                0x08005010       0xb0 ./Drivers/STM32G0xx_HAL_Driver/Src/stm32g0xx_hal_tim.o
                0x08005010                HAL_TIM_PWM_Init
 .text.HAL_TIM_PWM_MspInit
                0x080050c0       0x10 ./Drivers/STM32G0xx_HAL_Driver/Src/stm32g0xx_hal_tim.o
                0x080050c0                HAL_TIM_PWM_MspInit
 .text.HAL_TIM_PWM_Start
                0x080050d0      0x1d4 ./Drivers/STM32G0xx_HAL_Driver/Src/stm32g0xx_hal_tim.o
                0x080050d0                HAL_TIM_PWM_Start
 .text.HAL_TIM_PWM_ConfigChannel
                0x080052a4      0x200 ./Drivers/STM32G0xx_HAL_Driver/Src/stm32g0xx_hal_tim.o
                0x080052a4                HAL_TIM_PWM_ConfigChannel
 .text.HAL_TIM_ConfigClockSource
                0x080054a4      0x1ac ./Drivers/STM32G0xx_HAL_Driver/Src/stm32g0xx_hal_tim.o
                0x080054a4                HAL_TIM_ConfigClockSource
 .text.TIM_Base_SetConfig
                0x08005650      0x11c ./Drivers/STM32G0xx_HAL_Driver/Src/stm32g0xx_hal_tim.o
                0x08005650                TIM_Base_SetConfig
 .text.TIM_OC1_SetConfig
                0x0800576c      0x114 ./Drivers/STM32G0xx_HAL_Driver/Src/stm32g0xx_hal_tim.o
 .text.TIM_OC2_SetConfig
                0x08005880      0x108 ./Drivers/STM32G0xx_HAL_Driver/Src/stm32g0xx_hal_tim.o
                0x08005880                TIM_OC2_SetConfig
 .text.TIM_OC3_SetConfig
                0x08005988      0x110 ./Drivers/STM32G0xx_HAL_Driver/Src/stm32g0xx_hal_tim.o
 .text.TIM_OC4_SetConfig
                0x08005a98       0xd4 ./Drivers/STM32G0xx_HAL_Driver/Src/stm32g0xx_hal_tim.o
 .text.TIM_OC5_SetConfig
                0x08005b6c       0xc0 ./Drivers/STM32G0xx_HAL_Driver/Src/stm32g0xx_hal_tim.o
 .text.TIM_OC6_SetConfig
                0x08005c2c       0xc8 ./Drivers/STM32G0xx_HAL_Driver/Src/stm32g0xx_hal_tim.o
 .text.TIM_TI1_ConfigInputStage
                0x08005cf4       0x5c ./Drivers/STM32G0xx_HAL_Driver/Src/stm32g0xx_hal_tim.o
 .text.TIM_TI2_ConfigInputStage
                0x08005d50       0x64 ./Drivers/STM32G0xx_HAL_Driver/Src/stm32g0xx_hal_tim.o
 .text.TIM_ITRx_SetConfig
                0x08005db4       0x38 ./Drivers/STM32G0xx_HAL_Driver/Src/stm32g0xx_hal_tim.o
 .text.TIM_ETR_SetConfig
                0x08005dec       0x40 ./Drivers/STM32G0xx_HAL_Driver/Src/stm32g0xx_hal_tim.o
                0x08005dec                TIM_ETR_SetConfig
 .text.TIM_CCxChannelCmd
                0x08005e2c       0x46 ./Drivers/STM32G0xx_HAL_Driver/Src/stm32g0xx_hal_tim.o
                0x08005e2c                TIM_CCxChannelCmd
 *fill*         0x08005e72        0x2 
 .text.HAL_TIMEx_MasterConfigSynchronization
                0x08005e74       0xdc ./Drivers/STM32G0xx_HAL_Driver/Src/stm32g0xx_hal_tim_ex.o
                0x08005e74                HAL_TIMEx_MasterConfigSynchronization
 .text.HAL_UART_Init
                0x08005f50       0xac ./Drivers/STM32G0xx_HAL_Driver/Src/stm32g0xx_hal_uart.o
                0x08005f50                HAL_UART_Init
 .text.HAL_UART_Transmit
                0x08005ffc      0x148 ./Drivers/STM32G0xx_HAL_Driver/Src/stm32g0xx_hal_uart.o
                0x08005ffc                HAL_UART_Transmit
 .text.UART_SetConfig
                0x08006144      0x57c ./Drivers/STM32G0xx_HAL_Driver/Src/stm32g0xx_hal_uart.o
                0x08006144                UART_SetConfig
 .text.UART_AdvFeatureConfig
                0x080066c0      0x168 ./Drivers/STM32G0xx_HAL_Driver/Src/stm32g0xx_hal_uart.o
                0x080066c0                UART_AdvFeatureConfig
 .text.UART_CheckIdleState
                0x08006828      0x154 ./Drivers/STM32G0xx_HAL_Driver/Src/stm32g0xx_hal_uart.o
                0x08006828                UART_CheckIdleState
 .text.UART_WaitOnFlagUntilTimeout
                0x0800697c       0xde ./Drivers/STM32G0xx_HAL_Driver/Src/stm32g0xx_hal_uart.o
                0x0800697c                UART_WaitOnFlagUntilTimeout
 *fill*         0x08006a5a        0x2 
 .text.UART_EndRxTransfer
                0x08006a5c       0xcc ./Drivers/STM32G0xx_HAL_Driver/Src/stm32g0xx_hal_uart.o
 .text.HAL_UARTEx_DisableFifoMode
                0x08006b28       0x74 ./Drivers/STM32G0xx_HAL_Driver/Src/stm32g0xx_hal_uart_ex.o
                0x08006b28                HAL_UARTEx_DisableFifoMode
 .text.HAL_UARTEx_SetTxFifoThreshold
                0x08006b9c       0x7e ./Drivers/STM32G0xx_HAL_Driver/Src/stm32g0xx_hal_uart_ex.o
                0x08006b9c                HAL_UARTEx_SetTxFifoThreshold
 *fill*         0x08006c1a        0x2 
 .text.HAL_UARTEx_SetRxFifoThreshold
                0x08006c1c       0x84 ./Drivers/STM32G0xx_HAL_Driver/Src/stm32g0xx_hal_uart_ex.o
                0x08006c1c                HAL_UARTEx_SetRxFifoThreshold
 .text.UARTEx_SetNbDataToProcess
                0x08006ca0       0xbc ./Drivers/STM32G0xx_HAL_Driver/Src/stm32g0xx_hal_uart_ex.o
 .text.network_configure_activations
                0x08006d5c       0xd0 ./X-CUBE-AI/App/network.o
 .text.network_configure_weights
                0x08006e2c      0x130 ./X-CUBE-AI/App/network.o
 .text.ai_network_get_error
                0x08006f5c       0x1a ./X-CUBE-AI/App/network.o
                0x08006f5c                ai_network_get_error
 *fill*         0x08006f76        0x2 
 .text.ai_network_create
                0x08006f78       0x2c ./X-CUBE-AI/App/network.o
                0x08006f78                ai_network_create
 .text.ai_network_create_and_init
                0x08006fa4      0x118 ./X-CUBE-AI/App/network.o
                0x08006fa4                ai_network_create_and_init
 .text.ai_network_inputs_get
                0x080070bc       0x38 ./X-CUBE-AI/App/network.o
                0x080070bc                ai_network_inputs_get
 .text.ai_network_outputs_get
                0x080070f4       0x38 ./X-CUBE-AI/App/network.o
                0x080070f4                ai_network_outputs_get
 .text.ai_network_init
                0x0800712c       0x90 ./X-CUBE-AI/App/network.o
                0x0800712c                ai_network_init
 .text.ai_network_run
                0x080071bc       0x22 ./X-CUBE-AI/App/network.o
                0x080071bc                ai_network_run
 *fill*         0x080071de        0x2 
 .text.ai_network_data_params_get
                0x080071e0       0x44 ./X-CUBE-AI/App/network_data.o
                0x080071e0                ai_network_data_params_get
 .text.ai_buffer_get_size
                0x08007224       0x5c ../Middlewares/ST/AI/Lib/NetworkRuntime1020_CM0+_GCC.a(ai_platform.o)
                0x08007224                ai_buffer_get_size
 .text.ai_buffer_array_sane
                0x08007280       0x18 ../Middlewares/ST/AI/Lib/NetworkRuntime1020_CM0+_GCC.a(ai_platform.o)
                0x08007280                ai_buffer_array_sane
 .text.ai_buffer_array_item_set_address
                0x08007298       0x28 ../Middlewares/ST/AI/Lib/NetworkRuntime1020_CM0+_GCC.a(ai_platform.o)
                0x08007298                ai_buffer_array_item_set_address
 .text.ai_platform_get_weights_map
                0x080072c0       0xa4 ../Middlewares/ST/AI/Lib/NetworkRuntime1020_CM0+_GCC.a(ai_platform_interface.o)
                0x080072c0                ai_platform_get_weights_map
 .text.ai_platform_get_activations_map
                0x08007364       0xa8 ../Middlewares/ST/AI/Lib/NetworkRuntime1020_CM0+_GCC.a(ai_platform_interface.o)
                0x08007364                ai_platform_get_activations_map
 .text.ai_platform_bind_network_params
                0x0800740c       0x2c ../Middlewares/ST/AI/Lib/NetworkRuntime1020_CM0+_GCC.a(ai_platform_interface.o)
                0x0800740c                ai_platform_bind_network_params
 .text.ai_platform_network_get_error
                0x08007438       0x20 ../Middlewares/ST/AI/Lib/NetworkRuntime1020_CM0+_GCC.a(ai_platform_interface.o)
                0x08007438                ai_platform_network_get_error
 .text.ai_platform_network_set_error
                0x08007458       0x14 ../Middlewares/ST/AI/Lib/NetworkRuntime1020_CM0+_GCC.a(ai_platform_interface.o)
                0x08007458                ai_platform_network_set_error
 .text.ai_platform_inputs_get
                0x0800746c      0x104 ../Middlewares/ST/AI/Lib/NetworkRuntime1020_CM0+_GCC.a(ai_platform_interface.o)
                0x0800746c                ai_platform_inputs_get
 .text.ai_platform_outputs_get
                0x08007570      0x100 ../Middlewares/ST/AI/Lib/NetworkRuntime1020_CM0+_GCC.a(ai_platform_interface.o)
                0x08007570                ai_platform_outputs_get
 .text.ai_platform_network_create
                0x08007670       0x8c ../Middlewares/ST/AI/Lib/NetworkRuntime1020_CM0+_GCC.a(ai_platform_interface.o)
                0x08007670                ai_platform_network_create
 .text.ai_platform_network_init
                0x080076fc      0x148 ../Middlewares/ST/AI/Lib/NetworkRuntime1020_CM0+_GCC.a(ai_platform_interface.o)
                0x080076fc                ai_platform_network_init
 .text.ai_platform_network_post_init
                0x08007844       0x68 ../Middlewares/ST/AI/Lib/NetworkRuntime1020_CM0+_GCC.a(ai_platform_interface.o)
                0x08007844                ai_platform_network_post_init
 .text.ai_platform_network_process
                0x080078ac      0x40c ../Middlewares/ST/AI/Lib/NetworkRuntime1020_CM0+_GCC.a(ai_platform_interface.o)
                0x080078ac                ai_platform_network_process
 .text.core_init
                0x08007cb8        0x4 ../Middlewares/ST/AI/Lib/NetworkRuntime1020_CM0+_GCC.a(core_common.o)
                0x08007cb8                core_init
 .text.core_get_error
                0x08007cbc        0xc ../Middlewares/ST/AI/Lib/NetworkRuntime1020_CM0+_GCC.a(core_common.o)
                0x08007cbc                core_get_error
 .text.core_set_error
                0x08007cc8       0x18 ../Middlewares/ST/AI/Lib/NetworkRuntime1020_CM0+_GCC.a(core_common.o)
                0x08007cc8                core_set_error
 .text.ai_check_custom_types
                0x08007ce0       0x50 ../Middlewares/ST/AI/Lib/NetworkRuntime1020_CM0+_GCC.a(layers.o)
                0x08007ce0                ai_check_custom_types
 .text.ai_layers_init_all
                0x08007d30       0x18 ../Middlewares/ST/AI/Lib/NetworkRuntime1020_CM0+_GCC.a(layers.o)
                0x08007d30                ai_layers_init_all
 .text.ai_layers_post_init_all
                0x08007d48       0x3c ../Middlewares/ST/AI/Lib/NetworkRuntime1020_CM0+_GCC.a(layers.o)
                0x08007d48                ai_layers_post_init_all
 .text.ai_layers_forward_all
                0x08007d84       0x98 ../Middlewares/ST/AI/Lib/NetworkRuntime1020_CM0+_GCC.a(layers.o)
                0x08007d84                ai_layers_forward_all
 .text.forward_dense
                0x08007e1c      0x100 ../Middlewares/ST/AI/Lib/NetworkRuntime1020_CM0+_GCC.a(layers_conv2d_generic_float.o)
                0x08007e1c                forward_dense
 .text.forward_relu
                0x08007f1c      0x134 ../Middlewares/ST/AI/Lib/NetworkRuntime1020_CM0+_GCC.a(layers_nl_generic_float.o)
                0x08007f1c                forward_relu
 .text.forward_lite_nl_relu_generic_if32of32_kernel
                0x08008050       0xf4 ../Middlewares/ST/AI/Lib/NetworkRuntime1020_CM0+_GCC.a(lite_nl_relu_if32of32.o)
                0x08008050                forward_lite_nl_relu_generic_if32of32_kernel
 .text.forward_lite_dense_if32of32wf32
                0x08008144      0x364 ../Middlewares/ST/AI/Lib/NetworkRuntime1020_CM0+_GCC.a(lite_dense_if32.o)
                0x08008144                forward_lite_dense_if32of32wf32
 .text.forward_lite_dense_if32of32wf32_lut4
                0x080084a8      0x31c ../Middlewares/ST/AI/Lib/NetworkRuntime1020_CM0+_GCC.a(lite_dense_if32.o)
                0x080084a8                forward_lite_dense_if32of32wf32_lut4
 .text.forward_lite_dense_if32of32wf32_lut8
                0x080087c4      0x30c ../Middlewares/ST/AI/Lib/NetworkRuntime1020_CM0+_GCC.a(lite_dense_if32.o)
                0x080087c4                forward_lite_dense_if32of32wf32_lut8
 .text.st_int8_copy
                0x08008ad0       0x8c ../Middlewares/ST/AI/Lib/NetworkRuntime1020_CM0+_GCC.a(st_int8_fill.o)
                0x08008ad0                st_int8_copy
 .text.ai_array_to_buffer_fmt
                0x08008b5c       0xdc ../Middlewares/ST/AI/Lib/NetworkRuntime1020_CM0+_GCC.a(ai_datatypes_format.o)
                0x08008b5c                ai_array_to_buffer_fmt
 .text.ai_array_get_data_byte_size
                0x08008c38       0x24 ../Middlewares/ST/AI/Lib/NetworkRuntime1020_CM0+_GCC.a(ai_datatypes_format.o)
                0x08008c38                ai_array_get_data_byte_size
 .text.ai_version_get
                0x08008c5c        0xc ../Middlewares/ST/AI/Lib/NetworkRuntime1020_CM0+_GCC.a(ai_datatypes_internal.o)
                0x08008c5c                ai_version_get
 .text.get_tensor_byte_size
                0x08008c68       0x28 ../Middlewares/ST/AI/Lib/NetworkRuntime1020_CM0+_GCC.a(ai_datatypes_internal.o)
                0x08008c68                get_tensor_byte_size
 .text.malloc   0x08008c90       0x14 /opt/st/stm32cubeide_1.19.0/plugins/com.st.stm32cube.ide.mcu.externaltools.gnu-tools-for-stm32.13.3.rel1.linux64_1.0.0.202410170706/tools/bin/../lib/gcc/arm-none-eabi/13.3.1/../../../../arm-none-eabi/lib/thumb/v6-m/nofp/libc_nano.a(libc_a-malloc.o)
                0x08008c90                malloc
 .text.sbrk_aligned
                0x08008ca4       0x44 /opt/st/stm32cubeide_1.19.0/plugins/com.st.stm32cube.ide.mcu.externaltools.gnu-tools-for-stm32.13.3.rel1.linux64_1.0.0.202410170706/tools/bin/../lib/gcc/arm-none-eabi/13.3.1/../../../../arm-none-eabi/lib/thumb/v6-m/nofp/libc_nano.a(libc_a-mallocr.o)
 .text._malloc_r
                0x08008ce8      0x100 /opt/st/stm32cubeide_1.19.0/plugins/com.st.stm32cube.ide.mcu.externaltools.gnu-tools-for-stm32.13.3.rel1.linux64_1.0.0.202410170706/tools/bin/../lib/gcc/arm-none-eabi/13.3.1/../../../../arm-none-eabi/lib/thumb/v6-m/nofp/libc_nano.a(libc_a-mallocr.o)
                0x08008ce8                _malloc_r
 .text.__malloc_lock
                0x08008de8       0x10 /opt/st/stm32cubeide_1.19.0/plugins/com.st.stm32cube.ide.mcu.externaltools.gnu-tools-for-stm32.13.3.rel1.linux64_1.0.0.202410170706/tools/bin/../lib/gcc/arm-none-eabi/13.3.1/../../../../arm-none-eabi/lib/thumb/v6-m/nofp/libc_nano.a(libc_a-mlock.o)
                0x08008de8                __malloc_lock
 .text.__malloc_unlock
                0x08008df8       0x10 /opt/st/stm32cubeide_1.19.0/plugins/com.st.stm32cube.ide.mcu.externaltools.gnu-tools-for-stm32.13.3.rel1.linux64_1.0.0.202410170706/tools/bin/../lib/gcc/arm-none-eabi/13.3.1/../../../../arm-none-eabi/lib/thumb/v6-m/nofp/libc_nano.a(libc_a-mlock.o)
                0x08008df8                __malloc_unlock
 .text.__cvt    0x08008e08       0xcc /opt/st/stm32cubeide_1.19.0/plugins/com.st.stm32cube.ide.mcu.externaltools.gnu-tools-for-stm32.13.3.rel1.linux64_1.0.0.202410170706/tools/bin/../lib/gcc/arm-none-eabi/13.3.1/../../../../arm-none-eabi/lib/thumb/v6-m/nofp/libc_nano.a(libc_a-nano-vfprintf_float.o)
                0x08008e08                __cvt
 .text.__exponent
                0x08008ed4       0x7e /opt/st/stm32cubeide_1.19.0/plugins/com.st.stm32cube.ide.mcu.externaltools.gnu-tools-for-stm32.13.3.rel1.linux64_1.0.0.202410170706/tools/bin/../lib/gcc/arm-none-eabi/13.3.1/../../../../arm-none-eabi/lib/thumb/v6-m/nofp/libc_nano.a(libc_a-nano-vfprintf_float.o)
                0x08008ed4                __exponent
 *fill*         0x08008f52        0x2 
 .text._printf_float
                0x08008f54      0x47c /opt/st/stm32cubeide_1.19.0/plugins/com.st.stm32cube.ide.mcu.externaltools.gnu-tools-for-stm32.13.3.rel1.linux64_1.0.0.202410170706/tools/bin/../lib/gcc/arm-none-eabi/13.3.1/../../../../arm-none-eabi/lib/thumb/v6-m/nofp/libc_nano.a(libc_a-nano-vfprintf_float.o)
                0x08008f54                _printf_float
 .text._printf_common
                0x080093d0       0xde /opt/st/stm32cubeide_1.19.0/plugins/com.st.stm32cube.ide.mcu.externaltools.gnu-tools-for-stm32.13.3.rel1.linux64_1.0.0.202410170706/tools/bin/../lib/gcc/arm-none-eabi/13.3.1/../../../../arm-none-eabi/lib/thumb/v6-m/nofp/libc_nano.a(libc_a-nano-vfprintf_i.o)
                0x080093d0                _printf_common
 *fill*         0x080094ae        0x2 
 .text._printf_i
                0x080094b0      0x218 /opt/st/stm32cubeide_1.19.0/plugins/com.st.stm32cube.ide.mcu.externaltools.gnu-tools-for-stm32.13.3.rel1.linux64_1.0.0.202410170706/tools/bin/../lib/gcc/arm-none-eabi/13.3.1/../../../../arm-none-eabi/lib/thumb/v6-m/nofp/libc_nano.a(libc_a-nano-vfprintf_i.o)
                0x080094b0                _printf_i
 .text.std      0x080096c8       0x6c /opt/st/stm32cubeide_1.19.0/plugins/com.st.stm32cube.ide.mcu.externaltools.gnu-tools-for-stm32.13.3.rel1.linux64_1.0.0.202410170706/tools/bin/../lib/gcc/arm-none-eabi/13.3.1/../../../../arm-none-eabi/lib/thumb/v6-m/nofp/libc_nano.a(libc_a-findfp.o)
 .text.stdio_exit_handler
                0x08009734       0x1c /opt/st/stm32cubeide_1.19.0/plugins/com.st.stm32cube.ide.mcu.externaltools.gnu-tools-for-stm32.13.3.rel1.linux64_1.0.0.202410170706/tools/bin/../lib/gcc/arm-none-eabi/13.3.1/../../../../arm-none-eabi/lib/thumb/v6-m/nofp/libc_nano.a(libc_a-findfp.o)
 .text.cleanup_stdio
                0x08009750       0x3c /opt/st/stm32cubeide_1.19.0/plugins/com.st.stm32cube.ide.mcu.externaltools.gnu-tools-for-stm32.13.3.rel1.linux64_1.0.0.202410170706/tools/bin/../lib/gcc/arm-none-eabi/13.3.1/../../../../arm-none-eabi/lib/thumb/v6-m/nofp/libc_nano.a(libc_a-findfp.o)
 .text.global_stdio_init.part.0
                0x0800978c       0x3c /opt/st/stm32cubeide_1.19.0/plugins/com.st.stm32cube.ide.mcu.externaltools.gnu-tools-for-stm32.13.3.rel1.linux64_1.0.0.202410170706/tools/bin/../lib/gcc/arm-none-eabi/13.3.1/../../../../arm-none-eabi/lib/thumb/v6-m/nofp/libc_nano.a(libc_a-findfp.o)
 .text.__sfp_lock_acquire
                0x080097c8       0x10 /opt/st/stm32cubeide_1.19.0/plugins/com.st.stm32cube.ide.mcu.externaltools.gnu-tools-for-stm32.13.3.rel1.linux64_1.0.0.202410170706/tools/bin/../lib/gcc/arm-none-eabi/13.3.1/../../../../arm-none-eabi/lib/thumb/v6-m/nofp/libc_nano.a(libc_a-findfp.o)
                0x080097c8                __sfp_lock_acquire
 .text.__sfp_lock_release
                0x080097d8       0x10 /opt/st/stm32cubeide_1.19.0/plugins/com.st.stm32cube.ide.mcu.externaltools.gnu-tools-for-stm32.13.3.rel1.linux64_1.0.0.202410170706/tools/bin/../lib/gcc/arm-none-eabi/13.3.1/../../../../arm-none-eabi/lib/thumb/v6-m/nofp/libc_nano.a(libc_a-findfp.o)
                0x080097d8                __sfp_lock_release
 .text.__sinit  0x080097e8       0x30 /opt/st/stm32cubeide_1.19.0/plugins/com.st.stm32cube.ide.mcu.externaltools.gnu-tools-for-stm32.13.3.rel1.linux64_1.0.0.202410170706/tools/bin/../lib/gcc/arm-none-eabi/13.3.1/../../../../arm-none-eabi/lib/thumb/v6-m/nofp/libc_nano.a(libc_a-findfp.o)
                0x080097e8                __sinit
 .text._fwalk_sglue
                0x08009818       0x38 /opt/st/stm32cubeide_1.19.0/plugins/com.st.stm32cube.ide.mcu.externaltools.gnu-tools-for-stm32.13.3.rel1.linux64_1.0.0.202410170706/tools/bin/../lib/gcc/arm-none-eabi/13.3.1/../../../../arm-none-eabi/lib/thumb/v6-m/nofp/libc_nano.a(libc_a-fwalk.o)
                0x08009818                _fwalk_sglue
 .text.printf   0x08009850       0x20 /opt/st/stm32cubeide_1.19.0/plugins/com.st.stm32cube.ide.mcu.externaltools.gnu-tools-for-stm32.13.3.rel1.linux64_1.0.0.202410170706/tools/bin/../lib/gcc/arm-none-eabi/13.3.1/../../../../arm-none-eabi/lib/thumb/v6-m/nofp/libc_nano.a(libc_a-printf.o)
                0x08009850                printf
                0x08009850                iprintf
 .text._puts_r  0x08009870       0xac /opt/st/stm32cubeide_1.19.0/plugins/com.st.stm32cube.ide.mcu.externaltools.gnu-tools-for-stm32.13.3.rel1.linux64_1.0.0.202410170706/tools/bin/../lib/gcc/arm-none-eabi/13.3.1/../../../../arm-none-eabi/lib/thumb/v6-m/nofp/libc_nano.a(libc_a-puts.o)
                0x08009870                _puts_r
 .text.puts     0x0800991c       0x14 /opt/st/stm32cubeide_1.19.0/plugins/com.st.stm32cube.ide.mcu.externaltools.gnu-tools-for-stm32.13.3.rel1.linux64_1.0.0.202410170706/tools/bin/../lib/gcc/arm-none-eabi/13.3.1/../../../../arm-none-eabi/lib/thumb/v6-m/nofp/libc_nano.a(libc_a-puts.o)
                0x0800991c                puts
 .text.__sread  0x08009930       0x28 /opt/st/stm32cubeide_1.19.0/plugins/com.st.stm32cube.ide.mcu.externaltools.gnu-tools-for-stm32.13.3.rel1.linux64_1.0.0.202410170706/tools/bin/../lib/gcc/arm-none-eabi/13.3.1/../../../../arm-none-eabi/lib/thumb/v6-m/nofp/libc_nano.a(libc_a-stdio.o)
                0x08009930                __sread
 .text.__swrite
                0x08009958       0x38 /opt/st/stm32cubeide_1.19.0/plugins/com.st.stm32cube.ide.mcu.externaltools.gnu-tools-for-stm32.13.3.rel1.linux64_1.0.0.202410170706/tools/bin/../lib/gcc/arm-none-eabi/13.3.1/../../../../arm-none-eabi/lib/thumb/v6-m/nofp/libc_nano.a(libc_a-stdio.o)
                0x08009958                __swrite
 .text.__sseek  0x08009990       0x2c /opt/st/stm32cubeide_1.19.0/plugins/com.st.stm32cube.ide.mcu.externaltools.gnu-tools-for-stm32.13.3.rel1.linux64_1.0.0.202410170706/tools/bin/../lib/gcc/arm-none-eabi/13.3.1/../../../../arm-none-eabi/lib/thumb/v6-m/nofp/libc_nano.a(libc_a-stdio.o)
                0x08009990                __sseek
 .text.__sclose
                0x080099bc        0xc /opt/st/stm32cubeide_1.19.0/plugins/com.st.stm32cube.ide.mcu.externaltools.gnu-tools-for-stm32.13.3.rel1.linux64_1.0.0.202410170706/tools/bin/../lib/gcc/arm-none-eabi/13.3.1/../../../../arm-none-eabi/lib/thumb/v6-m/nofp/libc_nano.a(libc_a-stdio.o)
                0x080099bc                __sclose
 .text.__swbuf_r
                0x080099c8       0x84 /opt/st/stm32cubeide_1.19.0/plugins/com.st.stm32cube.ide.mcu.externaltools.gnu-tools-for-stm32.13.3.rel1.linux64_1.0.0.202410170706/tools/bin/../lib/gcc/arm-none-eabi/13.3.1/../../../../arm-none-eabi/lib/thumb/v6-m/nofp/libc_nano.a(libc_a-wbuf.o)
                0x080099c8                __swbuf_r
 .text.__swsetup_r
                0x08009a4c       0xbc /opt/st/stm32cubeide_1.19.0/plugins/com.st.stm32cube.ide.mcu.externaltools.gnu-tools-for-stm32.13.3.rel1.linux64_1.0.0.202410170706/tools/bin/../lib/gcc/arm-none-eabi/13.3.1/../../../../arm-none-eabi/lib/thumb/v6-m/nofp/libc_nano.a(libc_a-wsetup.o)
                0x08009a4c                __swsetup_r
 .text.memset   0x08009b08       0x10 /opt/st/stm32cubeide_1.19.0/plugins/com.st.stm32cube.ide.mcu.externaltools.gnu-tools-for-stm32.13.3.rel1.linux64_1.0.0.202410170706/tools/bin/../lib/gcc/arm-none-eabi/13.3.1/../../../../arm-none-eabi/lib/thumb/v6-m/nofp/libc_nano.a(libc_a-memset.o)
                0x08009b08                memset
 .text._localeconv_r
                0x08009b18        0x8 /opt/st/stm32cubeide_1.19.0/plugins/com.st.stm32cube.ide.mcu.externaltools.gnu-tools-for-stm32.13.3.rel1.linux64_1.0.0.202410170706/tools/bin/../lib/gcc/arm-none-eabi/13.3.1/../../../../arm-none-eabi/lib/thumb/v6-m/nofp/libc_nano.a(libc_a-localeconv.o)
                0x08009b18                _localeconv_r
 .text._close_r
                0x08009b20       0x24 /opt/st/stm32cubeide_1.19.0/plugins/com.st.stm32cube.ide.mcu.externaltools.gnu-tools-for-stm32.13.3.rel1.linux64_1.0.0.202410170706/tools/bin/../lib/gcc/arm-none-eabi/13.3.1/../../../../arm-none-eabi/lib/thumb/v6-m/nofp/libc_nano.a(libc_a-closer.o)
                0x08009b20                _close_r
 .text._lseek_r
                0x08009b44       0x28 /opt/st/stm32cubeide_1.19.0/plugins/com.st.stm32cube.ide.mcu.externaltools.gnu-tools-for-stm32.13.3.rel1.linux64_1.0.0.202410170706/tools/bin/../lib/gcc/arm-none-eabi/13.3.1/../../../../arm-none-eabi/lib/thumb/v6-m/nofp/libc_nano.a(libc_a-lseekr.o)
                0x08009b44                _lseek_r
 .text._read_r  0x08009b6c       0x28 /opt/st/stm32cubeide_1.19.0/plugins/com.st.stm32cube.ide.mcu.externaltools.gnu-tools-for-stm32.13.3.rel1.linux64_1.0.0.202410170706/tools/bin/../lib/gcc/arm-none-eabi/13.3.1/../../../../arm-none-eabi/lib/thumb/v6-m/nofp/libc_nano.a(libc_a-readr.o)
                0x08009b6c                _read_r
 .text._sbrk_r  0x08009b94       0x24 /opt/st/stm32cubeide_1.19.0/plugins/com.st.stm32cube.ide.mcu.externaltools.gnu-tools-for-stm32.13.3.rel1.linux64_1.0.0.202410170706/tools/bin/../lib/gcc/arm-none-eabi/13.3.1/../../../../arm-none-eabi/lib/thumb/v6-m/nofp/libc_nano.a(libc_a-sbrkr.o)
                0x08009b94                _sbrk_r
 .text._write_r
                0x08009bb8       0x28 /opt/st/stm32cubeide_1.19.0/plugins/com.st.stm32cube.ide.mcu.externaltools.gnu-tools-for-stm32.13.3.rel1.linux64_1.0.0.202410170706/tools/bin/../lib/gcc/arm-none-eabi/13.3.1/../../../../arm-none-eabi/lib/thumb/v6-m/nofp/libc_nano.a(libc_a-writer.o)
                0x08009bb8                _write_r
 .text.__errno  0x08009be0        0xc /opt/st/stm32cubeide_1.19.0/plugins/com.st.stm32cube.ide.mcu.externaltools.gnu-tools-for-stm32.13.3.rel1.linux64_1.0.0.202410170706/tools/bin/../lib/gcc/arm-none-eabi/13.3.1/../../../../arm-none-eabi/lib/thumb/v6-m/nofp/libc_nano.a(libc_a-errno.o)
                0x08009be0                __errno
 .text.__libc_init_array
                0x08009bec       0x48 /opt/st/stm32cubeide_1.19.0/plugins/com.st.stm32cube.ide.mcu.externaltools.gnu-tools-for-stm32.13.3.rel1.linux64_1.0.0.202410170706/tools/bin/../lib/gcc/arm-none-eabi/13.3.1/../../../../arm-none-eabi/lib/thumb/v6-m/nofp/libc_nano.a(libc_a-init.o)
                0x08009bec                __libc_init_array
 .text.__retarget_lock_init_recursive
                0x08009c34        0x2 /opt/st/stm32cubeide_1.19.0/plugins/com.st.stm32cube.ide.mcu.externaltools.gnu-tools-for-stm32.13.3.rel1.linux64_1.0.0.202410170706/tools/bin/../lib/gcc/arm-none-eabi/13.3.1/../../../../arm-none-eabi/lib/thumb/v6-m/nofp/libc_nano.a(libc_a-lock.o)
                0x08009c34                __retarget_lock_init_recursive
 .text.__retarget_lock_acquire_recursive
                0x08009c36        0x2 /opt/st/stm32cubeide_1.19.0/plugins/com.st.stm32cube.ide.mcu.externaltools.gnu-tools-for-stm32.13.3.rel1.linux64_1.0.0.202410170706/tools/bin/../lib/gcc/arm-none-eabi/13.3.1/../../../../arm-none-eabi/lib/thumb/v6-m/nofp/libc_nano.a(libc_a-lock.o)
                0x08009c36                __retarget_lock_acquire_recursive
 .text.__retarget_lock_release_recursive
                0x08009c38        0x2 /opt/st/stm32cubeide_1.19.0/plugins/com.st.stm32cube.ide.mcu.externaltools.gnu-tools-for-stm32.13.3.rel1.linux64_1.0.0.202410170706/tools/bin/../lib/gcc/arm-none-eabi/13.3.1/../../../../arm-none-eabi/lib/thumb/v6-m/nofp/libc_nano.a(libc_a-lock.o)
                0x08009c38                __retarget_lock_release_recursive
 .text.memchr   0x08009c3a       0x16 /opt/st/stm32cubeide_1.19.0/plugins/com.st.stm32cube.ide.mcu.externaltools.gnu-tools-for-stm32.13.3.rel1.linux64_1.0.0.202410170706/tools/bin/../lib/gcc/arm-none-eabi/13.3.1/../../../../arm-none-eabi/lib/thumb/v6-m/nofp/libc_nano.a(libc_a-memchr-stub.o)
                0x08009c3a                memchr
 .text.memcpy   0x08009c50       0x12 /opt/st/stm32cubeide_1.19.0/plugins/com.st.stm32cube.ide.mcu.externaltools.gnu-tools-for-stm32.13.3.rel1.linux64_1.0.0.202410170706/tools/bin/../lib/gcc/arm-none-eabi/13.3.1/../../../../arm-none-eabi/lib/thumb/v6-m/nofp/libc_nano.a(libc_a-memcpy-stub.o)
                0x08009c50                memcpy
 .text.quorem   0x08009c62      0x10a /opt/st/stm32cubeide_1.19.0/plugins/com.st.stm32cube.ide.mcu.externaltools.gnu-tools-for-stm32.13.3.rel1.linux64_1.0.0.202410170706/tools/bin/../lib/gcc/arm-none-eabi/13.3.1/../../../../arm-none-eabi/lib/thumb/v6-m/nofp/libc_nano.a(libc_a-dtoa.o)
 .text._dtoa_r  0x08009d6c      0xbe0 /opt/st/stm32cubeide_1.19.0/plugins/com.st.stm32cube.ide.mcu.externaltools.gnu-tools-for-stm32.13.3.rel1.linux64_1.0.0.202410170706/tools/bin/../lib/gcc/arm-none-eabi/13.3.1/../../../../arm-none-eabi/lib/thumb/v6-m/nofp/libc_nano.a(libc_a-dtoa.o)
                0x08009d6c                _dtoa_r
 .text._free_r  0x0800a94c       0x94 /opt/st/stm32cubeide_1.19.0/plugins/com.st.stm32cube.ide.mcu.externaltools.gnu-tools-for-stm32.13.3.rel1.linux64_1.0.0.202410170706/tools/bin/../lib/gcc/arm-none-eabi/13.3.1/../../../../arm-none-eabi/lib/thumb/v6-m/nofp/libc_nano.a(libc_a-freer.o)
                0x0800a94c                _free_r
 .text._Balloc  0x0800a9e0       0x88 /opt/st/stm32cubeide_1.19.0/plugins/com.st.stm32cube.ide.mcu.externaltools.gnu-tools-for-stm32.13.3.rel1.linux64_1.0.0.202410170706/tools/bin/../lib/gcc/arm-none-eabi/13.3.1/../../../../arm-none-eabi/lib/thumb/v6-m/nofp/libc_nano.a(libc_a-mprec.o)
                0x0800a9e0                _Balloc
 .text._Bfree   0x0800aa68       0x48 /opt/st/stm32cubeide_1.19.0/plugins/com.st.stm32cube.ide.mcu.externaltools.gnu-tools-for-stm32.13.3.rel1.linux64_1.0.0.202410170706/tools/bin/../lib/gcc/arm-none-eabi/13.3.1/../../../../arm-none-eabi/lib/thumb/v6-m/nofp/libc_nano.a(libc_a-mprec.o)
                0x0800aa68                _Bfree
 .text.__multadd
                0x0800aab0       0x88 /opt/st/stm32cubeide_1.19.0/plugins/com.st.stm32cube.ide.mcu.externaltools.gnu-tools-for-stm32.13.3.rel1.linux64_1.0.0.202410170706/tools/bin/../lib/gcc/arm-none-eabi/13.3.1/../../../../arm-none-eabi/lib/thumb/v6-m/nofp/libc_nano.a(libc_a-mprec.o)
                0x0800aab0                __multadd
 .text.__hi0bits
                0x0800ab38       0x42 /opt/st/stm32cubeide_1.19.0/plugins/com.st.stm32cube.ide.mcu.externaltools.gnu-tools-for-stm32.13.3.rel1.linux64_1.0.0.202410170706/tools/bin/../lib/gcc/arm-none-eabi/13.3.1/../../../../arm-none-eabi/lib/thumb/v6-m/nofp/libc_nano.a(libc_a-mprec.o)
                0x0800ab38                __hi0bits
 .text.__lo0bits
                0x0800ab7a       0x5c /opt/st/stm32cubeide_1.19.0/plugins/com.st.stm32cube.ide.mcu.externaltools.gnu-tools-for-stm32.13.3.rel1.linux64_1.0.0.202410170706/tools/bin/../lib/gcc/arm-none-eabi/13.3.1/../../../../arm-none-eabi/lib/thumb/v6-m/nofp/libc_nano.a(libc_a-mprec.o)
                0x0800ab7a                __lo0bits
 *fill*         0x0800abd6        0x2 
 .text.__i2b    0x0800abd8       0x30 /opt/st/stm32cubeide_1.19.0/plugins/com.st.stm32cube.ide.mcu.externaltools.gnu-tools-for-stm32.13.3.rel1.linux64_1.0.0.202410170706/tools/bin/../lib/gcc/arm-none-eabi/13.3.1/../../../../arm-none-eabi/lib/thumb/v6-m/nofp/libc_nano.a(libc_a-mprec.o)
                0x0800abd8                __i2b
 .text.__multiply
                0x0800ac08      0x154 /opt/st/stm32cubeide_1.19.0/plugins/com.st.stm32cube.ide.mcu.externaltools.gnu-tools-for-stm32.13.3.rel1.linux64_1.0.0.202410170706/tools/bin/../lib/gcc/arm-none-eabi/13.3.1/../../../../arm-none-eabi/lib/thumb/v6-m/nofp/libc_nano.a(libc_a-mprec.o)
                0x0800ac08                __multiply
 .text.__pow5mult
                0x0800ad5c       0xb8 /opt/st/stm32cubeide_1.19.0/plugins/com.st.stm32cube.ide.mcu.externaltools.gnu-tools-for-stm32.13.3.rel1.linux64_1.0.0.202410170706/tools/bin/../lib/gcc/arm-none-eabi/13.3.1/../../../../arm-none-eabi/lib/thumb/v6-m/nofp/libc_nano.a(libc_a-mprec.o)
                0x0800ad5c                __pow5mult
 .text.__lshift
                0x0800ae14       0xd8 /opt/st/stm32cubeide_1.19.0/plugins/com.st.stm32cube.ide.mcu.externaltools.gnu-tools-for-stm32.13.3.rel1.linux64_1.0.0.202410170706/tools/bin/../lib/gcc/arm-none-eabi/13.3.1/../../../../arm-none-eabi/lib/thumb/v6-m/nofp/libc_nano.a(libc_a-mprec.o)
                0x0800ae14                __lshift
 .text.__mcmp   0x0800aeec       0x36 /opt/st/stm32cubeide_1.19.0/plugins/com.st.stm32cube.ide.mcu.externaltools.gnu-tools-for-stm32.13.3.rel1.linux64_1.0.0.202410170706/tools/bin/../lib/gcc/arm-none-eabi/13.3.1/../../../../arm-none-eabi/lib/thumb/v6-m/nofp/libc_nano.a(libc_a-mprec.o)
                0x0800aeec                __mcmp
 *fill*         0x0800af22        0x2 
 .text.__mdiff  0x0800af24      0x134 /opt/st/stm32cubeide_1.19.0/plugins/com.st.stm32cube.ide.mcu.externaltools.gnu-tools-for-stm32.13.3.rel1.linux64_1.0.0.202410170706/tools/bin/../lib/gcc/arm-none-eabi/13.3.1/../../../../arm-none-eabi/lib/thumb/v6-m/nofp/libc_nano.a(libc_a-mprec.o)
                0x0800af24                __mdiff
 .text.__d2b    0x0800b058       0xc0 /opt/st/stm32cubeide_1.19.0/plugins/com.st.stm32cube.ide.mcu.externaltools.gnu-tools-for-stm32.13.3.rel1.linux64_1.0.0.202410170706/tools/bin/../lib/gcc/arm-none-eabi/13.3.1/../../../../arm-none-eabi/lib/thumb/v6-m/nofp/libc_nano.a(libc_a-mprec.o)
                0x0800b058                __d2b
 .text.__sfputc_r
                0x0800b118       0x2a /opt/st/stm32cubeide_1.19.0/plugins/com.st.stm32cube.ide.mcu.externaltools.gnu-tools-for-stm32.13.3.rel1.linux64_1.0.0.202410170706/tools/bin/../lib/gcc/arm-none-eabi/13.3.1/../../../../arm-none-eabi/lib/thumb/v6-m/nofp/libc_nano.a(libc_a-nano-vfprintf.o)
 .text.__sfputs_r
                0x0800b142       0x24 /opt/st/stm32cubeide_1.19.0/plugins/com.st.stm32cube.ide.mcu.externaltools.gnu-tools-for-stm32.13.3.rel1.linux64_1.0.0.202410170706/tools/bin/../lib/gcc/arm-none-eabi/13.3.1/../../../../arm-none-eabi/lib/thumb/v6-m/nofp/libc_nano.a(libc_a-nano-vfprintf.o)
                0x0800b142                __sfputs_r
 *fill*         0x0800b166        0x2 
 .text._vfprintf_r
                0x0800b168      0x238 /opt/st/stm32cubeide_1.19.0/plugins/com.st.stm32cube.ide.mcu.externaltools.gnu-tools-for-stm32.13.3.rel1.linux64_1.0.0.202410170706/tools/bin/../lib/gcc/arm-none-eabi/13.3.1/../../../../arm-none-eabi/lib/thumb/v6-m/nofp/libc_nano.a(libc_a-nano-vfprintf.o)
                0x0800b168                _vfiprintf_r
                0x0800b168                _vfprintf_r
 .text.__sflush_r
                0x0800b3a0      0x10c /opt/st/stm32cubeide_1.19.0/plugins/com.st.stm32cube.ide.mcu.externaltools.gnu-tools-for-stm32.13.3.rel1.linux64_1.0.0.202410170706/tools/bin/../lib/gcc/arm-none-eabi/13.3.1/../../../../arm-none-eabi/lib/thumb/v6-m/nofp/libc_nano.a(libc_a-fflush.o)
                0x0800b3a0                __sflush_r
 .text._fflush_r
                0x0800b4ac       0x56 /opt/st/stm32cubeide_1.19.0/plugins/com.st.stm32cube.ide.mcu.externaltools.gnu-tools-for-stm32.13.3.rel1.linux64_1.0.0.202410170706/tools/bin/../lib/gcc/arm-none-eabi/13.3.1/../../../../arm-none-eabi/lib/thumb/v6-m/nofp/libc_nano.a(libc_a-fflush.o)
                0x0800b4ac                _fflush_r
 *fill*         0x0800b502        0x2 
 .text.__swhatbuf_r
                0x0800b504       0x54 /opt/st/stm32cubeide_1.19.0/plugins/com.st.stm32cube.ide.mcu.externaltools.gnu-tools-for-stm32.13.3.rel1.linux64_1.0.0.202410170706/tools/bin/../lib/gcc/arm-none-eabi/13.3.1/../../../../arm-none-eabi/lib/thumb/v6-m/nofp/libc_nano.a(libc_a-makebuf.o)
                0x0800b504                __swhatbuf_r
 .text.__smakebuf_r
                0x0800b558       0x82 /opt/st/stm32cubeide_1.19.0/plugins/com.st.stm32cube.ide.mcu.externaltools.gnu-tools-for-stm32.13.3.rel1.linux64_1.0.0.202410170706/tools/bin/../lib/gcc/arm-none-eabi/13.3.1/../../../../arm-none-eabi/lib/thumb/v6-m/nofp/libc_nano.a(libc_a-makebuf.o)
                0x0800b558                __smakebuf_r
 *fill*         0x0800b5da        0x2 
 .text._fstat_r
                0x0800b5dc       0x24 /opt/st/stm32cubeide_1.19.0/plugins/com.st.stm32cube.ide.mcu.externaltools.gnu-tools-for-stm32.13.3.rel1.linux64_1.0.0.202410170706/tools/bin/../lib/gcc/arm-none-eabi/13.3.1/../../../../arm-none-eabi/lib/thumb/v6-m/nofp/libc_nano.a(libc_a-fstatr.o)
                0x0800b5dc                _fstat_r
 .text._isatty_r
                0x0800b600       0x24 /opt/st/stm32cubeide_1.19.0/plugins/com.st.stm32cube.ide.mcu.externaltools.gnu-tools-for-stm32.13.3.rel1.linux64_1.0.0.202410170706/tools/bin/../lib/gcc/arm-none-eabi/13.3.1/../../../../arm-none-eabi/lib/thumb/v6-m/nofp/libc_nano.a(libc_a-isattyr.o)
                0x0800b600                _isatty_r
 .text.__assert_func
                0x0800b624       0x3c /opt/st/stm32cubeide_1.19.0/plugins/com.st.stm32cube.ide.mcu.externaltools.gnu-tools-for-stm32.13.3.rel1.linux64_1.0.0.202410170706/tools/bin/../lib/gcc/arm-none-eabi/13.3.1/../../../../arm-none-eabi/lib/thumb/v6-m/nofp/libc_nano.a(libc_a-assert.o)
                0x0800b624                __assert_func
 .text._calloc_r
                0x0800b660       0x5a /opt/st/stm32cubeide_1.19.0/plugins/com.st.stm32cube.ide.mcu.externaltools.gnu-tools-for-stm32.13.3.rel1.linux64_1.0.0.202410170706/tools/bin/../lib/gcc/arm-none-eabi/13.3.1/../../../../arm-none-eabi/lib/thumb/v6-m/nofp/libc_nano.a(libc_a-callocr.o)
                0x0800b660                _calloc_r
 .text.__ascii_mbtowc
                0x0800b6ba       0x24 /opt/st/stm32cubeide_1.19.0/plugins/com.st.stm32cube.ide.mcu.externaltools.gnu-tools-for-stm32.13.3.rel1.linux64_1.0.0.202410170706/tools/bin/../lib/gcc/arm-none-eabi/13.3.1/../../../../arm-none-eabi/lib/thumb/v6-m/nofp/libc_nano.a(libc_a-mbtowc_r.o)
                0x0800b6ba                __ascii_mbtowc
 .text.__ascii_wctomb
                0x0800b6de       0x1a /opt/st/stm32cubeide_1.19.0/plugins/com.st.stm32cube.ide.mcu.externaltools.gnu-tools-for-stm32.13.3.rel1.linux64_1.0.0.202410170706/tools/bin/../lib/gcc/arm-none-eabi/13.3.1/../../../../arm-none-eabi/lib/thumb/v6-m/nofp/libc_nano.a(libc_a-wctomb_r.o)
                0x0800b6de                __ascii_wctomb
 .text.fprintf  0x0800b6f8       0x20 /opt/st/stm32cubeide_1.19.0/plugins/com.st.stm32cube.ide.mcu.externaltools.gnu-tools-for-stm32.13.3.rel1.linux64_1.0.0.202410170706/tools/bin/../lib/gcc/arm-none-eabi/13.3.1/../../../../arm-none-eabi/lib/thumb/v6-m/nofp/libc_nano.a(libc_a-fprintf.o)
                0x0800b6f8                fprintf
                0x0800b6f8                fiprintf
 .text.abort    0x0800b718        0xe /opt/st/stm32cubeide_1.19.0/plugins/com.st.stm32cube.ide.mcu.externaltools.gnu-tools-for-stm32.13.3.rel1.linux64_1.0.0.202410170706/tools/bin/../lib/gcc/arm-none-eabi/13.3.1/../../../../arm-none-eabi/lib/thumb/v6-m/nofp/libc_nano.a(libc_a-abort.o)
                0x0800b718                abort
 .text._raise_r
                0x0800b726       0x52 /opt/st/stm32cubeide_1.19.0/plugins/com.st.stm32cube.ide.mcu.externaltools.gnu-tools-for-stm32.13.3.rel1.linux64_1.0.0.202410170706/tools/bin/../lib/gcc/arm-none-eabi/13.3.1/../../../../arm-none-eabi/lib/thumb/v6-m/nofp/libc_nano.a(libc_a-signal.o)
                0x0800b726                _raise_r
 .text.raise    0x0800b778       0x14 /opt/st/stm32cubeide_1.19.0/plugins/com.st.stm32cube.ide.mcu.externaltools.gnu-tools-for-stm32.13.3.rel1.linux64_1.0.0.202410170706/tools/bin/../lib/gcc/arm-none-eabi/13.3.1/../../../../arm-none-eabi/lib/thumb/v6-m/nofp/libc_nano.a(libc_a-signal.o)
                0x0800b778                raise
 .text._kill_r  0x0800b78c       0x24 /opt/st/stm32cubeide_1.19.0/plugins/com.st.stm32cube.ide.mcu.externaltools.gnu-tools-for-stm32.13.3.rel1.linux64_1.0.0.202410170706/tools/bin/../lib/gcc/arm-none-eabi/13.3.1/../../../../arm-none-eabi/lib/thumb/v6-m/nofp/libc_nano.a(libc_a-signalr.o)
                0x0800b78c                _kill_r
 .text._getpid_r
                0x0800b7b0        0x8 /opt/st/stm32cubeide_1.19.0/plugins/com.st.stm32cube.ide.mcu.externaltools.gnu-tools-for-stm32.13.3.rel1.linux64_1.0.0.202410170706/tools/bin/../lib/gcc/arm-none-eabi/13.3.1/../../../../arm-none-eabi/lib/thumb/v6-m/nofp/libc_nano.a(libc_a-signalr.o)
                0x0800b7b0                _getpid_r
 *(.glue_7)
 .glue_7        0x0800b7b8        0x0 linker stubs
 *(.glue_7t)
 .glue_7t       0x0800b7b8        0x0 linker stubs
 *(.eh_frame)
 .eh_frame      0x0800b7b8        0x0 /opt/st/stm32cubeide_1.19.0/plugins/com.st.stm32cube.ide.mcu.externaltools.gnu-tools-for-stm32.13.3.rel1.linux64_1.0.0.202410170706/tools/bin/../lib/gcc/arm-none-eabi/13.3.1/thumb/v6-m/nofp/crtbegin.o
 *(.init)
 .init          0x0800b7b8        0x4 /opt/st/stm32cubeide_1.19.0/plugins/com.st.stm32cube.ide.mcu.externaltools.gnu-tools-for-stm32.13.3.rel1.linux64_1.0.0.202410170706/tools/bin/../lib/gcc/arm-none-eabi/13.3.1/thumb/v6-m/nofp/crti.o
                0x0800b7b8                _init
 .init          0x0800b7bc        0x8 /opt/st/stm32cubeide_1.19.0/plugins/com.st.stm32cube.ide.mcu.externaltools.gnu-tools-for-stm32.13.3.rel1.linux64_1.0.0.202410170706/tools/bin/../lib/gcc/arm-none-eabi/13.3.1/thumb/v6-m/nofp/crtn.o
 *(.fini)
 .fini          0x0800b7c4        0x4 /opt/st/stm32cubeide_1.19.0/plugins/com.st.stm32cube.ide.mcu.externaltools.gnu-tools-for-stm32.13.3.rel1.linux64_1.0.0.202410170706/tools/bin/../lib/gcc/arm-none-eabi/13.3.1/thumb/v6-m/nofp/crti.o
                0x0800b7c4                _fini
 .fini          0x0800b7c8        0x8 /opt/st/stm32cubeide_1.19.0/plugins/com.st.stm32cube.ide.mcu.externaltools.gnu-tools-for-stm32.13.3.rel1.linux64_1.0.0.202410170706/tools/bin/../lib/gcc/arm-none-eabi/13.3.1/thumb/v6-m/nofp/crtn.o
                0x0800b7d0                        . = ALIGN (0x4)
                0x0800b7d0                        _etext = .

.vfp11_veneer   0x0800b7d0        0x0
 .vfp11_veneer  0x0800b7d0        0x0 linker stubs

.v4_bx          0x0800b7d0        0x0
 .v4_bx         0x0800b7d0        0x0 linker stubs

.iplt           0x0800b7d0        0x0
 .iplt          0x0800b7d0        0x0 /opt/st/stm32cubeide_1.19.0/plugins/com.st.stm32cube.ide.mcu.externaltools.gnu-tools-for-stm32.13.3.rel1.linux64_1.0.0.202410170706/tools/bin/../lib/gcc/arm-none-eabi/13.3.1/thumb/v6-m/nofp/crtbegin.o

.rodata         0x0800b7e0     0x11dc
                0x0800b7e0                        . = ALIGN (0x4)
 *(.rodata)
 .rodata        0x0800b7e0       0x9a ./Core/Src/main.o
 *fill*         0x0800b87a        0x2 
 .rodata        0x0800b87c       0x30 ./X-CUBE-AI/App/network_data.o
 .rodata        0x0800b8ac       0x40 /opt/st/stm32cubeide_1.19.0/plugins/com.st.stm32cube.ide.mcu.externaltools.gnu-tools-for-stm32.13.3.rel1.linux64_1.0.0.202410170706/tools/bin/../lib/gcc/arm-none-eabi/13.3.1/thumb/v6-m/nofp/libgcc.a(divdf3.o)
 *(.rodata*)
 .rodata.AHBPrescTable
                0x0800b8ec       0x40 ./Core/Src/system_stm32g0xx.o
                0x0800b8ec                AHBPrescTable
 .rodata.APBPrescTable
                0x0800b92c       0x20 ./Core/Src/system_stm32g0xx.o
                0x0800b92c                APBPrescTable
 .rodata.HAL_TIM_PWM_ConfigChannel
                0x0800b94c       0x54 ./Drivers/STM32G0xx_HAL_Driver/Src/stm32g0xx_hal_tim.o
 .rodata.UARTPrescTable
                0x0800b9a0       0x18 ./Drivers/STM32G0xx_HAL_Driver/Src/stm32g0xx_hal_uart.o
                0x0800b9a0                UARTPrescTable
 .rodata.numerator.1
                0x0800b9b8        0x8 ./Drivers/STM32G0xx_HAL_Driver/Src/stm32g0xx_hal_uart_ex.o
 .rodata.denominator.0
                0x0800b9c0        0x8 ./Drivers/STM32G0xx_HAL_Driver/Src/stm32g0xx_hal_uart_ex.o
 .rodata.gemm_2_chain
                0x0800b9c8        0x8 ./X-CUBE-AI/App/network.o
 .rodata.nl_1_nl_chain
                0x0800b9d0        0x8 ./X-CUBE-AI/App/network.o
 .rodata.gemm_1_chain
                0x0800b9d8        0x8 ./X-CUBE-AI/App/network.o
 .rodata.nl_0_nl_chain
                0x0800b9e0        0x8 ./X-CUBE-AI/App/network.o
 .rodata.gemm_0_chain
                0x0800b9e8        0x8 ./X-CUBE-AI/App/network.o
 *fill*         0x0800b9f0       0x10 
 .rodata.s_network_weights_array_u64
                0x0800ba00      0xc48 ./X-CUBE-AI/App/network_data_params.o
                0x0800ba00                s_network_weights_array_u64
 .rodata._printf_float.str1.1
                0x0800c648      0x171 /opt/st/stm32cubeide_1.19.0/plugins/com.st.stm32cube.ide.mcu.externaltools.gnu-tools-for-stm32.13.3.rel1.linux64_1.0.0.202410170706/tools/bin/../lib/gcc/arm-none-eabi/13.3.1/../../../../arm-none-eabi/lib/thumb/v6-m/nofp/libc_nano.a(libc_a-nano-vfprintf_float.o)
                                 0x12 (size before relaxing)
 .rodata._printf_i.str1.1
                0x0800c7b9       0x22 /opt/st/stm32cubeide_1.19.0/plugins/com.st.stm32cube.ide.mcu.externaltools.gnu-tools-for-stm32.13.3.rel1.linux64_1.0.0.202410170706/tools/bin/../lib/gcc/arm-none-eabi/13.3.1/../../../../arm-none-eabi/lib/thumb/v6-m/nofp/libc_nano.a(libc_a-nano-vfprintf_i.o)
 .rodata._dtoa_r.str1.1
                0x0800c7b9       0x8f /opt/st/stm32cubeide_1.19.0/plugins/com.st.stm32cube.ide.mcu.externaltools.gnu-tools-for-stm32.13.3.rel1.linux64_1.0.0.202410170706/tools/bin/../lib/gcc/arm-none-eabi/13.3.1/../../../../arm-none-eabi/lib/thumb/v6-m/nofp/libc_nano.a(libc_a-dtoa.o)
 .rodata._Balloc.str1.1
                0x0800c7b9       0x70 /opt/st/stm32cubeide_1.19.0/plugins/com.st.stm32cube.ide.mcu.externaltools.gnu-tools-for-stm32.13.3.rel1.linux64_1.0.0.202410170706/tools/bin/../lib/gcc/arm-none-eabi/13.3.1/../../../../arm-none-eabi/lib/thumb/v6-m/nofp/libc_nano.a(libc_a-mprec.o)
 .rodata.__multadd.str1.1
                0x0800c7b9       0x11 /opt/st/stm32cubeide_1.19.0/plugins/com.st.stm32cube.ide.mcu.externaltools.gnu-tools-for-stm32.13.3.rel1.linux64_1.0.0.202410170706/tools/bin/../lib/gcc/arm-none-eabi/13.3.1/../../../../arm-none-eabi/lib/thumb/v6-m/nofp/libc_nano.a(libc_a-mprec.o)
 *fill*         0x0800c7b9        0x3 
 .rodata.p05.0  0x0800c7bc        0xc /opt/st/stm32cubeide_1.19.0/plugins/com.st.stm32cube.ide.mcu.externaltools.gnu-tools-for-stm32.13.3.rel1.linux64_1.0.0.202410170706/tools/bin/../lib/gcc/arm-none-eabi/13.3.1/../../../../arm-none-eabi/lib/thumb/v6-m/nofp/libc_nano.a(libc_a-mprec.o)
 .rodata.__mprec_bigtens
                0x0800c7c8       0x28 /opt/st/stm32cubeide_1.19.0/plugins/com.st.stm32cube.ide.mcu.externaltools.gnu-tools-for-stm32.13.3.rel1.linux64_1.0.0.202410170706/tools/bin/../lib/gcc/arm-none-eabi/13.3.1/../../../../arm-none-eabi/lib/thumb/v6-m/nofp/libc_nano.a(libc_a-mprec.o)
                0x0800c7c8                __mprec_bigtens
 .rodata.__mprec_tens
                0x0800c7f0       0xc8 /opt/st/stm32cubeide_1.19.0/plugins/com.st.stm32cube.ide.mcu.externaltools.gnu-tools-for-stm32.13.3.rel1.linux64_1.0.0.202410170706/tools/bin/../lib/gcc/arm-none-eabi/13.3.1/../../../../arm-none-eabi/lib/thumb/v6-m/nofp/libc_nano.a(libc_a-mprec.o)
                0x0800c7f0                __mprec_tens
 .rodata._vfprintf_r.str1.1
                0x0800c8b8       0x11 /opt/st/stm32cubeide_1.19.0/plugins/com.st.stm32cube.ide.mcu.externaltools.gnu-tools-for-stm32.13.3.rel1.linux64_1.0.0.202410170706/tools/bin/../lib/gcc/arm-none-eabi/13.3.1/../../../../arm-none-eabi/lib/thumb/v6-m/nofp/libc_nano.a(libc_a-nano-vfprintf.o)
 .rodata._setlocale_r.str1.1
                0x0800c8b8        0x9 /opt/st/stm32cubeide_1.19.0/plugins/com.st.stm32cube.ide.mcu.externaltools.gnu-tools-for-stm32.13.3.rel1.linux64_1.0.0.202410170706/tools/bin/../lib/gcc/arm-none-eabi/13.3.1/../../../../arm-none-eabi/lib/thumb/v6-m/nofp/libc_nano.a(libc_a-locale.o)
 .rodata.str1.1
                0x0800c8b8        0x2 /opt/st/stm32cubeide_1.19.0/plugins/com.st.stm32cube.ide.mcu.externaltools.gnu-tools-for-stm32.13.3.rel1.linux64_1.0.0.202410170706/tools/bin/../lib/gcc/arm-none-eabi/13.3.1/../../../../arm-none-eabi/lib/thumb/v6-m/nofp/libc_nano.a(libc_a-locale.o)
 .rodata.__assert_func.str1.1
                0x0800c8b8       0x3d /opt/st/stm32cubeide_1.19.0/plugins/com.st.stm32cube.ide.mcu.externaltools.gnu-tools-for-stm32.13.3.rel1.linux64_1.0.0.202410170706/tools/bin/../lib/gcc/arm-none-eabi/13.3.1/../../../../arm-none-eabi/lib/thumb/v6-m/nofp/libc_nano.a(libc_a-assert.o)
 .rodata._ctype_
                0x0800c8b8      0x101 /opt/st/stm32cubeide_1.19.0/plugins/com.st.stm32cube.ide.mcu.externaltools.gnu-tools-for-stm32.13.3.rel1.linux64_1.0.0.202410170706/tools/bin/../lib/gcc/arm-none-eabi/13.3.1/../../../../arm-none-eabi/lib/thumb/v6-m/nofp/libc_nano.a(libc_a-ctype_.o)
                0x0800c8b8                _ctype_
                0x0800c9bc                        . = ALIGN (0x4)
 *fill*         0x0800c9b9        0x3 

.ARM.extab      0x0800c9bc        0x0
                0x0800c9bc                        . = ALIGN (0x4)
 *(.ARM.extab* .gnu.linkonce.armextab.*)
                0x0800c9bc                        . = ALIGN (0x4)

.ARM            0x0800c9bc        0x8
                0x0800c9bc                        . = ALIGN (0x4)
                0x0800c9bc                        __exidx_start = .
 *(.ARM.exidx*)
 .ARM.exidx     0x0800c9bc        0x8 /opt/st/stm32cubeide_1.19.0/plugins/com.st.stm32cube.ide.mcu.externaltools.gnu-tools-for-stm32.13.3.rel1.linux64_1.0.0.202410170706/tools/bin/../lib/gcc/arm-none-eabi/13.3.1/thumb/v6-m/nofp/libgcc.a(_udivmoddi4.o)
                0x0800c9c4                        __exidx_end = .
                0x0800c9c4                        . = ALIGN (0x4)

.preinit_array  0x0800c9c4        0x0
                0x0800c9c4                        . = ALIGN (0x4)
                0x0800c9c4                        PROVIDE (__preinit_array_start = .)
 *(.preinit_array*)
                0x0800c9c4                        PROVIDE (__preinit_array_end = .)
                0x0800c9c4                        . = ALIGN (0x4)

.init_array     0x0800c9c4        0x4
                0x0800c9c4                        . = ALIGN (0x4)
                0x0800c9c4                        PROVIDE (__init_array_start = .)
 *(SORT_BY_NAME(.init_array.*))
 *(.init_array*)
 .init_array    0x0800c9c4        0x4 /opt/st/stm32cubeide_1.19.0/plugins/com.st.stm32cube.ide.mcu.externaltools.gnu-tools-for-stm32.13.3.rel1.linux64_1.0.0.202410170706/tools/bin/../lib/gcc/arm-none-eabi/13.3.1/thumb/v6-m/nofp/crtbegin.o
                0x0800c9c8                        PROVIDE (__init_array_end = .)
                0x0800c9c8                        . = ALIGN (0x4)

.fini_array     0x0800c9c8        0x4
                0x0800c9c8                        . = ALIGN (0x4)
                [!provide]                        PROVIDE (__fini_array_start = .)
 *(SORT_BY_NAME(.fini_array.*))
 *(.fini_array*)
 .fini_array    0x0800c9c8        0x4 /opt/st/stm32cubeide_1.19.0/plugins/com.st.stm32cube.ide.mcu.externaltools.gnu-tools-for-stm32.13.3.rel1.linux64_1.0.0.202410170706/tools/bin/../lib/gcc/arm-none-eabi/13.3.1/thumb/v6-m/nofp/crtbegin.o
                [!provide]                        PROVIDE (__fini_array_end = .)
                0x0800c9cc                        . = ALIGN (0x4)
                0x0800c9cc                        _sidata = LOADADDR (.data)

.rel.dyn        0x0800c9cc        0x0
 .rel.iplt      0x0800c9cc        0x0 /opt/st/stm32cubeide_1.19.0/plugins/com.st.stm32cube.ide.mcu.externaltools.gnu-tools-for-stm32.13.3.rel1.linux64_1.0.0.202410170706/tools/bin/../lib/gcc/arm-none-eabi/13.3.1/thumb/v6-m/nofp/crtbegin.o

.data           0x20000000      0x85c load address 0x0800c9cc
                0x20000000                        . = ALIGN (0x4)
                0x20000000                        _sdata = .
 *(.data)
 *(.data*)
 .data.SystemCoreClock
                0x20000000        0x4 ./Core/Src/system_stm32g0xx.o
                0x20000000                SystemCoreClock
 .data.uwTickPrio
                0x20000004        0x4 ./Drivers/STM32G0xx_HAL_Driver/Src/stm32g0xx_hal.o
                0x20000004                uwTickPrio
 .data.uwTickFreq
                0x20000008        0x1 ./Drivers/STM32G0xx_HAL_Driver/Src/stm32g0xx_hal.o
                0x20000008                uwTickFreq
 *fill*         0x20000009        0x3 
 .data.serving_default_keras_tensor_40_output_array
                0x2000000c       0x10 ./X-CUBE-AI/App/network.o
 .data.gemm_0_output_array
                0x2000001c       0x10 ./X-CUBE-AI/App/network.o
 .data.nl_0_nl_output_array
                0x2000002c       0x10 ./X-CUBE-AI/App/network.o
 .data.gemm_1_output_array
                0x2000003c       0x10 ./X-CUBE-AI/App/network.o
 .data.nl_1_nl_output_array
                0x2000004c       0x10 ./X-CUBE-AI/App/network.o
 .data.gemm_2_output_array
                0x2000005c       0x10 ./X-CUBE-AI/App/network.o
 .data.gemm_0_weights_array
                0x2000006c       0x10 ./X-CUBE-AI/App/network.o
 .data.gemm_0_bias_array
                0x2000007c       0x10 ./X-CUBE-AI/App/network.o
 .data.gemm_1_weights_array
                0x2000008c       0x10 ./X-CUBE-AI/App/network.o
 .data.gemm_1_bias_array
                0x2000009c       0x10 ./X-CUBE-AI/App/network.o
 .data.gemm_2_weights_array
                0x200000ac       0x10 ./X-CUBE-AI/App/network.o
 .data.gemm_2_bias_array
                0x200000bc       0x10 ./X-CUBE-AI/App/network.o
 .data.__compound_literal.0
                0x200000cc       0x10 ./X-CUBE-AI/App/network.o
 .data.__compound_literal.1
                0x200000dc       0x10 ./X-CUBE-AI/App/network.o
 .data.gemm_0_bias
                0x200000ec       0x1c ./X-CUBE-AI/App/network.o
 .data.__compound_literal.2
                0x20000108       0x10 ./X-CUBE-AI/App/network.o
 .data.__compound_literal.3
                0x20000118       0x10 ./X-CUBE-AI/App/network.o
 .data.gemm_0_output
                0x20000128       0x1c ./X-CUBE-AI/App/network.o
 .data.__compound_literal.4
                0x20000144       0x10 ./X-CUBE-AI/App/network.o
 .data.__compound_literal.5
                0x20000154       0x10 ./X-CUBE-AI/App/network.o
 .data.gemm_0_weights
                0x20000164       0x1c ./X-CUBE-AI/App/network.o
 .data.__compound_literal.6
                0x20000180       0x10 ./X-CUBE-AI/App/network.o
 .data.__compound_literal.7
                0x20000190       0x10 ./X-CUBE-AI/App/network.o
 .data.gemm_1_bias
                0x200001a0       0x1c ./X-CUBE-AI/App/network.o
 .data.__compound_literal.8
                0x200001bc       0x10 ./X-CUBE-AI/App/network.o
 .data.__compound_literal.9
                0x200001cc       0x10 ./X-CUBE-AI/App/network.o
 .data.gemm_1_output
                0x200001dc       0x1c ./X-CUBE-AI/App/network.o
 .data.__compound_literal.10
                0x200001f8       0x10 ./X-CUBE-AI/App/network.o
 .data.__compound_literal.11
                0x20000208       0x10 ./X-CUBE-AI/App/network.o
 .data.gemm_1_weights
                0x20000218       0x1c ./X-CUBE-AI/App/network.o
 .data.__compound_literal.12
                0x20000234       0x10 ./X-CUBE-AI/App/network.o
 .data.__compound_literal.13
                0x20000244       0x10 ./X-CUBE-AI/App/network.o
 .data.gemm_2_bias
                0x20000254       0x1c ./X-CUBE-AI/App/network.o
 .data.__compound_literal.14
                0x20000270       0x10 ./X-CUBE-AI/App/network.o
 .data.__compound_literal.15
                0x20000280       0x10 ./X-CUBE-AI/App/network.o
 .data.gemm_2_output
                0x20000290       0x1c ./X-CUBE-AI/App/network.o
 .data.__compound_literal.16
                0x200002ac       0x10 ./X-CUBE-AI/App/network.o
 .data.__compound_literal.17
                0x200002bc       0x10 ./X-CUBE-AI/App/network.o
 .data.gemm_2_weights
                0x200002cc       0x1c ./X-CUBE-AI/App/network.o
 .data.__compound_literal.18
                0x200002e8       0x10 ./X-CUBE-AI/App/network.o
 .data.__compound_literal.19
                0x200002f8       0x10 ./X-CUBE-AI/App/network.o
 .data.nl_0_nl_output
                0x20000308       0x1c ./X-CUBE-AI/App/network.o
 .data.__compound_literal.20
                0x20000324       0x10 ./X-CUBE-AI/App/network.o
 .data.__compound_literal.21
                0x20000334       0x10 ./X-CUBE-AI/App/network.o
 .data.nl_1_nl_output
                0x20000344       0x1c ./X-CUBE-AI/App/network.o
 .data.__compound_literal.22
                0x20000360       0x10 ./X-CUBE-AI/App/network.o
 .data.__compound_literal.23
                0x20000370       0x10 ./X-CUBE-AI/App/network.o
 .data.serving_default_keras_tensor_40_output
                0x20000380       0x1c ./X-CUBE-AI/App/network.o
 .data.__compound_literal.24
                0x2000039c        0x4 ./X-CUBE-AI/App/network.o
 .data.__compound_literal.25
                0x200003a0        0x4 ./X-CUBE-AI/App/network.o
 .data.__compound_literal.26
                0x200003a4        0x8 ./X-CUBE-AI/App/network.o
 .data.__compound_literal.28
                0x200003ac       0x30 ./X-CUBE-AI/App/network.o
 .data.gemm_2_layer
                0x200003dc       0x1c ./X-CUBE-AI/App/network.o
 .data.__compound_literal.29
                0x200003f8        0x4 ./X-CUBE-AI/App/network.o
 .data.__compound_literal.30
                0x200003fc        0x4 ./X-CUBE-AI/App/network.o
 .data.__compound_literal.33
                0x20000400       0x30 ./X-CUBE-AI/App/network.o
 .data.nl_1_nl_layer
                0x20000430       0x20 ./X-CUBE-AI/App/network.o
 .data.__compound_literal.34
                0x20000450        0x4 ./X-CUBE-AI/App/network.o
 .data.__compound_literal.35
                0x20000454        0x4 ./X-CUBE-AI/App/network.o
 .data.__compound_literal.36
                0x20000458        0x8 ./X-CUBE-AI/App/network.o
 .data.__compound_literal.38
                0x20000460       0x30 ./X-CUBE-AI/App/network.o
 .data.gemm_1_layer
                0x20000490       0x1c ./X-CUBE-AI/App/network.o
 .data.__compound_literal.39
                0x200004ac        0x4 ./X-CUBE-AI/App/network.o
 .data.__compound_literal.40
                0x200004b0        0x4 ./X-CUBE-AI/App/network.o
 .data.__compound_literal.43
                0x200004b4       0x30 ./X-CUBE-AI/App/network.o
 .data.nl_0_nl_layer
                0x200004e4       0x20 ./X-CUBE-AI/App/network.o
 .data.__compound_literal.44
                0x20000504        0x4 ./X-CUBE-AI/App/network.o
 .data.__compound_literal.45
                0x20000508        0x4 ./X-CUBE-AI/App/network.o
 .data.__compound_literal.46
                0x2000050c        0x8 ./X-CUBE-AI/App/network.o
 .data.__compound_literal.48
                0x20000514       0x30 ./X-CUBE-AI/App/network.o
 .data.gemm_0_layer
                0x20000544       0x1c ./X-CUBE-AI/App/network.o
 .data.__compound_literal.49
                0x20000560       0x10 ./X-CUBE-AI/App/network.o
 .data.__compound_literal.50
                0x20000570       0x1c ./X-CUBE-AI/App/network.o
 .data.__compound_literal.51
                0x2000058c       0x10 ./X-CUBE-AI/App/network.o
 .data.__compound_literal.52
                0x2000059c       0x1c ./X-CUBE-AI/App/network.o
 .data.__compound_literal.53
                0x200005b8        0x4 ./X-CUBE-AI/App/network.o
 .data.__compound_literal.57
                0x200005bc        0xc ./X-CUBE-AI/App/network.o
 .data.__compound_literal.58
                0x200005c8        0x4 ./X-CUBE-AI/App/network.o
 .data.__compound_literal.62
                0x200005cc        0xc ./X-CUBE-AI/App/network.o
 .data.__compound_literal.63
                0x200005d8       0x18 ./X-CUBE-AI/App/network.o
 .data.g_network
                0x200005f0       0x4c ./X-CUBE-AI/App/network.o
 .data.__compound_literal.0
                0x2000063c       0x10 ./X-CUBE-AI/App/network_data.o
 .data.g_network_data_map_activations
                0x2000064c       0x1c ./X-CUBE-AI/App/network_data.o
                0x2000064c                g_network_data_map_activations
 .data.__compound_literal.1
                0x20000668       0x10 ./X-CUBE-AI/App/network_data.o
 .data.g_network_data_map_weights
                0x20000678       0x1c ./X-CUBE-AI/App/network_data.o
                0x20000678                g_network_data_map_weights
 .data.__sglue  0x20000694        0xc /opt/st/stm32cubeide_1.19.0/plugins/com.st.stm32cube.ide.mcu.externaltools.gnu-tools-for-stm32.13.3.rel1.linux64_1.0.0.202410170706/tools/bin/../lib/gcc/arm-none-eabi/13.3.1/../../../../arm-none-eabi/lib/thumb/v6-m/nofp/libc_nano.a(libc_a-findfp.o)
                0x20000694                __sglue
 .data._impure_ptr
                0x200006a0        0x4 /opt/st/stm32cubeide_1.19.0/plugins/com.st.stm32cube.ide.mcu.externaltools.gnu-tools-for-stm32.13.3.rel1.linux64_1.0.0.202410170706/tools/bin/../lib/gcc/arm-none-eabi/13.3.1/../../../../arm-none-eabi/lib/thumb/v6-m/nofp/libc_nano.a(libc_a-impure.o)
                0x200006a0                _impure_ptr
 .data._impure_data
                0x200006a4       0x4c /opt/st/stm32cubeide_1.19.0/plugins/com.st.stm32cube.ide.mcu.externaltools.gnu-tools-for-stm32.13.3.rel1.linux64_1.0.0.202410170706/tools/bin/../lib/gcc/arm-none-eabi/13.3.1/../../../../arm-none-eabi/lib/thumb/v6-m/nofp/libc_nano.a(libc_a-impure.o)
                0x200006a4                _impure_data
 .data.__global_locale
                0x200006f0      0x16c /opt/st/stm32cubeide_1.19.0/plugins/com.st.stm32cube.ide.mcu.externaltools.gnu-tools-for-stm32.13.3.rel1.linux64_1.0.0.202410170706/tools/bin/../lib/gcc/arm-none-eabi/13.3.1/../../../../arm-none-eabi/lib/thumb/v6-m/nofp/libc_nano.a(libc_a-locale.o)
                0x200006f0                __global_locale
 *(.RamFunc)
 *(.RamFunc*)
                0x2000085c                        . = ALIGN (0x4)
                0x2000085c                        _edata = .

.igot.plt       0x2000085c        0x0 load address 0x0800d228
 .igot.plt      0x2000085c        0x0 /opt/st/stm32cubeide_1.19.0/plugins/com.st.stm32cube.ide.mcu.externaltools.gnu-tools-for-stm32.13.3.rel1.linux64_1.0.0.202410170706/tools/bin/../lib/gcc/arm-none-eabi/13.3.1/thumb/v6-m/nofp/crtbegin.o
                0x2000085c                        . = ALIGN (0x4)

.bss            0x2000085c      0x4f0 load address 0x0800d228
                0x2000085c                        _sbss = .
                0x2000085c                        __bss_start__ = _sbss
 *(.bss)
 .bss           0x2000085c       0x1c /opt/st/stm32cubeide_1.19.0/plugins/com.st.stm32cube.ide.mcu.externaltools.gnu-tools-for-stm32.13.3.rel1.linux64_1.0.0.202410170706/tools/bin/../lib/gcc/arm-none-eabi/13.3.1/thumb/v6-m/nofp/crtbegin.o
 *(.bss*)
 .bss.htim2     0x20000878       0x4c ./Core/Src/main.o
                0x20000878                htim2
 .bss.huart2    0x200008c4       0x94 ./Core/Src/main.o
                0x200008c4                huart2
 .bss.network   0x20000958        0x4 ./Core/Src/main.o
                0x20000958                network
 .bss.aiInData  0x2000095c        0x4 ./Core/Src/main.o
                0x2000095c                aiInData
 .bss.aiOutData
                0x20000960        0x4 ./Core/Src/main.o
                0x20000960                aiOutData
 .bss.activations
                0x20000964      0x200 ./Core/Src/main.o
                0x20000964                activations
 .bss.ai_input  0x20000b64        0x4 ./Core/Src/main.o
                0x20000b64                ai_input
 .bss.ai_output
                0x20000b68        0x4 ./Core/Src/main.o
                0x20000b68                ai_output
 .bss.__sbrk_heap_end
                0x20000b6c        0x4 ./Core/Src/sysmem.o
 .bss.uwTick    0x20000b70        0x4 ./Drivers/STM32G0xx_HAL_Driver/Src/stm32g0xx_hal.o
                0x20000b70                uwTick
 .bss.g_network_activations_map
                0x20000b74        0x4 ./X-CUBE-AI/App/network.o
 .bss.g_network_weights_map
                0x20000b78        0x4 ./X-CUBE-AI/App/network.o
 .bss.__compound_literal.27
                0x20000b7c        0x4 ./X-CUBE-AI/App/network.o
 .bss.__compound_literal.31
                0x20000b80        0x4 ./X-CUBE-AI/App/network.o
 .bss.__compound_literal.32
                0x20000b84        0x4 ./X-CUBE-AI/App/network.o
 .bss.__compound_literal.37
                0x20000b88        0x4 ./X-CUBE-AI/App/network.o
 .bss.__compound_literal.41
                0x20000b8c        0x4 ./X-CUBE-AI/App/network.o
 .bss.__compound_literal.42
                0x20000b90        0x4 ./X-CUBE-AI/App/network.o
 .bss.__compound_literal.47
                0x20000b94        0x4 ./X-CUBE-AI/App/network.o
 .bss.__compound_literal.54
                0x20000b98       0x1c ./X-CUBE-AI/App/network.o
 .bss.__compound_literal.55
                0x20000bb4       0x10 ./X-CUBE-AI/App/network.o
 .bss.__compound_literal.56
                0x20000bc4        0x8 ./X-CUBE-AI/App/network.o
 .bss.__compound_literal.59
                0x20000bcc       0x1c ./X-CUBE-AI/App/network.o
 .bss.__compound_literal.60
                0x20000be8       0x10 ./X-CUBE-AI/App/network.o
 .bss.__compound_literal.61
                0x20000bf8        0x8 ./X-CUBE-AI/App/network.o
 .bss.__malloc_sbrk_start
                0x20000c00        0x4 /opt/st/stm32cubeide_1.19.0/plugins/com.st.stm32cube.ide.mcu.externaltools.gnu-tools-for-stm32.13.3.rel1.linux64_1.0.0.202410170706/tools/bin/../lib/gcc/arm-none-eabi/13.3.1/../../../../arm-none-eabi/lib/thumb/v6-m/nofp/libc_nano.a(libc_a-mallocr.o)
                0x20000c00                __malloc_sbrk_start
 .bss.__malloc_free_list
                0x20000c04        0x4 /opt/st/stm32cubeide_1.19.0/plugins/com.st.stm32cube.ide.mcu.externaltools.gnu-tools-for-stm32.13.3.rel1.linux64_1.0.0.202410170706/tools/bin/../lib/gcc/arm-none-eabi/13.3.1/../../../../arm-none-eabi/lib/thumb/v6-m/nofp/libc_nano.a(libc_a-mallocr.o)
                0x20000c04                __malloc_free_list
 .bss.__sf      0x20000c08      0x138 /opt/st/stm32cubeide_1.19.0/plugins/com.st.stm32cube.ide.mcu.externaltools.gnu-tools-for-stm32.13.3.rel1.linux64_1.0.0.202410170706/tools/bin/../lib/gcc/arm-none-eabi/13.3.1/../../../../arm-none-eabi/lib/thumb/v6-m/nofp/libc_nano.a(libc_a-findfp.o)
                0x20000c08                __sf
 .bss.__stdio_exit_handler
                0x20000d40        0x4 /opt/st/stm32cubeide_1.19.0/plugins/com.st.stm32cube.ide.mcu.externaltools.gnu-tools-for-stm32.13.3.rel1.linux64_1.0.0.202410170706/tools/bin/../lib/gcc/arm-none-eabi/13.3.1/../../../../arm-none-eabi/lib/thumb/v6-m/nofp/libc_nano.a(libc_a-findfp.o)
                0x20000d40                __stdio_exit_handler
 .bss.errno     0x20000d44        0x4 /opt/st/stm32cubeide_1.19.0/plugins/com.st.stm32cube.ide.mcu.externaltools.gnu-tools-for-stm32.13.3.rel1.linux64_1.0.0.202410170706/tools/bin/../lib/gcc/arm-none-eabi/13.3.1/../../../../arm-none-eabi/lib/thumb/v6-m/nofp/libc_nano.a(libc_a-reent.o)
                0x20000d44                errno
 .bss.__lock___malloc_recursive_mutex
                0x20000d48        0x1 /opt/st/stm32cubeide_1.19.0/plugins/com.st.stm32cube.ide.mcu.externaltools.gnu-tools-for-stm32.13.3.rel1.linux64_1.0.0.202410170706/tools/bin/../lib/gcc/arm-none-eabi/13.3.1/../../../../arm-none-eabi/lib/thumb/v6-m/nofp/libc_nano.a(libc_a-lock.o)
                0x20000d48                __lock___malloc_recursive_mutex
 .bss.__lock___sfp_recursive_mutex
                0x20000d49        0x1 /opt/st/stm32cubeide_1.19.0/plugins/com.st.stm32cube.ide.mcu.externaltools.gnu-tools-for-stm32.13.3.rel1.linux64_1.0.0.202410170706/tools/bin/../lib/gcc/arm-none-eabi/13.3.1/../../../../arm-none-eabi/lib/thumb/v6-m/nofp/libc_nano.a(libc_a-lock.o)
                0x20000d49                __lock___sfp_recursive_mutex
 *(COMMON)
                0x20000d4c                        . = ALIGN (0x4)
 *fill*         0x20000d4a        0x2 
                0x20000d4c                        _ebss = .
                0x20000d4c                        __bss_end__ = _ebss

._user_heap_stack
                0x20000d4c     0x1004 load address 0x0800d228
                0x20000d50                        . = ALIGN (0x8)
 *fill*         0x20000d4c        0x4 
                [!provide]                        PROVIDE (end = .)
                0x20000d50                        PROVIDE (_end = .)
                0x20001550                        . = (. + _Min_Heap_Size)
 *fill*         0x20000d50      0x800 
                0x20001d50                        . = (. + _Min_Stack_Size)
 *fill*         0x20001550      0x800 
                0x20001d50                        . = ALIGN (0x8)

/DISCARD/
 libc.a(*)
 libm.a(*)
 libgcc.a(*)

.ARM.attributes
                0x00000000       0x28
 *(.ARM.attributes)
 .ARM.attributes
                0x00000000       0x1e /opt/st/stm32cubeide_1.19.0/plugins/com.st.stm32cube.ide.mcu.externaltools.gnu-tools-for-stm32.13.3.rel1.linux64_1.0.0.202410170706/tools/bin/../lib/gcc/arm-none-eabi/13.3.1/thumb/v6-m/nofp/crti.o
 .ARM.attributes
                0x0000001e       0x2c /opt/st/stm32cubeide_1.19.0/plugins/com.st.stm32cube.ide.mcu.externaltools.gnu-tools-for-stm32.13.3.rel1.linux64_1.0.0.202410170706/tools/bin/../lib/gcc/arm-none-eabi/13.3.1/thumb/v6-m/nofp/crtbegin.o
 .ARM.attributes
                0x0000004a       0x2c ./Core/Src/main.o
 .ARM.attributes
                0x00000076       0x2c ./Core/Src/stm32g0xx_hal_msp.o
 .ARM.attributes
                0x000000a2       0x2c ./Core/Src/stm32g0xx_it.o
 .ARM.attributes
                0x000000ce       0x2c ./Core/Src/syscalls_.o
 .ARM.attributes
                0x000000fa       0x2c ./Core/Src/sysmem.o
 .ARM.attributes
                0x00000126       0x2c ./Core/Src/system_stm32g0xx.o
 .ARM.attributes
                0x00000152       0x22 ./Core/Startup/startup_stm32g071rbtx.o