Archive member included to satisfy reference by file (symbol)

C:/ST/STM32CubeIDE_2.0.0/STM32CubeIDE/plugins/com.st.stm32cube.ide.mcu.externaltools.gnu-tools-for-stm32.13.3.rel1.win32_1.0.100.202509120712/tools/bin/../lib/gcc/arm-none-eabi/13.3.1/../../../../arm-none-eabi/lib/thumb/v8-m.main+dp/hard\libc_nano.a(libc_a-exit.o)
                              C:/ST/STM32CubeIDE_2.0.0/STM32CubeIDE/plugins/com.st.stm32cube.ide.mcu.externaltools.gnu-tools-for-stm32.13.3.rel1.win32_1.0.100.202509120712/tools/bin/../lib/gcc/arm-none-eabi/13.3.1/../../../../arm-none-eabi/lib/thumb/v8-m.main+dp/hard/crt0.o (exit)
C:/ST/STM32CubeIDE_2.0.0/STM32CubeIDE/plugins/com.st.stm32cube.ide.mcu.externaltools.gnu-tools-for-stm32.13.3.rel1.win32_1.0.100.202509120712/tools/bin/../lib/gcc/arm-none-eabi/13.3.1/../../../../arm-none-eabi/lib/thumb/v8-m.main+dp/hard\libc_nano.a(libc_a-findfp.o)
                              C:/ST/STM32CubeIDE_2.0.0/STM32CubeIDE/plugins/com.st.stm32cube.ide.mcu.externaltools.gnu-tools-for-stm32.13.3.rel1.win32_1.0.100.202509120712/tools/bin/../lib/gcc/arm-none-eabi/13.3.1/../../../../arm-none-eabi/lib/thumb/v8-m.main+dp/hard\libc_nano.a(libc_a-exit.o) (__stdio_exit_handler)
C:/ST/STM32CubeIDE_2.0.0/STM32CubeIDE/plugins/com.st.stm32cube.ide.mcu.externaltools.gnu-tools-for-stm32.13.3.rel1.win32_1.0.100.202509120712/tools/bin/../lib/gcc/arm-none-eabi/13.3.1/../../../../arm-none-eabi/lib/thumb/v8-m.main+dp/hard\libc_nano.a(libc_a-fwalk.o)
                              C:/ST/STM32CubeIDE_2.0.0/STM32CubeIDE/plugins/com.st.stm32cube.ide.mcu.externaltools.gnu-tools-for-stm32.13.3.rel1.win32_1.0.100.202509120712/tools/bin/../lib/gcc/arm-none-eabi/13.3.1/../../../../arm-none-eabi/lib/thumb/v8-m.main+dp/hard\libc_nano.a(libc_a-findfp.o) (_fwalk_sglue)
C:/ST/STM32CubeIDE_2.0.0/STM32CubeIDE/plugins/com.st.stm32cube.ide.mcu.externaltools.gnu-tools-for-stm32.13.3.rel1.win32_1.0.100.202509120712/tools/bin/../lib/gcc/arm-none-eabi/13.3.1/../../../../arm-none-eabi/lib/thumb/v8-m.main+dp/hard\libc_nano.a(libc_a-stdio.o)
                              C:/ST/STM32CubeIDE_2.0.0/STM32CubeIDE/plugins/com.st.stm32cube.ide.mcu.externaltools.gnu-tools-for-stm32.13.3.rel1.win32_1.0.100.202509120712/tools/bin/../lib/gcc/arm-none-eabi/13.3.1/../../../../arm-none-eabi/lib/thumb/v8-m.main+dp/hard\libc_nano.a(libc_a-findfp.o) (__sread)
C:/ST/STM32CubeIDE_2.0.0/STM32CubeIDE/plugins/com.st.stm32cube.ide.mcu.externaltools.gnu-tools-for-stm32.13.3.rel1.win32_1.0.100.202509120712/tools/bin/../lib/gcc/arm-none-eabi/13.3.1/../../../../arm-none-eabi/lib/thumb/v8-m.main+dp/hard\libc_nano.a(libc_a-memset.o)
                              C:/ST/STM32CubeIDE_2.0.0/STM32CubeIDE/plugins/com.st.stm32cube.ide.mcu.externaltools.gnu-tools-for-stm32.13.3.rel1.win32_1.0.100.202509120712/tools/bin/../lib/gcc/arm-none-eabi/13.3.1/../../../../arm-none-eabi/lib/thumb/v8-m.main+dp/hard/crt0.o (memset)
C:/ST/STM32CubeIDE_2.0.0/STM32CubeIDE/plugins/com.st.stm32cube.ide.mcu.externaltools.gnu-tools-for-stm32.13.3.rel1.win32_1.0.100.202509120712/tools/bin/../lib/gcc/arm-none-eabi/13.3.1/../../../../arm-none-eabi/lib/thumb/v8-m.main+dp/hard\libc_nano.a(libc_a-closer.o)
                              C:/ST/STM32CubeIDE_2.0.0/STM32CubeIDE/plugins/com.st.stm32cube.ide.mcu.externaltools.gnu-tools-for-stm32.13.3.rel1.win32_1.0.100.202509120712/tools/bin/../lib/gcc/arm-none-eabi/13.3.1/../../../../arm-none-eabi/lib/thumb/v8-m.main+dp/hard\libc_nano.a(libc_a-stdio.o) (_close_r)
C:/ST/STM32CubeIDE_2.0.0/STM32CubeIDE/plugins/com.st.stm32cube.ide.mcu.externaltools.gnu-tools-for-stm32.13.3.rel1.win32_1.0.100.202509120712/tools/bin/../lib/gcc/arm-none-eabi/13.3.1/../../../../arm-none-eabi/lib/thumb/v8-m.main+dp/hard\libc_nano.a(libc_a-reent.o)
                              C:/ST/STM32CubeIDE_2.0.0/STM32CubeIDE/plugins/com.st.stm32cube.ide.mcu.externaltools.gnu-tools-for-stm32.13.3.rel1.win32_1.0.100.202509120712/tools/bin/../lib/gcc/arm-none-eabi/13.3.1/../../../../arm-none-eabi/lib/thumb/v8-m.main+dp/hard\libc_nano.a(libc_a-closer.o) (errno)
C:/ST/STM32CubeIDE_2.0.0/STM32CubeIDE/plugins/com.st.stm32cube.ide.mcu.externaltools.gnu-tools-for-stm32.13.3.rel1.win32_1.0.100.202509120712/tools/bin/../lib/gcc/arm-none-eabi/13.3.1/../../../../arm-none-eabi/lib/thumb/v8-m.main+dp/hard\libc_nano.a(libc_a-impure.o)
                              C:/ST/STM32CubeIDE_2.0.0/STM32CubeIDE/plugins/com.st.stm32cube.ide.mcu.externaltools.gnu-tools-for-stm32.13.3.rel1.win32_1.0.100.202509120712/tools/bin/../lib/gcc/arm-none-eabi/13.3.1/../../../../arm-none-eabi/lib/thumb/v8-m.main+dp/hard\libc_nano.a(libc_a-reent.o) (_impure_ptr)
C:/ST/STM32CubeIDE_2.0.0/STM32CubeIDE/plugins/com.st.stm32cube.ide.mcu.externaltools.gnu-tools-for-stm32.13.3.rel1.win32_1.0.100.202509120712/tools/bin/../lib/gcc/arm-none-eabi/13.3.1/../../../../arm-none-eabi/lib/thumb/v8-m.main+dp/hard\libc_nano.a(libc_a-lseekr.o)
[...]
Memory Configuration

Name             Origin             Length             Attributes
ROM              0x34180400         0x0005fc00         xrw
RAM              0x341e0000         0x00020000         xrw
*default*        0x00000000         0xffffffff

Linker script and memory map

LOAD C:/ST/STM32CubeIDE_2.0.0/STM32CubeIDE/plugins/com.st.stm32cube.ide.mcu.externaltools.gnu-tools-for-stm32.13.3.rel1.win32_1.0.100.202509120712/tools/bin/../lib/gcc/arm-none-eabi/13.3.1/thumb/v8-m.main+dp/hard/crti.o
LOAD C:/ST/STM32CubeIDE_2.0.0/STM32CubeIDE/plugins/com.st.stm32cube.ide.mcu.externaltools.gnu-tools-for-stm32.13.3.rel1.win32_1.0.100.202509120712/tools/bin/../lib/gcc/arm-none-eabi/13.3.1/thumb/v8-m.main+dp/hard/crtbegin.o
LOAD C:/ST/STM32CubeIDE_2.0.0/STM32CubeIDE/plugins/com.st.stm32cube.ide.mcu.externaltools.gnu-tools-for-stm32.13.3.rel1.win32_1.0.100.202509120712/tools/bin/../lib/gcc/arm-none-eabi/13.3.1/../../../../arm-none-eabi/lib/thumb/v8-m.main+dp/hard/crt0.o
LOAD ./Application/User/Core/audio_data.o
LOAD ./Application/User/Core/main.o
LOAD ./Application/User/Core/stm32n6xx_hal_msp.o
LOAD ./Application/User/Core/stm32n6xx_it.o
LOAD ./Application/User/Core/syscalls.o
LOAD ./Application/User/Core/sysmem.o
LOAD ./Application/User/Core/wm8904.o
LOAD ./Application/User/Core/wm8904_reg.o
LOAD ./Application/User/Startup/startup_stm32n657x0hxq_fsbl.o
LOAD ./Drivers/CMSIS/system_stm32n6xx_fsbl.o
LOAD ./Drivers/STM32N6xx_HAL_Driver/stm32n6xx_hal.o
LOAD ./Drivers/STM32N6xx_HAL_Driver/stm32n6xx_hal_cortex.o
LOAD ./Drivers/STM32N6xx_HAL_Driver/stm32n6xx_hal_dma.o
LOAD ./Drivers/STM32N6xx_HAL_Driver/stm32n6xx_hal_dma_ex.o
LOAD ./Drivers/STM32N6xx_HAL_Driver/stm32n6xx_hal_exti.o
LOAD ./Drivers/STM32N6xx_HAL_Driver/stm32n6xx_hal_gpio.o
LOAD ./Drivers/STM32N6xx_HAL_Driver/stm32n6xx_hal_i2c.o
LOAD ./Drivers/STM32N6xx_HAL_Driver/stm32n6xx_hal_i2c_ex.o
LOAD ./Drivers/STM32N6xx_HAL_Driver/stm32n6xx_hal_pwr.o
LOAD ./Drivers/STM32N6xx_HAL_Driver/stm32n6xx_hal_pwr_ex.o
LOAD ./Drivers/STM32N6xx_HAL_Driver/stm32n6xx_hal_rcc.o
LOAD ./Drivers/STM32N6xx_HAL_Driver/stm32n6xx_hal_rcc_ex.o
LOAD ./Drivers/STM32N6xx_HAL_Driver/stm32n6xx_hal_sai.o
LOAD ./Drivers/STM32N6xx_HAL_Driver/stm32n6xx_hal_sai_ex.o
START GROUP
LOAD C:/ST/STM32CubeIDE_2.0.0/STM32CubeIDE/plugins/com.st.stm32cube.ide.mcu.externaltools.gnu-tools-for-stm32.13.3.rel1.win32_1.0.100.202509120712/tools/bin/../lib/gcc/arm-none-eabi/13.3.1/../../../../arm-none-eabi/lib/thumb/v8-m.main+dp/hard\libc_nano.a
LOAD C:/ST/STM32CubeIDE_2.0.0/STM32CubeIDE/plugins/com.st.stm32cube.ide.mcu.externaltools.gnu-tools-for-stm32.13.3.rel1.win32_1.0.100.202509120712/tools/bin/../lib/gcc/arm-none-eabi/13.3.1/../../../../arm-none-eabi/lib/thumb/v8-m.main+dp/hard\libm.a
END GROUP
START GROUP
LOAD C:/ST/STM32CubeIDE_2.0.0/STM32CubeIDE/plugins/com.st.stm32cube.ide.mcu.externaltools.gnu-tools-for-stm32.13.3.rel1.win32_1.0.100.202509120712/tools/bin/../lib/gcc/arm-none-eabi/13.3.1/thumb/v8-m.main+dp/hard\libgcc.a
LOAD C:/ST/STM32CubeIDE_2.0.0/STM32CubeIDE/plugins/com.st.stm32cube.ide.mcu.externaltools.gnu-tools-for-stm32.13.3.rel1.win32_1.0.100.202509120712/tools/bin/../lib/gcc/arm-none-eabi/13.3.1/../../../../arm-none-eabi/lib/thumb/v8-m.main+dp/hard\libc_nano.a
END GROUP
START GROUP
LOAD C:/ST/STM32CubeIDE_2.0.0/STM32CubeIDE/plugins/com.st.stm32cube.ide.mcu.externaltools.gnu-tools-for-stm32.13.3.rel1.win32_1.0.100.202509120712/tools/bin/../lib/gcc/arm-none-eabi/13.3.1/thumb/v8-m.main+dp/hard\libgcc.a
LOAD C:/ST/STM32CubeIDE_2.0.0/STM32CubeIDE/plugins/com.st.stm32cube.ide.mcu.externaltools.gnu-tools-for-stm32.13.3.rel1.win32_1.0.100.202509120712/tools/bin/../lib/gcc/arm-none-eabi/13.3.1/../../../../arm-none-eabi/lib/thumb/v8-m.main+dp/hard\libc_nano.a
LOAD C:/ST/STM32CubeIDE_2.0.0/STM32CubeIDE/plugins/com.st.stm32cube.ide.mcu.externaltools.gnu-tools-for-stm32.13.3.rel1.win32_1.0.100.202509120712/tools/bin/../lib/gcc/arm-none-eabi/13.3.1/../../../../arm-none-eabi/lib/thumb/v8-m.main+dp/hard\libnosys.a
END GROUP
START GROUP
LOAD C:/ST/STM32CubeIDE_2.0.0/STM32CubeIDE/plugins/com.st.stm32cube.ide.mcu.externaltools.gnu-tools-for-stm32.13.3.rel1.win32_1.0.100.202509120712/tools/bin/../lib/gcc/arm-none-eabi/13.3.1/thumb/v8-m.main+dp/hard\libgcc.a
LOAD C:/ST/STM32CubeIDE_2.0.0/STM32CubeIDE/plugins/com.st.stm32cube.ide.mcu.externaltools.gnu-tools-for-stm32.13.3.rel1.win32_1.0.100.202509120712/tools/bin/../lib/gcc/arm-none-eabi/13.3.1/../../../../arm-none-eabi/lib/thumb/v8-m.main+dp/hard\libc_nano.a
LOAD C:/ST/STM32CubeIDE_2.0.0/STM32CubeIDE/plugins/com.st.stm32cube.ide.mcu.externaltools.gnu-tools-for-stm32.13.3.rel1.win32_1.0.100.202509120712/tools/bin/../lib/gcc/arm-none-eabi/13.3.1/../../../../arm-none-eabi/lib/thumb/v8-m.main+dp/hard\libnosys.a
END GROUP
LOAD C:/ST/STM32CubeIDE_2.0.0/STM32CubeIDE/plugins/com.st.stm32cube.ide.mcu.externaltools.gnu-tools-for-stm32.13.3.rel1.win32_1.0.100.202509120712/tools/bin/../lib/gcc/arm-none-eabi/13.3.1/thumb/v8-m.main+dp/hard/crtend.o
LOAD C:/ST/STM32CubeIDE_2.0.0/STM32CubeIDE/plugins/com.st.stm32cube.ide.mcu.externaltools.gnu-tools-for-stm32.13.3.rel1.win32_1.0.100.202509120712/tools/bin/../lib/gcc/arm-none-eabi/13.3.1/thumb/v8-m.main+dp/hard/crtn.o
                0x34200000                        _estack = (ORIGIN (RAM) + LENGTH (RAM))
                0x341ff800                        _sstack = (_estack - _Min_Stack_Size)
                0x00000200                        _Min_Heap_Size = 0x200
                0x00000800                        _Min_Stack_Size = 0x800

.isr_vector     0x34180400      0x34c
                0x34180400                        . = ALIGN (0x4)
 *(.isr_vector)
 .isr_vector    0x34180400      0x34c ./Application/User/Startup/startup_stm32n657x0hxq_fsbl.o
                0x34180400                g_pfnVectors
                0x3418074c                        . = ALIGN (0x4)

.text           0x3418074c     0xf15c
                0x3418074c                        . = ALIGN (0x4)
 *(.text)
 .text          0x3418074c       0x40 C:/ST/STM32CubeIDE_2.0.0/STM32CubeIDE/plugins/com.st.stm32cube.ide.mcu.externaltools.gnu-tools-for-stm32.13.3.rel1.win32_1.0.100.202509120712/tools/bin/../lib/gcc/arm-none-eabi/13.3.1/thumb/v8-m.main+dp/hard/crtbegin.o
 *(.text*)
 .text.LL_AHB1_GRP1_EnableClock
                0x3418078c       0x2c ./Application/User/Core/main.o
 .text.LL_AHB3_GRP1_EnableClock
                0x341807b8       0x2c ./Application/User/Core/main.o
 .text.LL_AHB4_GRP1_EnableClock
                0x341807e4       0x2c ./Application/User/Core/main.o
 .text.I2C2_WriteReg
                0x34180810       0x48 ./Application/User/Core/main.o
 .text.I2C2_ReadReg
                0x34180858       0x48 ./Application/User/Core/main.o
 .text.WM8904_I2C2_Init
                0x341808a0       0x28 ./Application/User/Core/main.o
                0x341808a0                WM8904_I2C2_Init
 .text.WM8904_I2C2_DeInit
                0x341808c8       0x28 ./Application/User/Core/main.o
                0x341808c8                WM8904_I2C2_DeInit
 .text.WM8904_I2C2_WriteReg
                0x341808f0       0x4c ./Application/User/Core/main.o
                0x341808f0                WM8904_I2C2_WriteReg
 .text.WM8904_I2C2_ReadReg
                0x3418093c       0x4c ./Application/User/Core/main.o
                0x3418093c                WM8904_I2C2_ReadReg
 .text.WM8904_GetTick
                0x34180988        0xe ./Application/User/Core/main.o
                0x34180988                WM8904_GetTick
 *fill*         0x34180996        0x2 
 .text.WM8904_Probe
                0x34180998       0x98 ./Application/User/Core/main.o
 .text.main     0x34180a30       0xe8 ./Application/User/Core/main.o
                0x34180a30                main
 .text.SystemClock_Config
                0x34180b18      0x17c ./Application/User/Core/main.o
                0x34180b18                SystemClock_Config
 .text.MX_GPDMA1_Init
                0x34180c94       0x1e ./Application/User/Core/main.o
 *fill*         0x34180cb2        0x2 
 .text.MX_I2C2_Init
                0x34180cb4       0x80 ./Application/User/Core/main.o
 .text.MX_SAI1_Init
                0x34180d34       0xd8 ./Application/User/Core/main.o
 .text.MX_GPIO_Init
                0x34180e0c       0x1a ./Application/User/Core/main.o
 *fill*         0x34180e26        0x2 
 .text.SystemIsolation_Config
                0x34180e28       0x28 ./Application/User/Core/main.o
 .text.HAL_SAI_TxCpltCallback
                0x34180e50       0x24 ./Application/User/Core/main.o
                0x34180e50                HAL_SAI_TxCpltCallback
 .text.Error_Handler
                0x34180e74        0xc ./Application/User/Core/main.o
                0x34180e74                Error_Handler
 .text.LL_AHB4_GRP1_EnableClock
                0x34180e80       0x2c ./Application/User/Core/stm32n6xx_hal_msp.o
 .text.LL_APB1_GRP1_EnableClock
                0x34180eac       0x2c ./Application/User/Core/stm32n6xx_hal_msp.o
 .text.LL_APB1_GRP1_DisableClock
                0x34180ed8       0x28 ./Application/User/Core/stm32n6xx_hal_msp.o
 .text.LL_APB2_GRP1_EnableClock
                0x34180f00       0x2c ./Application/User/Core/stm32n6xx_hal_msp.o
 .text.HAL_MspInit
                0x34180f2c        0xe ./Application/User/Core/stm32n6xx_hal_msp.o
                0x34180f2c                HAL_MspInit
 *fill*         0x34180f3a        0x2 
 .text.HAL_I2C_MspInit
                0x34180f3c       0xd0 ./Application/User/Core/stm32n6xx_hal_msp.o
                0x34180f3c                HAL_I2C_MspInit
 .text.HAL_I2C_MspDeInit
                0x3418100c       0x3c ./Application/User/Core/stm32n6xx_hal_msp.o
                0x3418100c                HAL_I2C_MspDeInit
 .text.HAL_SAI_MspInit
                0x34181048      0x1a8 ./Application/User/Core/stm32n6xx_hal_msp.o
                0x34181048                HAL_SAI_MspInit
 .text.NMI_Handler
                0x341811f0        0x8 ./Application/User/Core/stm32n6xx_it.o
                0x341811f0                NMI_Handler
 .text.HardFault_Handler
                0x341811f8        0x8 ./Application/User/Core/stm32n6xx_it.o
                0x341811f8                HardFault_Handler
 .text.MemManage_Handler
                0x34181200        0x8 ./Application/User/Core/stm32n6xx_it.o
                0x34181200                MemManage_Handler
 .text.BusFault_Handler
                0x34181208        0x8 ./Application/User/Core/stm32n6xx_it.o
                0x34181208                BusFault_Handler
 .text.UsageFault_Handler
                0x34181210        0x8 ./Application/User/Core/stm32n6xx_it.o
                0x34181210                UsageFault_Handler
 .text.SecureFault_Handler
                0x34181218        0x8 ./Application/User/Core/stm32n6xx_it.o
                0x34181218                SecureFault_Handler
 .text.SVC_Handler
                0x34181220        0xe ./Application/User/Core/stm32n6xx_it.o
                0x34181220                SVC_Handler
 .text.DebugMon_Handler
                0x3418122e        0xe ./Application/User/Core/stm32n6xx_it.o
                0x3418122e                DebugMon_Handler
 .text.PendSV_Handler
                0x3418123c        0xe ./Application/User/Core/stm32n6xx_it.o
                0x3418123c                PendSV_Handler
 .text.SysTick_Handler
                0x3418124a        0xc ./Application/User/Core/stm32n6xx_it.o
                0x3418124a                SysTick_Handler
 *fill*         0x34181256        0x2 
 .text.GPDMA1_Channel0_IRQHandler
                0x34181258       0x14 ./Application/User/Core/stm32n6xx_it.o
                0x34181258                GPDMA1_Channel0_IRQHandler
 .text.WM8904_Init
                0x3418126c      0x65c ./Application/User/Core/wm8904.o
                0x3418126c                WM8904_Init
 .text.WM8904_DeInit
                0x341818c8      0x1ea ./Application/User/Core/wm8904.o
                0x341818c8                WM8904_DeInit
 .text.WM8904_ReadID
                0x34181ab2       0x36 ./Application/User/Core/wm8904.o
                0x34181ab2                WM8904_ReadID
 .text.WM8904_Play
                0x34181ae8       0xe4 ./Application/User/Core/wm8904.o
                0x34181ae8                WM8904_Play
 .text.WM8904_Pause
                0x34181bcc       0x1a ./Application/User/Core/wm8904.o
                0x34181bcc                WM8904_Pause
 .text.WM8904_Resume
                0x34181be6       0x1a ./Application/User/Core/wm8904.o
                0x34181be6                WM8904_Resume
 .text.WM8904_Stop
                0x34181c00       0x32 ./Application/User/Core/wm8904.o
                0x34181c00                WM8904_Stop
 .text.WM8904_SetVolume
                0x34181c32       0x7a ./Application/User/Core/wm8904.o
                0x34181c32                WM8904_SetVolume
 .text.WM8904_GetVolume
                0x34181cac       0x56 ./Application/User/Core/wm8904.o
                0x34181cac                WM8904_GetVolume
 *fill*         0x34181d02        0x2 
 .text.WM8904_SetMute
                0x34181d04      0x138 ./Application/User/Core/wm8904.o
                0x34181d04                WM8904_SetMute
 .text.WM8904_SetOutputMode
                0x34181e3c       0x1a ./Application/User/Core/wm8904.o
                0x34181e3c                WM8904_SetOutputMode
 .text.WM8904_SetResolution
                0x34181e56       0x1a ./Application/User/Core/wm8904.o
                0x34181e56                WM8904_SetResolution
 .text.WM8904_GetResolution
                0x34181e70       0x64 ./Application/User/Core/wm8904.o
                0x34181e70                WM8904_GetResolution
 .text.WM8904_SetProtocol
                0x34181ed4       0x1a ./Application/User/Core/wm8904.o
                0x34181ed4                WM8904_SetProtocol
 .text.WM8904_GetProtocol
                0x34181eee       0x32 ./Application/User/Core/wm8904.o
                0x34181eee                WM8904_GetProtocol
 .text.WM8904_SetFrequency
                0x34181f20      0x14e ./Application/User/Core/wm8904.o
                0x34181f20                WM8904_SetFrequency
 *fill*         0x3418206e        0x2 
 .text.WM8904_GetFrequency
                0x34182070       0x98 ./Application/User/Core/wm8904.o
                0x34182070                WM8904_GetFrequency
 .text.WM8904_Reset
                0x34182108       0x2a ./Application/User/Core/wm8904.o
                0x34182108                WM8904_Reset
 *fill*         0x34182132        0x2 
 .text.WM8904_RegisterBusIO
                0x34182134       0x84 ./Application/User/Core/wm8904.o
                0x34182134                WM8904_RegisterBusIO
 .text.WM8904_Delay
                0x341821b8       0x34 ./Application/User/Core/wm8904.o
 .text.WM8904_ReadRegWrap
                0x341821ec       0x32 ./Application/User/Core/wm8904.o
 .text.WM8904_WriteRegWrap
                0x3418221e       0x32 ./Application/User/Core/wm8904.o
 .text.wm8904_read_reg
                0x34182250       0x52 ./Application/User/Core/wm8904_reg.o
                0x34182250                wm8904_read_reg
 .text.wm8904_write_reg
                0x341822a2       0x4a ./Application/User/Core/wm8904_reg.o
                0x341822a2                wm8904_write_reg
 .text.Reset_Handler
                0x341822ec       0x5c ./Application/User/Startup/startup_stm32n657x0hxq_fsbl.o
                0x341822ec                Reset_Handler
 .text.Default_Handler
                0x34182348        0x2 ./Application/User/Startup/startup_stm32n657x0hxq_fsbl.o
                0x34182348                HPDMA1_Channel13_IRQHandler
                0x34182348                EXTI2_IRQHandler
                0x34182348                MCE2_IRQHandler
                0x34182348                TIM8_CC_IRQHandler
                0x34182348                USB2_OTG_HS_IRQHandler
                0x34182348                SAI1_A_IRQHandler
                0x34182348                EXTI5_IRQHandler
                0x34182348                I3C1_ER_IRQHandler
                0x34182348                UART8_IRQHandler
                0x34182348                CTI_INT0_IRQHandler
                0x34182348                SPI4_IRQHandler
                0x34182348                LTDC_LO_IRQHandler
                0x34182348                NPU2_IRQHandler
                0x34182348                FDCAN3_IT0_IRQHandler
                0x34182348                EXTI13_IRQHandler
                0x34182348                TIM1_CC_IRQHandler
                0x34182348                XSPI1_IRQHandler
                0x34182348                TIM10_IRQHandler
                0x34182348                JPEG_IRQHandler
                0x34182348                TAMP_IRQHandler
                0x34182348                CACHE_ECC_IRQHandler
                0x34182348                TIM6_IRQHandler
                0x34182348                CSI_IRQHandler
                0x34182348                EXTI12_IRQHandler
                0x34182348                GFXTIM_IRQHandler
                0x34182348                EXTI3_IRQHandler
                0x34182348                LPTIM4_IRQHandler
                0x34182348                GPDMA1_Channel5_IRQHandler
                0x34182348                EXTI8_IRQHandler
                0x34182348                LPTIM2_IRQHandler
                0x34182348                GFXMMU_IRQHandler
                0x34182348                LTDC_LO_ERR_IRQHandler
                0x34182348                I2C3_ER_IRQHandler
                0x34182348                RIFSC_TAMPER_IRQHandler
                0x34182348                USART10_IRQHandler
                0x34182348                MDF1_FLT2_IRQHandler
                0x34182348                LPTIM3_IRQHandler
                0x34182348                SAI2_A_IRQHandler
                0x34182348                EXTI0_IRQHandler
                0x34182348                HPDMA1_Channel9_IRQHandler
                0x34182348                I2C2_EV_IRQHandler
                0x34182348                GPU2D_IRQHandler
                0x34182348                FPU_IRQHandler
                0x34182348                GPDMA1_Channel3_IRQHandler
                0x34182348                GPDMA1_Channel7_IRQHandler
                0x34182348                MDF1_FLT4_IRQHandler
                0x34182348                FDCAN1_IT1_IRQHandler
                0x34182348                HPDMA1_Channel3_IRQHandler
                0x34182348                ADC1_2_IRQHandler
                0x34182348                GPDMA1_Channel9_IRQHandler
                0x34182348                SPI1_IRQHandler
                0x34182348                CACHEAXI_IRQHandler
                0x34182348                SAI1_B_IRQHandler
                0x34182348                GPDMA1_Channel2_IRQHandler
                0x34182348                PAHB_ERR_IRQHandler
                0x34182348                TIM8_UP_IRQHandler
                0x34182348                RCC_S_IRQHandler
                0x34182348                MDF1_FLT1_IRQHandler
                0x34182348                LTDC_UP_IRQHandler
                0x34182348                LOCKUP_IRQHandler
                0x34182348                PKA_IRQHandler
                0x34182348                USART6_IRQHandler
                0x34182348                HPDMA1_Channel2_IRQHandler
                0x34182348                MDF1_FLT5_IRQHandler
                0x34182348                MCE4_IRQHandler
                0x34182348                I3C2_ER_IRQHandler
                0x34182348                EXTI15_IRQHandler
                0x34182348                TIM17_IRQHandler
                0x34182348                USART3_IRQHandler
                0x34182348                HPDMA1_Channel6_IRQHandler
                0x34182348                CRYP_IRQHandler
                0x34182348                RTC_IRQHandler
                0x34182348                XSPI2_IRQHandler
                0x34182348                EXTI9_IRQHandler
                0x34182348                IAC_IRQHandler
                0x34182348                HPDMA1_Channel0_IRQHandler
                0x34182348                LPTIM5_IRQHandler
                0x34182348                HPDMA1_Channel1_IRQHandler
                0x34182348                UART5_IRQHandler
                0x34182348                TIM4_IRQHandler
                0x34182348                NPU3_IRQHandler
                0x34182348                I3C2_EV_IRQHandler
                0x34182348                I2C1_EV_IRQHandler
                0x34182348                FDCAN_CU_IRQHandler
                0x34182348                GPDMA1_Channel12_IRQHandler
                0x34182348                HPDMA1_Channel7_IRQHandler
                0x34182348                GPDMA1_Channel1_IRQHandler
                0x34182348                TIM16_IRQHandler
                0x34182348                GPDMA1_Channel15_IRQHandler
                0x34182348                UART4_IRQHandler
                0x34182348                TCM_ECC_IRQHandler
                0x34182348                TIM3_IRQHandler
                0x34182348                RCC_IRQHandler
                0x34182348                UART9_IRQHandler
                0x34182348                NPU1_IRQHandler
                0x34182348                SAI2_B_IRQHandler
                0x34182348                Default_Handler
                0x34182348                GPDMA1_Channel8_IRQHandler
                0x34182348                HPDMA1_Channel8_IRQHandler
                0x34182348                TIM18_IRQHandler
                0x34182348                TIM14_IRQHandler
                0x34182348                TIM13_IRQHandler
                0x34182348                CTI_INT1_IRQHandler
                0x34182348                GPDMA1_Channel11_IRQHandler
                0x34182348                GPU2D_ER_IRQHandler
                0x34182348                SPI5_IRQHandler
                0x34182348                TIM12_IRQHandler
                0x34182348                TIM7_IRQHandler
                0x34182348                FDCAN3_IT1_IRQHandler
                0x34182348                HPDMA1_Channel10_IRQHandler
                0x34182348                SDMMC1_IRQHandler
                0x34182348                SAES_IRQHandler
                0x34182348                TIM5_IRQHandler
                0x34182348                UCPD1_IRQHandler
                0x34182348                I3C1_EV_IRQHandler
                0x34182348                HPDMA1_Channel5_IRQHandler
                0x34182348                TIM15_IRQHandler
                0x34182348                I2C3_EV_IRQHandler
                0x34182348                HPDMA1_Channel4_IRQHandler
                0x34182348                HPDMA1_Channel15_IRQHandler
                0x34182348                TIM9_IRQHandler
                0x34182348                ETH1_IRQHandler
                0x34182348                USB1_OTG_HS_IRQHandler
                0x34182348                PVD_PVM_IRQHandler
                0x34182348                SPI2_IRQHandler
                0x34182348                TIM1_TRG_CCU_IRQHandler
                0x34182348                HPDMA1_Channel11_IRQHandler
                0x34182348                EXTI14_IRQHandler
                0x34182348                EXTI11_IRQHandler
                0x34182348                VENC_IRQHandler
                0x34182348                GPDMA1_Channel14_IRQHandler
                0x34182348                EXTI4_IRQHandler
                0x34182348                RTC_S_IRQHandler
                0x34182348                GPDMA1_Channel13_IRQHandler
                0x34182348                RNG_IRQHandler
                0x34182348                XSPI3_IRQHandler
                0x34182348                FDCAN2_IT1_IRQHandler
                0x34182348                TIM1_UP_IRQHandler
                0x34182348                NPU0_IRQHandler
                0x34182348                BCK_ECC_IRQHandler
                0x34182348                WWDG_IRQHandler
                0x34182348                SPI6_IRQHandler
                0x34182348                MDIOS_IRQHandler
                0x34182348                I2C4_EV_IRQHandler
                0x34182348                FDCAN2_IT0_IRQHandler
                0x34182348                IWDG_IRQHandler
                0x34182348                HPDMA1_Channel14_IRQHandler
                0x34182348                LPUART1_IRQHandler
                0x34182348                FDCAN1_IT0_IRQHandler
                0x34182348                MDF1_FLT0_IRQHandler
                0x34182348                TIM2_IRQHandler
                0x34182348                MCE3_IRQHandler
                0x34182348                GPDMA1_Channel4_IRQHandler
                0x34182348                EXTI7_IRQHandler
                0x34182348                DMA2D_IRQHandler
                0x34182348                TIM1_BRK_IRQHandler
                0x34182348                EXTI1_IRQHandler
                0x34182348                SDMMC2_IRQHandler
                0x34182348                TIM11_IRQHandler
                0x34182348                LTDC_UP_ERR_IRQHandler
                0x34182348                UART7_IRQHandler
                0x34182348                DTS_IRQHandler
                0x34182348                MDF1_FLT3_IRQHandler
                0x34182348                USART2_IRQHandler
                0x34182348                GPDMA1_Channel6_IRQHandler
                0x34182348                ADF1_FLT0_IRQHandler
                0x34182348                I2C2_ER_IRQHandler
                0x34182348                MCE1_IRQHandler
                0x34182348                SPDIFRX_IRQHandler
                0x34182348                TIM8_BRK_IRQHandler
                0x34182348                HPDMA1_Channel12_IRQHandler
                0x34182348                USART1_IRQHandler
                0x34182348                EXTI10_IRQHandler
                0x34182348                SPI3_IRQHandler
                0x34182348                WAKEUP_PIN_IRQHandler
                0x34182348                DCMIPP_IRQHandler
                0x34182348                I2C1_ER_IRQHandler
                0x34182348                FMC_IRQHandler
                0x34182348                EXTI6_IRQHandler
                0x34182348                LPTIM1_IRQHandler
                0x34182348                DCMI_PSSI_IRQHandler
                0x34182348                TIM8_TRG_CCU_IRQHandler
                0x34182348                I2C4_ER_IRQHandler
                0x34182348                GPDMA1_Channel10_IRQHandler
                0x34182348                ICACHE_IRQHandler
                0x34182348                HASH_IRQHandler
 *fill*         0x3418234a        0x2 
 .text.SystemInit
                0x3418234c      0x218 ./Drivers/CMSIS/system_stm32n6xx_fsbl.o
                0x3418234c                SystemInit
 .text.SystemCoreClockUpdate
                0x34182564      0x350 ./Drivers/CMSIS/system_stm32n6xx_fsbl.o
                0x34182564                SystemCoreClockUpdate
 .text.SECURE_SystemCoreClockUpdate
                0x341828b4       0x2c ./Drivers/CMSIS/system_stm32n6xx_fsbl.o
                0x341828b4                __acle_se_SECURE_SystemCoreClockUpdate
 .text.HAL_Init
                0x341828e0       0x28 ./Drivers/STM32N6xx_HAL_Driver/stm32n6xx_hal.o
                0x341828e0                HAL_Init
 .text.HAL_InitTick
                0x34182908       0x6c ./Drivers/STM32N6xx_HAL_Driver/stm32n6xx_hal.o
                0x34182908                HAL_InitTick
 .text.HAL_IncTick
                0x34182974       0x28 ./Drivers/STM32N6xx_HAL_Driver/stm32n6xx_hal.o
                0x34182974                HAL_IncTick
 .text.HAL_GetTick
                0x3418299c       0x18 ./Drivers/STM32N6xx_HAL_Driver/stm32n6xx_hal.o
                0x3418299c                HAL_GetTick
 .text.__NVIC_SetPriorityGrouping
                0x341829b4       0x48 ./Drivers/STM32N6xx_HAL_Driver/stm32n6xx_hal_cortex.o
 .text.__NVIC_GetPriorityGrouping
                0x341829fc       0x1c ./Drivers/STM32N6xx_HAL_Driver/stm32n6xx_hal_cortex.o
 .text.__NVIC_EnableIRQ
                0x34182a18       0x3c ./Drivers/STM32N6xx_HAL_Driver/stm32n6xx_hal_cortex.o
 .text.__NVIC_SetPriority
                0x34182a54       0x54 ./Drivers/STM32N6xx_HAL_Driver/stm32n6xx_hal_cortex.o
 .text.NVIC_EncodePriority
                0x34182aa8       0x66 ./Drivers/STM32N6xx_HAL_Driver/stm32n6xx_hal_cortex.o
 *fill*         0x34182b0e        0x2 
 .text.SysTick_Config
                0x34182b10       0x44 ./Drivers/STM32N6xx_HAL_Driver/stm32n6xx_hal_cortex.o
 .text.HAL_NVIC_SetPriorityGrouping
                0x34182b54       0x16 ./Drivers/STM32N6xx_HAL_Driver/stm32n6xx_hal_cortex.o
                0x34182b54                HAL_NVIC_SetPriorityGrouping
 .text.HAL_NVIC_SetPriority
                0x34182b6a       0x3a ./Drivers/STM32N6xx_HAL_Driver/stm32n6xx_hal_cortex.o
                0x34182b6a                HAL_NVIC_SetPriority
 .text.HAL_NVIC_EnableIRQ
                0x34182ba4       0x1c ./Drivers/STM32N6xx_HAL_Driver/stm32n6xx_hal_cortex.o
                0x34182ba4                HAL_NVIC_EnableIRQ
 .text.HAL_SYSTICK_Config
                0x34182bc0       0x18 ./Drivers/STM32N6xx_HAL_Driver/stm32n6xx_hal_cortex.o
                0x34182bc0                HAL_SYSTICK_Config
 .text.HAL_DMA_Init
                0x34182bd8      0x67c ./Drivers/STM32N6xx_HAL_Driver/stm32n6xx_hal_dma.o
                0x34182bd8                HAL_DMA_Init
 .text.HAL_DMA_Start_IT
                0x34183254       0xc0 ./Drivers/STM32N6xx_HAL_Driver/stm32n6xx_hal_dma.o
                0x34183254                HAL_DMA_Start_IT
 .text.HAL_DMA_Abort
                0x34183314       0xf8 ./Drivers/STM32N6xx_HAL_Driver/stm32n6xx_hal_dma.o
                0x34183314                HAL_DMA_Abort
 .text.HAL_DMA_IRQHandler
                0x3418340c      0x2d2 ./Drivers/STM32N6xx_HAL_Driver/stm32n6xx_hal_dma.o
                0x3418340c                HAL_DMA_IRQHandler
 .text.HAL_DMA_ConfigChannelAttributes
                0x341836de      0x114 ./Drivers/STM32N6xx_HAL_Driver/stm32n6xx_hal_dma.o
                0x341836de                HAL_DMA_ConfigChannelAttributes
 .text.DMA_SetConfig
                0x341837f2       0x4a ./Drivers/STM32N6xx_HAL_Driver/stm32n6xx_hal_dma.o
 .text.DMA_Init
                0x3418383c      0x948 ./Drivers/STM32N6xx_HAL_Driver/stm32n6xx_hal_dma.o
 .text.HAL_DMAEx_List_Start_IT
                0x34184184      0x128 ./Drivers/STM32N6xx_HAL_Driver/stm32n6xx_hal_dma_ex.o
                0x34184184                HAL_DMAEx_List_Start_IT
 .text.DMA_List_GetCLLRNodeInfo
                0x341842ac       0x60 ./Drivers/STM32N6xx_HAL_Driver/stm32n6xx_hal_dma_ex.o
 .text.HAL_GPIO_Init
                0x3418430c      0x364 ./Drivers/STM32N6xx_HAL_Driver/stm32n6xx_hal_gpio.o
                0x3418430c                HAL_GPIO_Init
 .text.HAL_GPIO_DeInit
                0x34184670      0x280 ./Drivers/STM32N6xx_HAL_Driver/stm32n6xx_hal_gpio.o
                0x34184670                HAL_GPIO_DeInit
 .text.HAL_I2C_Init
                0x341848f0      0x136 ./Drivers/STM32N6xx_HAL_Driver/stm32n6xx_hal_i2c.o
                0x341848f0                HAL_I2C_Init
 .text.HAL_I2C_DeInit
                0x34184a26       0x5e ./Drivers/STM32N6xx_HAL_Driver/stm32n6xx_hal_i2c.o
                0x34184a26                HAL_I2C_DeInit
 .text.HAL_I2C_Mem_Write
                0x34184a84      0x228 ./Drivers/STM32N6xx_HAL_Driver/stm32n6xx_hal_i2c.o
                0x34184a84                HAL_I2C_Mem_Write
 .text.HAL_I2C_Mem_Read
                0x34184cac      0x234 ./Drivers/STM32N6xx_HAL_Driver/stm32n6xx_hal_i2c.o
                0x34184cac                HAL_I2C_Mem_Read
 .text.HAL_I2C_GetState
                0x34184ee0       0x1c ./Drivers/STM32N6xx_HAL_Driver/stm32n6xx_hal_i2c.o
                0x34184ee0                HAL_I2C_GetState
 .text.HAL_I2C_GetError
                0x34184efc       0x18 ./Drivers/STM32N6xx_HAL_Driver/stm32n6xx_hal_i2c.o
                0x34184efc                HAL_I2C_GetError
 .text.I2C_RequestMemoryWrite
                0x34184f14       0xa8 ./Drivers/STM32N6xx_HAL_Driver/stm32n6xx_hal_i2c.o
 .text.I2C_RequestMemoryRead
                0x34184fbc       0xa8 ./Drivers/STM32N6xx_HAL_Driver/stm32n6xx_hal_i2c.o
 .text.I2C_Flush_TXDR
                0x34185064       0x48 ./Drivers/STM32N6xx_HAL_Driver/stm32n6xx_hal_i2c.o
 .text.I2C_WaitOnFlagUntilTimeout
                0x341850ac       0xb2 ./Drivers/STM32N6xx_HAL_Driver/stm32n6xx_hal_i2c.o
 .text.I2C_WaitOnTXISFlagUntilTimeout
                0x3418515e       0x8e ./Drivers/STM32N6xx_HAL_Driver/stm32n6xx_hal_i2c.o
 .text.I2C_WaitOnSTOPFlagUntilTimeout
                0x341851ec       0x86 ./Drivers/STM32N6xx_HAL_Driver/stm32n6xx_hal_i2c.o
 *fill*         0x34185272        0x2 
 .text.I2C_IsErrorOccurred
                0x34185274      0x1c0 ./Drivers/STM32N6xx_HAL_Driver/stm32n6xx_hal_i2c.o
 .text.I2C_TransferConfig
                0x34185434       0x64 ./Drivers/STM32N6xx_HAL_Driver/stm32n6xx_hal_i2c.o
 .text.HAL_I2CEx_ConfigAnalogFilter
                0x34185498       0x96 ./Drivers/STM32N6xx_HAL_Driver/stm32n6xx_hal_i2c_ex.o
                0x34185498                HAL_I2CEx_ConfigAnalogFilter
 .text.HAL_I2CEx_ConfigDigitalFilter
                0x3418552e       0x98 ./Drivers/STM32N6xx_HAL_Driver/stm32n6xx_hal_i2c_ex.o
                0x3418552e                HAL_I2CEx_ConfigDigitalFilter
 *fill*         0x341855c6        0x2 
 .text.HAL_PWREx_ConfigSupply
                0x341855c8       0x50 ./Drivers/STM32N6xx_HAL_Driver/stm32n6xx_hal_pwr_ex.o
                0x341855c8                HAL_PWREx_ConfigSupply
 .text.HAL_PWREx_ControlVoltageScaling
                0x34185618       0x50 ./Drivers/STM32N6xx_HAL_Driver/stm32n6xx_hal_pwr_ex.o
                0x34185618                HAL_PWREx_ControlVoltageScaling
 .text.LL_RCC_HSE_IsReady
                0x34185668       0x24 ./Drivers/STM32N6xx_HAL_Driver/stm32n6xx_hal_rcc.o
 .text.LL_RCC_HSI_Enable
                0x3418568c       0x1c ./Drivers/STM32N6xx_HAL_Driver/stm32n6xx_hal_rcc.o
 .text.LL_RCC_HSI_Disable
                0x341856a8       0x20 ./Drivers/STM32N6xx_HAL_Driver/stm32n6xx_hal_rcc.o
 .text.LL_RCC_HSI_IsReady
                0x341856c8       0x24 ./Drivers/STM32N6xx_HAL_Driver/stm32n6xx_hal_rcc.o
 .text.LL_RCC_HSI_SetDivider
                0x341856ec       0x28 ./Drivers/STM32N6xx_HAL_Driver/stm32n6xx_hal_rcc.o
 .text.LL_RCC_HSI_GetDivider
                0x34185714       0x1c ./Drivers/STM32N6xx_HAL_Driver/stm32n6xx_hal_rcc.o
 .text.LL_RCC_HSI_SetCalibTrimming
                0x34185730       0x2c ./Drivers/STM32N6xx_HAL_Driver/stm32n6xx_hal_rcc.o
 .text.LL_RCC_MSI_Enable
                0x3418575c       0x1c ./Drivers/STM32N6xx_HAL_Driver/stm32n6xx_hal_rcc.o
 .text.LL_RCC_MSI_Disable
                0x34185778       0x20 ./Drivers/STM32N6xx_HAL_Driver/stm32n6xx_hal_rcc.o
 .text.LL_RCC_MSI_IsReady
                0x34185798       0x24 ./Drivers/STM32N6xx_HAL_Driver/stm32n6xx_hal_rcc.o
 .text.LL_RCC_MSI_SetFrequency
                0x341857bc       0x28 ./Drivers/STM32N6xx_HAL_Driver/stm32n6xx_hal_rcc.o
 .text.LL_RCC_MSI_SetCalibTrimming
                0x341857e4       0x2c ./Drivers/STM32N6xx_HAL_Driver/stm32n6xx_hal_rcc.o
 .text.LL_RCC_LSE_IsReady
                0x34185810       0x24 ./Drivers/STM32N6xx_HAL_Driver/stm32n6xx_hal_rcc.o
 .text.LL_RCC_LSI_Enable
                0x34185834       0x1c ./Drivers/STM32N6xx_HAL_Driver/stm32n6xx_hal_rcc.o
 .text.LL_RCC_LSI_Disable
                0x34185850       0x20 ./Drivers/STM32N6xx_HAL_Driver/stm32n6xx_hal_rcc.o
 .text.LL_RCC_LSI_IsReady
                0x34185870       0x1c ./Drivers/STM32N6xx_HAL_Driver/stm32n6xx_hal_rcc.o
 .text.LL_RCC_GetCpuClkSource
                0x3418588c       0x1c ./Drivers/STM32N6xx_HAL_Driver/stm32n6xx_hal_rcc.o
 .text.LL_RCC_GetSysClkSource
                0x341858a8       0x1c ./Drivers/STM32N6xx_HAL_Driver/stm32n6xx_hal_rcc.o
 .text.LL_RCC_PLL1_GetSource
                0x341858c4       0x1c ./Drivers/STM32N6xx_HAL_Driver/stm32n6xx_hal_rcc.o
 .text.LL_RCC_PLL1_IsReady
                0x341858e0       0x28 ./Drivers/STM32N6xx_HAL_Driver/stm32n6xx_hal_rcc.o
 .text.LL_RCC_PLL1_IsEnabledBypass
                0x34185908       0x28 ./Drivers/STM32N6xx_HAL_Driver/stm32n6xx_hal_rcc.o
 .text.LL_RCC_PLL2_GetSource
                0x34185930       0x1c ./Drivers/STM32N6xx_HAL_Driver/stm32n6xx_hal_rcc.o
 .text.LL_RCC_PLL2_IsReady
                0x3418594c       0x28 ./Drivers/STM32N6xx_HAL_Driver/stm32n6xx_hal_rcc.o
 .text.LL_RCC_PLL2_IsEnabledBypass
                0x34185974       0x28 ./Drivers/STM32N6xx_HAL_Driver/stm32n6xx_hal_rcc.o
 .text.LL_RCC_PLL3_GetSource
                0x3418599c       0x1c ./Drivers/STM32N6xx_HAL_Driver/stm32n6xx_hal_rcc.o
 .text.LL_RCC_PLL3_IsReady
                0x341859b8       0x28 ./Drivers/STM32N6xx_HAL_Driver/stm32n6xx_hal_rcc.o
 .text.LL_RCC_PLL3_IsEnabledBypass
                0x341859e0       0x28 ./Drivers/STM32N6xx_HAL_Driver/stm32n6xx_hal_rcc.o
 .text.LL_RCC_PLL4_GetSource
                0x34185a08       0x1c ./Drivers/STM32N6xx_HAL_Driver/stm32n6xx_hal_rcc.o
 .text.LL_RCC_PLL4_IsReady
                0x34185a24       0x28 ./Drivers/STM32N6xx_HAL_Driver/stm32n6xx_hal_rcc.o
 .text.LL_RCC_PLL4_IsEnabledBypass
                0x34185a4c       0x28 ./Drivers/STM32N6xx_HAL_Driver/stm32n6xx_hal_rcc.o
 .text.LL_RCC_IC1_Enable
                0x34185a74       0x1c ./Drivers/STM32N6xx_HAL_Driver/stm32n6xx_hal_rcc.o
 .text.LL_RCC_IC1_GetSource
                0x34185a90       0x1c ./Drivers/STM32N6xx_HAL_Driver/stm32n6xx_hal_rcc.o
 .text.LL_RCC_IC1_GetDivider
                0x34185aac       0x20 ./Drivers/STM32N6xx_HAL_Driver/stm32n6xx_hal_rcc.o
 .text.LL_RCC_IC2_GetSource
                0x34185acc       0x1c ./Drivers/STM32N6xx_HAL_Driver/stm32n6xx_hal_rcc.o
 .text.LL_RCC_IC2_GetDivider
                0x34185ae8       0x20 ./Drivers/STM32N6xx_HAL_Driver/stm32n6xx_hal_rcc.o
 .text.LL_RCC_IC6_GetSource
                0x34185b08       0x1c ./Drivers/STM32N6xx_HAL_Driver/stm32n6xx_hal_rcc.o
 .text.LL_RCC_IC11_GetSource
                0x34185b24       0x1c ./Drivers/STM32N6xx_HAL_Driver/stm32n6xx_hal_rcc.o
 .text.HAL_RCC_OscConfig
                0x34185b40      0x7c0 ./Drivers/STM32N6xx_HAL_Driver/stm32n6xx_hal_rcc.o
                0x34185b40                HAL_RCC_OscConfig
 .text.HAL_RCC_ClockConfig
                0x34186300      0x408 ./Drivers/STM32N6xx_HAL_Driver/stm32n6xx_hal_rcc.o
                0x34186300                HAL_RCC_ClockConfig
 .text.HAL_RCC_GetCpuClockFreq
                0x34186708      0x100 ./Drivers/STM32N6xx_HAL_Driver/stm32n6xx_hal_rcc.o
                0x34186708                HAL_RCC_GetCpuClockFreq
 .text.HAL_RCC_GetSysClockFreq
                0x34186808       0x1e ./Drivers/STM32N6xx_HAL_Driver/stm32n6xx_hal_rcc.o
                0x34186808                HAL_RCC_GetSysClockFreq
 *fill*         0x34186826        0x2 
 .text.HAL_RCC_GetClockConfig
                0x34186828       0xec ./Drivers/STM32N6xx_HAL_Driver/stm32n6xx_hal_rcc.o
                0x34186828                HAL_RCC_GetClockConfig
 .text.RCC_GetSysClockFreq
                0x34186914      0x104 ./Drivers/STM32N6xx_HAL_Driver/stm32n6xx_hal_rcc.o
 .text.RCC_PLL_Config
                0x34186a18      0x260 ./Drivers/STM32N6xx_HAL_Driver/stm32n6xx_hal_rcc.o
 .text.RCC_PLL_Enable
                0x34186c78       0x58 ./Drivers/STM32N6xx_HAL_Driver/stm32n6xx_hal_rcc.o
 .text.RCC_PLL_IsNewConfig
                0x34186cd0       0xf4 ./Drivers/STM32N6xx_HAL_Driver/stm32n6xx_hal_rcc.o
 .text.RCC_PLL_Source_IsReady
                0x34186dc4       0x74 ./Drivers/STM32N6xx_HAL_Driver/stm32n6xx_hal_rcc.o
 .text.RCC_IC_CheckPLLSources
                0x34186e38      0x170 ./Drivers/STM32N6xx_HAL_Driver/stm32n6xx_hal_rcc.o
 .text.LL_RCC_HSE_SelectHSEAsDiv2Clock
                0x34186fa8       0x20 ./Drivers/STM32N6xx_HAL_Driver/stm32n6xx_hal_rcc_ex.o
 .text.LL_RCC_HSE_SelectHSEDiv2AsDiv2Clock
                0x34186fc8       0x20 ./Drivers/STM32N6xx_HAL_Driver/stm32n6xx_hal_rcc_ex.o
 .text.LL_RCC_HSE_IsSelectedHSEDiv2AsDiv2Clock
                0x34186fe8       0x24 ./Drivers/STM32N6xx_HAL_Driver/stm32n6xx_hal_rcc_ex.o
 .text.LL_RCC_HSE_IsReady
                0x3418700c       0x24 ./Drivers/STM32N6xx_HAL_Driver/stm32n6xx_hal_rcc_ex.o
 .text.LL_RCC_HSI_IsReady
                0x34187030       0x24 ./Drivers/STM32N6xx_HAL_Driver/stm32n6xx_hal_rcc_ex.o
 .text.LL_RCC_HSI_GetDivider
                0x34187054       0x1c ./Drivers/STM32N6xx_HAL_Driver/stm32n6xx_hal_rcc_ex.o
 .text.LL_RCC_MSI_IsReady
                0x34187070       0x24 ./Drivers/STM32N6xx_HAL_Driver/stm32n6xx_hal_rcc_ex.o
 .text.LL_RCC_MSI_GetFrequency
                0x34187094       0x1c ./Drivers/STM32N6xx_HAL_Driver/stm32n6xx_hal_rcc_ex.o
 .text.LL_RCC_LSE_IsReady
                0x341870b0       0x24 ./Drivers/STM32N6xx_HAL_Driver/stm32n6xx_hal_rcc_ex.o
 .text.LL_RCC_LSI_IsReady
                0x341870d4       0x1c ./Drivers/STM32N6xx_HAL_Driver/stm32n6xx_hal_rcc_ex.o
 .text.LL_RCC_GetAHBPrescaler
                0x341870f0       0x1c ./Drivers/STM32N6xx_HAL_Driver/stm32n6xx_hal_rcc_ex.o
 .text.LL_RCC_GetAPB1Prescaler
                0x3418710c       0x1c ./Drivers/STM32N6xx_HAL_Driver/stm32n6xx_hal_rcc_ex.o
 .text.LL_RCC_GetAPB2Prescaler
                0x34187128       0x1c ./Drivers/STM32N6xx_HAL_Driver/stm32n6xx_hal_rcc_ex.o
 .text.LL_RCC_GetAPB4Prescaler
                0x34187144       0x1c ./Drivers/STM32N6xx_HAL_Driver/stm32n6xx_hal_rcc_ex.o
 .text.LL_RCC_GetAPB5Prescaler
                0x34187160       0x1c ./Drivers/STM32N6xx_HAL_Driver/stm32n6xx_hal_rcc_ex.o
 .text.LL_RCC_SetClockSource
                0x3418717c       0x54 ./Drivers/STM32N6xx_HAL_Driver/stm32n6xx_hal_rcc_ex.o
 .text.LL_RCC_GetADCPrescaler
                0x341871d0       0x1c ./Drivers/STM32N6xx_HAL_Driver/stm32n6xx_hal_rcc_ex.o
 .text.LL_RCC_SetADFClockSource
                0x341871ec       0x2c ./Drivers/STM32N6xx_HAL_Driver/stm32n6xx_hal_rcc_ex.o
 .text.LL_RCC_SetCLKPClockSource
                0x34187218       0x2c ./Drivers/STM32N6xx_HAL_Driver/stm32n6xx_hal_rcc_ex.o
 .text.LL_RCC_SetDCMIPPClockSource
                0x34187244       0x2c ./Drivers/STM32N6xx_HAL_Driver/stm32n6xx_hal_rcc_ex.o
 .text.LL_RCC_SetETHClockSource
                0x34187270       0x2c ./Drivers/STM32N6xx_HAL_Driver/stm32n6xx_hal_rcc_ex.o
 .text.LL_RCC_SetETHPHYInterface
                0x3418729c       0x2c ./Drivers/STM32N6xx_HAL_Driver/stm32n6xx_hal_rcc_ex.o
 .text.LL_RCC_GetETH1PTPDivider
                0x341872c8       0x1c ./Drivers/STM32N6xx_HAL_Driver/stm32n6xx_hal_rcc_ex.o
 .text.LL_RCC_SetETHREFRXClockSource
                0x341872e4       0x2c ./Drivers/STM32N6xx_HAL_Driver/stm32n6xx_hal_rcc_ex.o
 .text.LL_RCC_SetETHREFTXClockSource
                0x34187310       0x2c ./Drivers/STM32N6xx_HAL_Driver/stm32n6xx_hal_rcc_ex.o
 .text.LL_RCC_SetFDCANClockSource
                0x3418733c       0x2c ./Drivers/STM32N6xx_HAL_Driver/stm32n6xx_hal_rcc_ex.o
 .text.LL_RCC_SetFMCClockSource
                0x34187368       0x2c ./Drivers/STM32N6xx_HAL_Driver/stm32n6xx_hal_rcc_ex.o
 .text.LL_RCC_SetI2CClockSource
                0x34187394       0x16 ./Drivers/STM32N6xx_HAL_Driver/stm32n6xx_hal_rcc_ex.o
 .text.LL_RCC_SetI3CClockSource
                0x341873aa       0x16 ./Drivers/STM32N6xx_HAL_Driver/stm32n6xx_hal_rcc_ex.o
 .text.LL_RCC_SetLPTIMClockSource
                0x341873c0       0x16 ./Drivers/STM32N6xx_HAL_Driver/stm32n6xx_hal_rcc_ex.o
 *fill*         0x341873d6        0x2 
 .text.LL_RCC_SetLPUARTClockSource
                0x341873d8       0x2c ./Drivers/STM32N6xx_HAL_Driver/stm32n6xx_hal_rcc_ex.o
 .text.LL_RCC_SetLTDCClockSource
                0x34187404       0x2c ./Drivers/STM32N6xx_HAL_Driver/stm32n6xx_hal_rcc_ex.o
 .text.LL_RCC_SetMDFClockSource
                0x34187430       0x2c ./Drivers/STM32N6xx_HAL_Driver/stm32n6xx_hal_rcc_ex.o
 .text.LL_RCC_SetOTGPHYClockSource
                0x3418745c       0x16 ./Drivers/STM32N6xx_HAL_Driver/stm32n6xx_hal_rcc_ex.o
 .text.LL_RCC_SetOTGPHYCKREFClockSource
                0x34187472       0x16 ./Drivers/STM32N6xx_HAL_Driver/stm32n6xx_hal_rcc_ex.o
 .text.LL_RCC_SetPSSIClockSource
                0x34187488       0x2c ./Drivers/STM32N6xx_HAL_Driver/stm32n6xx_hal_rcc_ex.o
 .text.LL_RCC_SetSAIClockSource
                0x341874b4       0x16 ./Drivers/STM32N6xx_HAL_Driver/stm32n6xx_hal_rcc_ex.o
 .text.LL_RCC_SetSDMMCClockSource
                0x341874ca       0x16 ./Drivers/STM32N6xx_HAL_Driver/stm32n6xx_hal_rcc_ex.o
 .text.LL_RCC_SetSPDIFRXClockSource
                0x341874e0       0x2c ./Drivers/STM32N6xx_HAL_Driver/stm32n6xx_hal_rcc_ex.o
 .text.LL_RCC_SetSPIClockSource
                0x3418750c       0x16 ./Drivers/STM32N6xx_HAL_Driver/stm32n6xx_hal_rcc_ex.o
 .text.LL_RCC_SetUSARTClockSource
                0x34187522       0x16 ./Drivers/STM32N6xx_HAL_Driver/stm32n6xx_hal_rcc_ex.o
 .text.LL_RCC_SetXSPIClockSource
                0x34187538       0x16 ./Drivers/STM32N6xx_HAL_Driver/stm32n6xx_hal_rcc_ex.o
 *fill*         0x3418754e        0x2 
 .text.LL_RCC_GetClockSource
                0x34187550       0x4c ./Drivers/STM32N6xx_HAL_Driver/stm32n6xx_hal_rcc_ex.o
 .text.LL_RCC_GetADCClockSource
                0x3418759c       0x24 ./Drivers/STM32N6xx_HAL_Driver/stm32n6xx_hal_rcc_ex.o
 .text.LL_RCC_GetADFClockSource
                0x341875c0       0x24 ./Drivers/STM32N6xx_HAL_Driver/stm32n6xx_hal_rcc_ex.o
 .text.LL_RCC_GetCLKPClockSource
                0x341875e4       0x24 ./Drivers/STM32N6xx_HAL_Driver/stm32n6xx_hal_rcc_ex.o
 .text.LL_RCC_GetDCMIPPClockSource
                0x34187608       0x24 ./Drivers/STM32N6xx_HAL_Driver/stm32n6xx_hal_rcc_ex.o
 .text.LL_RCC_GetETHClockSource
                0x3418762c       0x24 ./Drivers/STM32N6xx_HAL_Driver/stm32n6xx_hal_rcc_ex.o
 .text.LL_RCC_GetETHPTPClockSource
                0x34187650       0x24 ./Drivers/STM32N6xx_HAL_Driver/stm32n6xx_hal_rcc_ex.o
 .text.LL_RCC_GetFDCANClockSource
                0x34187674       0x24 ./Drivers/STM32N6xx_HAL_Driver/stm32n6xx_hal_rcc_ex.o
 .text.LL_RCC_GetFMCClockSource
                0x34187698       0x24 ./Drivers/STM32N6xx_HAL_Driver/stm32n6xx_hal_rcc_ex.o
 .text.LL_RCC_GetI2CClockSource
                0x341876bc       0x18 ./Drivers/STM32N6xx_HAL_Driver/stm32n6xx_hal_rcc_ex.o
 .text.LL_RCC_GetI3CClockSource
                0x341876d4       0x18 ./Drivers/STM32N6xx_HAL_Driver/stm32n6xx_hal_rcc_ex.o
 .text.LL_RCC_GetLPTIMClockSource
                0x341876ec       0x18 ./Drivers/STM32N6xx_HAL_Driver/stm32n6xx_hal_rcc_ex.o
 .text.LL_RCC_GetLPUARTClockSource
                0x34187704       0x24 ./Drivers/STM32N6xx_HAL_Driver/stm32n6xx_hal_rcc_ex.o
 .text.LL_RCC_GetLTDCClockSource
                0x34187728       0x24 ./Drivers/STM32N6xx_HAL_Driver/stm32n6xx_hal_rcc_ex.o
 .text.LL_RCC_GetMDFClockSource
                0x3418774c       0x24 ./Drivers/STM32N6xx_HAL_Driver/stm32n6xx_hal_rcc_ex.o
 .text.LL_RCC_GetPSSIClockSource
                0x34187770       0x24 ./Drivers/STM32N6xx_HAL_Driver/stm32n6xx_hal_rcc_ex.o
 .text.LL_RCC_GetSAIClockSource
                0x34187794       0x18 ./Drivers/STM32N6xx_HAL_Driver/stm32n6xx_hal_rcc_ex.o
 .text.LL_RCC_GetSDMMCClockSource
                0x341877ac       0x18 ./Drivers/STM32N6xx_HAL_Driver/stm32n6xx_hal_rcc_ex.o
 .text.LL_RCC_GetSPDIFRXClockSource
                0x341877c4       0x24 ./Drivers/STM32N6xx_HAL_Driver/stm32n6xx_hal_rcc_ex.o
 .text.LL_RCC_GetSPIClockSource
                0x341877e8       0x18 ./Drivers/STM32N6xx_HAL_Driver/stm32n6xx_hal_rcc_ex.o
 .text.LL_RCC_GetUSARTClockSource
                0x34187800       0x18 ./Drivers/STM32N6xx_HAL_Driver/stm32n6xx_hal_rcc_ex.o
 .text.LL_RCC_GetUARTClockSource
                0x34187818       0x18 ./Drivers/STM32N6xx_HAL_Driver/stm32n6xx_hal_rcc_ex.o
 .text.LL_RCC_GetUSBClockSource
                0x34187830       0x18 ./Drivers/STM32N6xx_HAL_Driver/stm32n6xx_hal_rcc_ex.o
 .text.LL_RCC_GetXSPIClockSource
                0x34187848       0x18 ./Drivers/STM32N6xx_HAL_Driver/stm32n6xx_hal_rcc_ex.o
 .text.LL_RCC_SetRTCClockSource
                0x34187860       0x2c ./Drivers/STM32N6xx_HAL_Driver/stm32n6xx_hal_rcc_ex.o
 .text.LL_RCC_GetRTCClockSource
                0x3418788c       0x1c ./Drivers/STM32N6xx_HAL_Driver/stm32n6xx_hal_rcc_ex.o
 .text.LL_RCC_SetRTC_HSEPrescaler
                0x341878a8       0x2c ./Drivers/STM32N6xx_HAL_Driver/stm32n6xx_hal_rcc_ex.o
 .text.LL_RCC_SetTIMPrescaler
                0x341878d4       0x2c ./Drivers/STM32N6xx_HAL_Driver/stm32n6xx_hal_rcc_ex.o
 .text.LL_RCC_GetTIMPrescaler
                0x34187900       0x1c ./Drivers/STM32N6xx_HAL_Driver/stm32n6xx_hal_rcc_ex.o
 .text.LL_RCC_PLL1_GetSource
                0x3418791c       0x1c ./Drivers/STM32N6xx_HAL_Driver/stm32n6xx_hal_rcc_ex.o
 .text.LL_RCC_PLL1_IsReady
                0x34187938       0x28 ./Drivers/STM32N6xx_HAL_Driver/stm32n6xx_hal_rcc_ex.o
 .text.LL_RCC_PLL1_IsEnabledBypass
                0x34187960       0x28 ./Drivers/STM32N6xx_HAL_Driver/stm32n6xx_hal_rcc_ex.o
 .text.LL_RCC_PLL1_GetN
                0x34187988       0x20 ./Drivers/STM32N6xx_HAL_Driver/stm32n6xx_hal_rcc_ex.o
 .text.LL_RCC_PLL1_GetM
                0x341879a8       0x20 ./Drivers/STM32N6xx_HAL_Driver/stm32n6xx_hal_rcc_ex.o
 .text.LL_RCC_PLL1_GetP1
                0x341879c8       0x20 ./Drivers/STM32N6xx_HAL_Driver/stm32n6xx_hal_rcc_ex.o
 .text.LL_RCC_PLL1_GetP2
                0x341879e8       0x20 ./Drivers/STM32N6xx_HAL_Driver/stm32n6xx_hal_rcc_ex.o
 .text.LL_RCC_PLL1P_IsEnabled
                0x34187a08       0x28 ./Drivers/STM32N6xx_HAL_Driver/stm32n6xx_hal_rcc_ex.o
 .text.LL_RCC_PLL1_GetFRACN
                0x34187a30       0x1c ./Drivers/STM32N6xx_HAL_Driver/stm32n6xx_hal_rcc_ex.o
 .text.LL_RCC_PLL2_GetSource
                0x34187a4c       0x1c ./Drivers/STM32N6xx_HAL_Driver/stm32n6xx_hal_rcc_ex.o
 .text.LL_RCC_PLL2_IsReady
                0x34187a68       0x28 ./Drivers/STM32N6xx_HAL_Driver/stm32n6xx_hal_rcc_ex.o
 .text.LL_RCC_PLL2_IsEnabledBypass
                0x34187a90       0x28 ./Drivers/STM32N6xx_HAL_Driver/stm32n6xx_hal_rcc_ex.o
 .text.LL_RCC_PLL2_GetN
                0x34187ab8       0x20 ./Drivers/STM32N6xx_HAL_Driver/stm32n6xx_hal_rcc_ex.o
 .text.LL_RCC_PLL2_GetM
                0x34187ad8       0x20 ./Drivers/STM32N6xx_HAL_Driver/stm32n6xx_hal_rcc_ex.o
 .text.LL_RCC_PLL2_GetP1
                0x34187af8       0x20 ./Drivers/STM32N6xx_HAL_Driver/stm32n6xx_hal_rcc_ex.o
 .text.LL_RCC_PLL2_GetP2
                0x34187b18       0x20 ./Drivers/STM32N6xx_HAL_Driver/stm32n6xx_hal_rcc_ex.o
 .text.LL_RCC_PLL2P_IsEnabled
                0x34187b38       0x28 ./Drivers/STM32N6xx_HAL_Driver/stm32n6xx_hal_rcc_ex.o
 .text.LL_RCC_PLL2_GetFRACN
                0x34187b60       0x1c ./Drivers/STM32N6xx_HAL_Driver/stm32n6xx_hal_rcc_ex.o
 .text.LL_RCC_PLL3_GetSource
                0x34187b7c       0x1c ./Drivers/STM32N6xx_HAL_Driver/stm32n6xx_hal_rcc_ex.o
 .text.LL_RCC_PLL3_IsReady
                0x34187b98       0x28 ./Drivers/STM32N6xx_HAL_Driver/stm32n6xx_hal_rcc_ex.o
 .text.LL_RCC_PLL3_IsEnabledBypass
                0x34187bc0       0x28 ./Drivers/STM32N6xx_HAL_Driver/stm32n6xx_hal_rcc_ex.o
 .text.LL_RCC_PLL3_GetN
                0x34187be8       0x20 ./Drivers/STM32N6xx_HAL_Driver/stm32n6xx_hal_rcc_ex.o
 .text.LL_RCC_PLL3_GetM
                0x34187c08       0x20 ./Drivers/STM32N6xx_HAL_Driver/stm32n6xx_hal_rcc_ex.o
 .text.LL_RCC_PLL3_GetP1
                0x34187c28       0x20 ./Drivers/STM32N6xx_HAL_Driver/stm32n6xx_hal_rcc_ex.o
 .text.LL_RCC_PLL3_GetP2
                0x34187c48       0x20 ./Drivers/STM32N6xx_HAL_Driver/stm32n6xx_hal_rcc_ex.o
 .text.LL_RCC_PLL3P_IsEnabled
                0x34187c68       0x28 ./Drivers/STM32N6xx_HAL_Driver/stm32n6xx_hal_rcc_ex.o
 .text.LL_RCC_PLL3_GetFRACN
                0x34187c90       0x1c ./Drivers/STM32N6xx_HAL_Driver/stm32n6xx_hal_rcc_ex.o
 .text.LL_RCC_PLL4_GetSource
                0x34187cac       0x1c ./Drivers/STM32N6xx_HAL_Driver/stm32n6xx_hal_rcc_ex.o
 .text.LL_RCC_PLL4_IsReady
                0x34187cc8       0x28 ./Drivers/STM32N6xx_HAL_Driver/stm32n6xx_hal_rcc_ex.o
 .text.LL_RCC_PLL4_IsEnabledBypass
                0x34187cf0       0x28 ./Drivers/STM32N6xx_HAL_Driver/stm32n6xx_hal_rcc_ex.o
 .text.LL_RCC_PLL4_GetN
                0x34187d18       0x20 ./Drivers/STM32N6xx_HAL_Driver/stm32n6xx_hal_rcc_ex.o
 .text.LL_RCC_PLL4_GetM
                0x34187d38       0x20 ./Drivers/STM32N6xx_HAL_Driver/stm32n6xx_hal_rcc_ex.o
 .text.LL_RCC_PLL4_GetP1
                0x34187d58       0x20 ./Drivers/STM32N6xx_HAL_Driver/stm32n6xx_hal_rcc_ex.o
 .text.LL_RCC_PLL4_GetP2
                0x34187d78       0x20 ./Drivers/STM32N6xx_HAL_Driver/stm32n6xx_hal_rcc_ex.o
 .text.LL_RCC_PLL4P_IsEnabled
                0x34187d98       0x28 ./Drivers/STM32N6xx_HAL_Driver/stm32n6xx_hal_rcc_ex.o
 .text.LL_RCC_PLL4_GetFRACN
                0x34187dc0       0x1c ./Drivers/STM32N6xx_HAL_Driver/stm32n6xx_hal_rcc_ex.o
 .text.LL_RCC_IC3_Enable
                0x34187ddc       0x1c ./Drivers/STM32N6xx_HAL_Driver/stm32n6xx_hal_rcc_ex.o
 .text.LL_RCC_IC3_IsEnabled
                0x34187df8       0x28 ./Drivers/STM32N6xx_HAL_Driver/stm32n6xx_hal_rcc_ex.o
 .text.LL_RCC_IC3_GetSource
                0x34187e20       0x1c ./Drivers/STM32N6xx_HAL_Driver/stm32n6xx_hal_rcc_ex.o
 .text.LL_RCC_IC3_GetDivider
                0x34187e3c       0x20 ./Drivers/STM32N6xx_HAL_Driver/stm32n6xx_hal_rcc_ex.o
 .text.LL_RCC_IC4_Enable
                0x34187e5c       0x1c ./Drivers/STM32N6xx_HAL_Driver/stm32n6xx_hal_rcc_ex.o
 .text.LL_RCC_IC4_IsEnabled
                0x34187e78       0x28 ./Drivers/STM32N6xx_HAL_Driver/stm32n6xx_hal_rcc_ex.o
 .text.LL_RCC_IC4_GetSource
                0x34187ea0       0x1c ./Drivers/STM32N6xx_HAL_Driver/stm32n6xx_hal_rcc_ex.o
 .text.LL_RCC_IC4_GetDivider
                0x34187ebc       0x20 ./Drivers/STM32N6xx_HAL_Driver/stm32n6xx_hal_rcc_ex.o
 .text.LL_RCC_IC5_Enable
                0x34187edc       0x1c ./Drivers/STM32N6xx_HAL_Driver/stm32n6xx_hal_rcc_ex.o
 .text.LL_RCC_IC5_IsEnabled
                0x34187ef8       0x28 ./Drivers/STM32N6xx_HAL_Driver/stm32n6xx_hal_rcc_ex.o
 .text.LL_RCC_IC5_GetSource
                0x34187f20       0x1c ./Drivers/STM32N6xx_HAL_Driver/stm32n6xx_hal_rcc_ex.o
 .text.LL_RCC_IC5_GetDivider
                0x34187f3c       0x20 ./Drivers/STM32N6xx_HAL_Driver/stm32n6xx_hal_rcc_ex.o
 .text.LL_RCC_IC7_Enable
                0x34187f5c       0x1c ./Drivers/STM32N6xx_HAL_Driver/stm32n6xx_hal_rcc_ex.o
 .text.LL_RCC_IC7_IsEnabled
                0x34187f78       0x28 ./Drivers/STM32N6xx_HAL_Driver/stm32n6xx_hal_rcc_ex.o
 .text.LL_RCC_IC7_GetSource
                0x34187fa0       0x1c ./Drivers/STM32N6xx_HAL_Driver/stm32n6xx_hal_rcc_ex.o
 .text.LL_RCC_IC7_GetDivider
                0x34187fbc       0x20 ./Drivers/STM32N6xx_HAL_Driver/stm32n6xx_hal_rcc_ex.o
 .text.LL_RCC_IC8_Enable
                0x34187fdc       0x1c ./Drivers/STM32N6xx_HAL_Driver/stm32n6xx_hal_rcc_ex.o
 .text.LL_RCC_IC8_IsEnabled
                0x34187ff8       0x28 ./Drivers/STM32N6xx_HAL_Driver/stm32n6xx_hal_rcc_ex.o
 .text.LL_RCC_IC8_GetSource
                0x34188020       0x1c ./Drivers/STM32N6xx_HAL_Driver/stm32n6xx_hal_rcc_ex.o
 .text.LL_RCC_IC8_GetDivider
                0x3418803c       0x20 ./Drivers/STM32N6xx_HAL_Driver/stm32n6xx_hal_rcc_ex.o
 .text.LL_RCC_IC9_Enable
                0x3418805c       0x1c ./Drivers/STM32N6xx_HAL_Driver/stm32n6xx_hal_rcc_ex.o
 .text.LL_RCC_IC9_IsEnabled
                0x34188078       0x28 ./Drivers/STM32N6xx_HAL_Driver/stm32n6xx_hal_rcc_ex.o
 .text.LL_RCC_IC9_GetSource
                0x341880a0       0x1c ./Drivers/STM32N6xx_HAL_Driver/stm32n6xx_hal_rcc_ex.o
 .text.LL_RCC_IC9_GetDivider
                0x341880bc       0x20 ./Drivers/STM32N6xx_HAL_Driver/stm32n6xx_hal_rcc_ex.o
 .text.LL_RCC_IC10_Enable
                0x341880dc       0x1c ./Drivers/STM32N6xx_HAL_Driver/stm32n6xx_hal_rcc_ex.o
 .text.LL_RCC_IC10_IsEnabled
                0x341880f8       0x28 ./Drivers/STM32N6xx_HAL_Driver/stm32n6xx_hal_rcc_ex.o
 .text.LL_RCC_IC10_GetSource
                0x34188120       0x1c ./Drivers/STM32N6xx_HAL_Driver/stm32n6xx_hal_rcc_ex.o
 .text.LL_RCC_IC10_GetDivider
                0x3418813c       0x20 ./Drivers/STM32N6xx_HAL_Driver/stm32n6xx_hal_rcc_ex.o
 .text.LL_RCC_IC12_Enable
                0x3418815c       0x1c ./Drivers/STM32N6xx_HAL_Driver/stm32n6xx_hal_rcc_ex.o
 .text.LL_RCC_IC12_IsEnabled
                0x34188178       0x28 ./Drivers/STM32N6xx_HAL_Driver/stm32n6xx_hal_rcc_ex.o
 .text.LL_RCC_IC12_GetSource
                0x341881a0       0x1c ./Drivers/STM32N6xx_HAL_Driver/stm32n6xx_hal_rcc_ex.o
 .text.LL_RCC_IC12_GetDivider
                0x341881bc       0x20 ./Drivers/STM32N6xx_HAL_Driver/stm32n6xx_hal_rcc_ex.o
 .text.LL_RCC_IC13_Enable
                0x341881dc       0x1c ./Drivers/STM32N6xx_HAL_Driver/stm32n6xx_hal_rcc_ex.o
 .text.LL_RCC_IC13_IsEnabled
                0x341881f8       0x28 ./Drivers/STM32N6xx_HAL_Driver/stm32n6xx_hal_rcc_ex.o
 .text.LL_RCC_IC13_GetSource
                0x34188220       0x1c ./Drivers/STM32N6xx_HAL_Driver/stm32n6xx_hal_rcc_ex.o
 .text.LL_RCC_IC13_GetDivider
                0x3418823c       0x20 ./Drivers/STM32N6xx_HAL_Driver/stm32n6xx_hal_rcc_ex.o
 .text.LL_RCC_IC14_Enable
                0x3418825c       0x1c ./Drivers/STM32N6xx_HAL_Driver/stm32n6xx_hal_rcc_ex.o
 .text.LL_RCC_IC14_IsEnabled
                0x34188278       0x28 ./Drivers/STM32N6xx_HAL_Driver/stm32n6xx_hal_rcc_ex.o
 .text.LL_RCC_IC14_GetSource
                0x341882a0       0x1c ./Drivers/STM32N6xx_HAL_Driver/stm32n6xx_hal_rcc_ex.o
 .text.LL_RCC_IC14_GetDivider
                0x341882bc       0x20 ./Drivers/STM32N6xx_HAL_Driver/stm32n6xx_hal_rcc_ex.o
 .text.LL_RCC_IC15_Enable
                0x341882dc       0x1c ./Drivers/STM32N6xx_HAL_Driver/stm32n6xx_hal_rcc_ex.o
 .text.LL_RCC_IC15_IsEnabled
                0x341882f8       0x28 ./Drivers/STM32N6xx_HAL_Driver/stm32n6xx_hal_rcc_ex.o
 .text.LL_RCC_IC15_GetSource
                0x34188320       0x1c ./Drivers/STM32N6xx_HAL_Driver/stm32n6xx_hal_rcc_ex.o
 .text.LL_RCC_IC15_GetDivider
                0x3418833c       0x20 ./Drivers/STM32N6xx_HAL_Driver/stm32n6xx_hal_rcc_ex.o
 .text.LL_RCC_IC16_Enable
                0x3418835c       0x1c ./Drivers/STM32N6xx_HAL_Driver/stm32n6xx_hal_rcc_ex.o
 .text.LL_RCC_IC16_IsEnabled
                0x34188378       0x28 ./Drivers/STM32N6xx_HAL_Driver/stm32n6xx_hal_rcc_ex.o
 .text.LL_RCC_IC16_GetSource
                0x341883a0       0x1c ./Drivers/STM32N6xx_HAL_Driver/stm32n6xx_hal_rcc_ex.o
 .text.LL_RCC_IC16_GetDivider
                0x341883bc       0x20 ./Drivers/STM32N6xx_HAL_Driver/stm32n6xx_hal_rcc_ex.o
 .text.LL_RCC_IC17_Enable
                0x341883dc       0x1c ./Drivers/STM32N6xx_HAL_Driver/stm32n6xx_hal_rcc_ex.o
 .text.LL_RCC_IC17_IsEnabled
                0x341883f8       0x28 ./Drivers/STM32N6xx_HAL_Driver/stm32n6xx_hal_rcc_ex.o
 .text.LL_RCC_IC17_GetSource
                0x34188420       0x1c ./Drivers/STM32N6xx_HAL_Driver/stm32n6xx_hal_rcc_ex.o
 .text.LL_RCC_IC17_GetDivider
                0x3418843c       0x20 ./Drivers/STM32N6xx_HAL_Driver/stm32n6xx_hal_rcc_ex.o
 .text.LL_RCC_IC18_Enable
                0x3418845c       0x1c ./Drivers/STM32N6xx_HAL_Driver/stm32n6xx_hal_rcc_ex.o
 .text.LL_RCC_IC18_IsEnabled
                0x34188478       0x28 ./Drivers/STM32N6xx_HAL_Driver/stm32n6xx_hal_rcc_ex.o
 .text.LL_RCC_IC18_GetSource
                0x341884a0       0x1c ./Drivers/STM32N6xx_HAL_Driver/stm32n6xx_hal_rcc_ex.o
 .text.LL_RCC_IC18_GetDivider
                0x341884bc       0x20 ./Drivers/STM32N6xx_HAL_Driver/stm32n6xx_hal_rcc_ex.o
 .text.LL_RCC_IC19_Enable
                0x341884dc       0x1c ./Drivers/STM32N6xx_HAL_Driver/stm32n6xx_hal_rcc_ex.o
 .text.LL_RCC_IC19_IsEnabled
                0x341884f8       0x28 ./Drivers/STM32N6xx_HAL_Driver/stm32n6xx_hal_rcc_ex.o
 .text.LL_RCC_IC19_GetSource
                0x34188520       0x1c ./Drivers/STM32N6xx_HAL_Driver/stm32n6xx_hal_rcc_ex.o
 .text.LL_RCC_IC19_GetDivider
                0x3418853c       0x20 ./Drivers/STM32N6xx_HAL_Driver/stm32n6xx_hal_rcc_ex.o
 .text.LL_RCC_IC20_Enable
                0x3418855c       0x1c ./Drivers/STM32N6xx_HAL_Driver/stm32n6xx_hal_rcc_ex.o
 .text.LL_RCC_IC20_IsEnabled
                0x34188578       0x28 ./Drivers/STM32N6xx_HAL_Driver/stm32n6xx_hal_rcc_ex.o
 .text.LL_RCC_IC20_GetSource
                0x341885a0       0x1c ./Drivers/STM32N6xx_HAL_Driver/stm32n6xx_hal_rcc_ex.o
 .text.LL_RCC_IC20_GetDivider
                0x341885bc       0x20 ./Drivers/STM32N6xx_HAL_Driver/stm32n6xx_hal_rcc_ex.o
 .text.LL_RCC_CLKP_Enable
                0x341885dc       0x1c ./Drivers/STM32N6xx_HAL_Driver/stm32n6xx_hal_rcc_ex.o
 .text.LL_RCC_CLKP_IsEnabled
                0x341885f8       0x28 ./Drivers/STM32N6xx_HAL_Driver/stm32n6xx_hal_rcc_ex.o
 .text.HAL_RCCEx_PeriphCLKConfig
                0x34188620     0x25c8 ./Drivers/STM32N6xx_HAL_Driver/stm32n6xx_hal_rcc_ex.o
                0x34188620                HAL_RCCEx_PeriphCLKConfig
 .text.HAL_RCCEx_GetPeriphCLKFreq
                0x3418abe8      0x938 ./Drivers/STM32N6xx_HAL_Driver/stm32n6xx_hal_rcc_ex.o
                0x3418abe8                HAL_RCCEx_GetPeriphCLKFreq
 .text.HAL_RCCEx_GetPLL1CLKFreq
                0x3418b520       0x8c ./Drivers/STM32N6xx_HAL_Driver/stm32n6xx_hal_rcc_ex.o
                0x3418b520                HAL_RCCEx_GetPLL1CLKFreq
 .text.HAL_RCCEx_GetPLL2CLKFreq
                0x3418b5ac       0x8c ./Drivers/STM32N6xx_HAL_Driver/stm32n6xx_hal_rcc_ex.o
                0x3418b5ac                HAL_RCCEx_GetPLL2CLKFreq
 .text.HAL_RCCEx_GetPLL3CLKFreq
                0x3418b638       0x8c ./Drivers/STM32N6xx_HAL_Driver/stm32n6xx_hal_rcc_ex.o
                0x3418b638                HAL_RCCEx_GetPLL3CLKFreq
 .text.HAL_RCCEx_GetPLL4CLKFreq
                0x3418b6c4       0x8c ./Drivers/STM32N6xx_HAL_Driver/stm32n6xx_hal_rcc_ex.o
                0x3418b6c4                HAL_RCCEx_GetPLL4CLKFreq
 .text.RCCEx_GetHCLKFreq
                0x3418b750       0x22 ./Drivers/STM32N6xx_HAL_Driver/stm32n6xx_hal_rcc_ex.o
 .text.RCCEx_GetPCLK1Freq
                0x3418b772       0x20 ./Drivers/STM32N6xx_HAL_Driver/stm32n6xx_hal_rcc_ex.o
 .text.RCCEx_GetPCLK2Freq
                0x3418b792       0x22 ./Drivers/STM32N6xx_HAL_Driver/stm32n6xx_hal_rcc_ex.o
 .text.RCCEx_GetPCLK4Freq
                0x3418b7b4       0x22 ./Drivers/STM32N6xx_HAL_Driver/stm32n6xx_hal_rcc_ex.o
 .text.RCCEx_GetPCLK5Freq
                0x3418b7d6       0x22 ./Drivers/STM32N6xx_HAL_Driver/stm32n6xx_hal_rcc_ex.o
 .text.RCCEx_GetPLLSourceFreq
                0x3418b7f8       0xbc ./Drivers/STM32N6xx_HAL_Driver/stm32n6xx_hal_rcc_ex.o
 .text.RCCEx_CalcPLLFreq
                0x3418b8b4       0x98 ./Drivers/STM32N6xx_HAL_Driver/stm32n6xx_hal_rcc_ex.o
 .text.RCCEx_GetADCCLKFreq
                0x3418b94c      0x204 ./Drivers/STM32N6xx_HAL_Driver/stm32n6xx_hal_rcc_ex.o
 .text.RCCEx_GetADFCLKFreq
                0x3418bb50      0x1d8 ./Drivers/STM32N6xx_HAL_Driver/stm32n6xx_hal_rcc_ex.o
 .text.RCCEx_GetCLKPCLKFreq
                0x3418bd28      0x36c ./Drivers/STM32N6xx_HAL_Driver/stm32n6xx_hal_rcc_ex.o
 .text.RCCEx_GetCSICLKFreq
                0x3418c094       0x98 ./Drivers/STM32N6xx_HAL_Driver/stm32n6xx_hal_rcc_ex.o
 .text.RCCEx_GetDCMIPPCLKFreq
                0x3418c12c      0x114 ./Drivers/STM32N6xx_HAL_Driver/stm32n6xx_hal_rcc_ex.o
 .text.RCCEx_GetETH1CLKFreq
                0x3418c240      0x100 ./Drivers/STM32N6xx_HAL_Driver/stm32n6xx_hal_rcc_ex.o
 .text.RCCEx_GetETH1PTPCLKFreq
                0x3418c340      0x108 ./Drivers/STM32N6xx_HAL_Driver/stm32n6xx_hal_rcc_ex.o
 .text.RCCEx_GetFDCANCLKFreq
                0x3418c448      0x100 ./Drivers/STM32N6xx_HAL_Driver/stm32n6xx_hal_rcc_ex.o
 .text.RCCEx_GetFMCCLKFreq
                0x3418c548      0x16e ./Drivers/STM32N6xx_HAL_Driver/stm32n6xx_hal_rcc_ex.o
 *fill*         0x3418c6b6        0x2 
 .text.RCCEx_GetI2CCLKFreq
                0x3418c6b8      0x350 ./Drivers/STM32N6xx_HAL_Driver/stm32n6xx_hal_rcc_ex.o
 .text.RCCEx_GetI3CCLKFreq
                0x3418ca08      0x268 ./Drivers/STM32N6xx_HAL_Driver/stm32n6xx_hal_rcc_ex.o
 .text.RCCEx_GetLPTIMCLKFreq
                0x3418cc70      0x354 ./Drivers/STM32N6xx_HAL_Driver/stm32n6xx_hal_rcc_ex.o
 .text.RCCEx_GetLPUARTCLKFreq
                0x3418cfc4      0x204 ./Drivers/STM32N6xx_HAL_Driver/stm32n6xx_hal_rcc_ex.o
 .text.RCCEx_GetLTDCCLKFreq
                0x3418d1c8      0x114 ./Drivers/STM32N6xx_HAL_Driver/stm32n6xx_hal_rcc_ex.o
 .text.RCCEx_GetMDFCLKFreq
                0x3418d2dc      0x214 ./Drivers/STM32N6xx_HAL_Driver/stm32n6xx_hal_rcc_ex.o
 .text.RCCEx_GetPSSICLKFreq
                0x3418d4f0      0x104 ./Drivers/STM32N6xx_HAL_Driver/stm32n6xx_hal_rcc_ex.o
 .text.RCCEx_GetRTCCLKFreq
                0x3418d5f4       0xa4 ./Drivers/STM32N6xx_HAL_Driver/stm32n6xx_hal_rcc_ex.o
 .text.RCCEx_GetSAICLKFreq
                0x3418d698      0x2cc ./Drivers/STM32N6xx_HAL_Driver/stm32n6xx_hal_rcc_ex.o
 .text.RCCEx_GetSDMMCCLKFreq
                0x3418d964      0x1d4 ./Drivers/STM32N6xx_HAL_Driver/stm32n6xx_hal_rcc_ex.o
 .text.RCCEx_GetSPDIFRXCLKFreq
                0x3418db38      0x1c8 ./Drivers/STM32N6xx_HAL_Driver/stm32n6xx_hal_rcc_ex.o
 .text.RCCEx_GetSPICLKFreq
                0x3418dd00      0x5a4 ./Drivers/STM32N6xx_HAL_Driver/stm32n6xx_hal_rcc_ex.o
 .text.RCCEx_GetUARTCLKFreq
                0x3418e2a4      0x454 ./Drivers/STM32N6xx_HAL_Driver/stm32n6xx_hal_rcc_ex.o
 .text.RCCEx_GetUSARTCLKFreq
                0x3418e6f8      0x454 ./Drivers/STM32N6xx_HAL_Driver/stm32n6xx_hal_rcc_ex.o
 .text.RCCEx_GetOTGPHYCLKFreq
                0x3418eb4c      0x16c ./Drivers/STM32N6xx_HAL_Driver/stm32n6xx_hal_rcc_ex.o
 .text.RCCEx_GetOTGPHYCKREFCLKFreq
                0x3418ecb8       0xa0 ./Drivers/STM32N6xx_HAL_Driver/stm32n6xx_hal_rcc_ex.o
 .text.RCCEx_GetXSPICLKFreq
                0x3418ed58      0x220 ./Drivers/STM32N6xx_HAL_Driver/stm32n6xx_hal_rcc_ex.o
 .text.HAL_SAI_Init
                0x3418ef78      0x3e8 ./Drivers/STM32N6xx_HAL_Driver/stm32n6xx_hal_sai.o
                0x3418ef78                HAL_SAI_Init
 .text.HAL_SAI_DMAStop
                0x3418f360       0xfc ./Drivers/STM32N6xx_HAL_Driver/stm32n6xx_hal_sai.o
                0x3418f360                HAL_SAI_DMAStop
 .text.HAL_SAI_Transmit_DMA
                0x3418f45c      0x204 ./Drivers/STM32N6xx_HAL_Driver/stm32n6xx_hal_sai.o
                0x3418f45c                HAL_SAI_Transmit_DMA
 .text.HAL_SAI_TxHalfCpltCallback
                0x3418f660       0x14 ./Drivers/STM32N6xx_HAL_Driver/stm32n6xx_hal_sai.o
                0x3418f660                HAL_SAI_TxHalfCpltCallback
 .text.HAL_SAI_ErrorCallback
                0x3418f674       0x14 ./Drivers/STM32N6xx_HAL_Driver/stm32n6xx_hal_sai.o
                0x3418f674                HAL_SAI_ErrorCallback
 .text.SAI_InterruptFlag
                0x3418f688       0x6e ./Drivers/STM32N6xx_HAL_Driver/stm32n6xx_hal_sai.o
 *fill*         0x3418f6f6        0x2 
 .text.SAI_Disable
                0x3418f6f8       0x74 ./Drivers/STM32N6xx_HAL_Driver/stm32n6xx_hal_sai.o
 .text.SAI_DMATxCplt
                0x3418f76c       0x5e ./Drivers/STM32N6xx_HAL_Driver/stm32n6xx_hal_sai.o
 .text.SAI_DMATxHalfCplt
                0x3418f7ca       0x1c ./Drivers/STM32N6xx_HAL_Driver/stm32n6xx_hal_sai.o
 .text.SAI_DMAError
                0x3418f7e6       0x52 ./Drivers/STM32N6xx_HAL_Driver/stm32n6xx_hal_sai.o
 .text.memset   0x3418f838       0x10 C:/ST/STM32CubeIDE_2.0.0/STM32CubeIDE/plugins/com.st.stm32cube.ide.mcu.externaltools.gnu-tools-for-stm32.13.3.rel1.win32_1.0.100.202509120712/tools/bin/../lib/gcc/arm-none-eabi/13.3.1/../../../../arm-none-eabi/lib/thumb/v8-m.main+dp/hard\libc_nano.a(libc_a-memset.o)
                0x3418f838                memset
 .text.__libc_init_array
                0x3418f848       0x48 C:/ST/STM32CubeIDE_2.0.0/STM32CubeIDE/plugins/com.st.stm32cube.ide.mcu.externaltools.gnu-tools-for-stm32.13.3.rel1.win32_1.0.100.202509120712/tools/bin/../lib/gcc/arm-none-eabi/13.3.1/../../../../arm-none-eabi/lib/thumb/v8-m.main+dp/hard\libc_nano.a(libc_a-init.o)
                0x3418f848                __libc_init_array
 *(.glue_7)
 .glue_7        0x3418f890        0x0 linker stubs
 *(.glue_7t)
 .glue_7t       0x3418f890        0x0 linker stubs
 *(.eh_frame)
 .eh_frame      0x3418f890        0x0 C:/ST/STM32CubeIDE_2.0.0/STM32CubeIDE/plugins/com.st.stm32cube.ide.mcu.externaltools.gnu-tools-for-stm32.13.3.rel1.win32_1.0.100.202509120712/tools/bin/../lib/gcc/arm-none-eabi/13.3.1/thumb/v8-m.main+dp/hard/crtbegin.o
 *(.RamFunc)
 *(.RamFunc*)
 *(.init)
 .init          0x3418f890        0x4 C:/ST/STM32CubeIDE_2.0.0/STM32CubeIDE/plugins/com.st.stm32cube.ide.mcu.externaltools.gnu-tools-for-stm32.13.3.rel1.win32_1.0.100.202509120712/tools/bin/../lib/gcc/arm-none-eabi/13.3.1/thumb/v8-m.main+dp/hard/crti.o
                0x3418f890                _init
 .init          0x3418f894        0x8 C:/ST/STM32CubeIDE_2.0.0/STM32CubeIDE/plugins/com.st.stm32cube.ide.mcu.externaltools.gnu-tools-for-stm32.13.3.rel1.win32_1.0.100.202509120712/tools/bin/../lib/gcc/arm-none-eabi/13.3.1/thumb/v8-m.main+dp/hard/crtn.o
 *(.fini)
 .fini          0x3418f89c        0x4 C:/ST/STM32CubeIDE_2.0.0/STM32CubeIDE/plugins/com.st.stm32cube.ide.mcu.externaltools.gnu-tools-for-stm32.13.3.rel1.win32_1.0.100.202509120712/tools/bin/../lib/gcc/arm-none-eabi/13.3.1/thumb/v8-m.main+dp/hard/crti.o
                0x3418f89c                _fini
 .fini          0x3418f8a0        0x8 C:/ST/STM32CubeIDE_2.0.0/STM32CubeIDE/plugins/com.st.stm32cube.ide.mcu.externaltools.gnu-tools-for-stm32.13.3.rel1.win32_1.0.100.202509120712/tools/bin/../lib/gcc/arm-none-eabi/13.3.1/thumb/v8-m.main+dp/hard/crtn.o
                0x3418f8a8                        . = ALIGN (0x4)
                0x3418f8a8                        _etext = .

.vfp11_veneer   0x3418f8a8        0x0
 .vfp11_veneer  0x3418f8a8        0x0 linker stubs

.v4_bx          0x3418f8a8        0x0
 .v4_bx         0x3418f8a8        0x0 linker stubs

.iplt           0x3418f8a8        0x0
 .iplt          0x3418f8a8        0x0 C:/ST/STM32CubeIDE_2.0.0/STM32CubeIDE/plugins/com.st.stm32cube.ide.mcu.externaltools.gnu-tools-for-stm32.13.3.rel1.win32_1.0.100.202509120712/tools/bin/../lib/gcc/arm-none-eabi/13.3.1/thumb/v8-m.main+dp/hard/crtbegin.o

.rodata         0x3418f8a8    0x3e828
                0x3418f8a8                        . = ALIGN (0x4)
 *(.rodata)
 *(.rodata*)
 .rodata.audio_samples_16k
                0x3418f8a8    0x3e822 ./Application/User/Core/audio_data.o
                0x3418f8a8                audio_samples_16k
 *fill*         0x341ce0ca        0x2 
 .rodata.audio_samples_count
                0x341ce0cc        0x4 ./Application/User/Core/audio_data.o
                0x341ce0cc                audio_samples_count
                0x341ce0d0                        . = ALIGN (0x4)

.ARM.extab      0x341ce0d0        0x0
                0x341ce0d0                        . = ALIGN (0x4)
 *(.ARM.extab* .gnu.linkonce.armextab.*)
                0x341ce0d0                        . = ALIGN (0x4)

.ARM            0x341ce0d0        0x0
                0x341ce0d0                        . = ALIGN (0x4)
                0x341ce0d0                        __exidx_start = .
 *(.ARM.exidx*)
                0x341ce0d0                        __exidx_end = .
                0x341ce0d0                        . = ALIGN (0x4)

.preinit_array  0x341ce0d0        0x0
                0x341ce0d0                        . = ALIGN (0x4)
                0x341ce0d0                        PROVIDE (__preinit_array_start = .)
 *(.preinit_array*)
                0x341ce0d0                        PROVIDE (__preinit_array_end = .)
                0x341ce0d0                        . = ALIGN (0x4)

.init_array     0x341ce0d0        0x4
                0x341ce0d0                        . = ALIGN (0x4)
                0x341ce0d0                        PROVIDE (__init_array_start = .)
 *(SORT_BY_NAME(.init_array.*))
 *(.init_array*)
 .init_array    0x341ce0d0        0x4 C:/ST/STM32CubeIDE_2.0.0/STM32CubeIDE/plugins/com.st.stm32cube.ide.mcu.externaltools.gnu-tools-for-stm32.13.3.rel1.win32_1.0.100.202509120712/tools/bin/../lib/gcc/arm-none-eabi/13.3.1/thumb/v8-m.main+dp/hard/crtbegin.o
                0x341ce0d4                        PROVIDE (__init_array_end = .)
                0x341ce0d4                        . = ALIGN (0x4)

.fini_array     0x341ce0d4        0x4
                0x341ce0d4                        . = ALIGN (0x4)
                [!provide]                        PROVIDE (__fini_array_start = .)
 *(SORT_BY_NAME(.fini_array.*))
 *(.fini_array*)
 .fini_array    0x341ce0d4        0x4 C:/ST/STM32CubeIDE_2.0.0/STM32CubeIDE/plugins/com.st.stm32cube.ide.mcu.externaltools.gnu-tools-for-stm32.13.3.rel1.win32_1.0.100.202509120712/tools/bin/../lib/gcc/arm-none-eabi/13.3.1/thumb/v8-m.main+dp/hard/crtbegin.o
                [!provide]                        PROVIDE (__fini_array_end = .)
                0x341ce0d8                        . = ALIGN (0x4)
                0x341ce0d8                        _sidata = LOADADDR (.data)

.rel.dyn        0x341ce0d8        0x0
 .rel.iplt      0x341ce0d8        0x0 C:/ST/STM32CubeIDE_2.0.0/STM32CubeIDE/plugins/com.st.stm32cube.ide.mcu.externaltools.gnu-tools-for-stm32.13.3.rel1.win32_1.0.100.202509120712/tools/bin/../lib/gcc/arm-none-eabi/13.3.1/thumb/v8-m.main+dp/hard/crtbegin.o

.data           0x341e0000       0x54 load address 0x341ce0d8
                0x341e0000                        . = ALIGN (0x4)
                0x341e0000                        _sdata = .
 *(.data)
 *(.data*)
 .data.WM8904_Driver
                0x341e0000       0x48 ./Application/User/Core/wm8904.o
                0x341e0000                WM8904_Driver
 .data.SystemCoreClock
                0x341e0048        0x4 ./Drivers/CMSIS/system_stm32n6xx_fsbl.o
                0x341e0048                SystemCoreClock
 .data.uwTickPrio
                0x341e004c        0x4 ./Drivers/STM32N6xx_HAL_Driver/stm32n6xx_hal.o
                0x341e004c                uwTickPrio
 .data.uwTickFreq
                0x341e0050        0x1 ./Drivers/STM32N6xx_HAL_Driver/stm32n6xx_hal.o
                0x341e0050                uwTickFreq
                0x341e0054                        . = ALIGN (0x4)
 *fill*         0x341e0051        0x3 
                0x341e0054                        _edata = .

.igot.plt       0x341e0054        0x0 load address 0x341ce12c
 .igot.plt      0x341e0054        0x0 C:/ST/STM32CubeIDE_2.0.0/STM32CubeIDE/plugins/com.st.stm32cube.ide.mcu.externaltools.gnu-tools-for-stm32.13.3.rel1.win32_1.0.100.202509120712/tools/bin/../lib/gcc/arm-none-eabi/13.3.1/thumb/v8-m.main+dp/hard/crtbegin.o

.noncacheable   0x341e0054       0x2c load address 0x341ce12c
                0x341e0058                        . = ALIGN (0x8)
 *fill*         0x341e0054        0x4 
                0x341e0058                        __snoncacheable = .
 *(.noncacheable)
 .noncacheable  0x341e0058       0x24 ./Application/User/Core/stm32n6xx_hal_msp.o
                0x341e0058                pNode_GPDMACH0
                0x341e0080                        . = ALIGN (0x8)
 *fill*         0x341e007c        0x4 
                0x341e0080                        __enoncacheable = .

.gnu.sgstubs    0x341ce160       0x20
                0x341ce160                        . = ALIGN (0x4)
 *(.gnu.sgstubs*)
                0x341ce160                        . = ALIGN (0x4)
 .gnu.sgstubs.__stub
                0x341ce160        0x8 linker stubs
                0x341ce160                SECURE_SystemCoreClockUpdate
                0x341ce168                        . = ALIGN (0x4)

.bss            0x341e0080      0x1c0
                0x341e0080                        _sbss = .
                0x341e0080                        __bss_start__ = _sbss
 *(.bss)
 .bss           0x341e0080       0x1c C:/ST/STM32CubeIDE_2.0.0/STM32CubeIDE/plugins/com.st.stm32cube.ide.mcu.externaltools.gnu-tools-for-stm32.13.3.rel1.win32_1.0.100.202509120712/tools/bin/../lib/gcc/arm-none-eabi/13.3.1/thumb/v8-m.main+dp/hard/crtbegin.o
 *(.bss*)
 .bss.hi2c2     0x341e009c       0x54 ./Application/User/Core/main.o
                0x341e009c                hi2c2
 .bss.hsai_BlockA1
                0x341e00f0       0x98 ./Application/User/Core/main.o
                0x341e00f0                hsai_BlockA1
 .bss.handle_GPDMA1_Channel0
                0x341e0188       0x78 ./Application/User/Core/main.o
                0x341e0188                handle_GPDMA1_Channel0
 .bss.Audio_Drv
                0x341e0200        0x4 ./Application/User/Core/main.o
 .bss.Audio_CompObj
                0x341e0204        0x4 ./Application/User/Core/main.o
 .bss.PcmBufferCplt
                0x341e0208        0x4 ./Application/User/Core/main.o
 .bss.WM8904Obj.0
                0x341e020c       0x28 ./Application/User/Core/main.o
 .bss.SAI1_client
                0x341e0234        0x4 ./Application/User/Core/stm32n6xx_hal_msp.o
 .bss.WM8904_CurrentDevices
                0x341e0238        0x4 ./Application/User/Core/wm8904.o
 .bss.uwTick    0x341e023c        0x4 ./Drivers/STM32N6xx_HAL_Driver/stm32n6xx_hal.o
                0x341e023c                uwTick
 *(COMMON)
                0x341e0240                        . = ALIGN (0x4)
                0x341e0240                        _ebss = .
                0x341e0240                        __bss_end__ = _ebss

._user_heap_stack
                0x341e0240      0xa00
                0x341e0240                        . = ALIGN (0x8)
                [!provide]                        PROVIDE (end = .)
                0x341e0240                        PROVIDE (_end = .)
                0x341e0440                        . = (. + _Min_Heap_Size)
 *fill*         0x341e0240      0x200 
                0x341e0c40                        . = (. + _Min_Stack_Size)
 *fill*         0x341e0440      0x800 
                0x341e0c40                        . = ALIGN (0x8)

/DISCARD/
 libc.a(*)
 libm.a(*)
 libgcc.a(*)

.ARM.attributes
                0x00000000       0x3a
 *(.ARM.attributes)
 .ARM.attributes
                0x00000000       0x24 C:/ST/STM32CubeIDE_2.0.0/STM32CubeIDE/plugins/com.st.stm32cube.ide.mcu.externaltools.gnu-tools-for-stm32.13.3.rel1.win32_1.0.100.202509120712/tools/bin/../lib/gcc/arm-none-eabi/13.3.1/thumb/v8-m.main+dp/hard/crti.o
 .ARM.attributes
                0x00000024       0x36 C:/ST/STM32CubeIDE_2.0.0/STM32CubeIDE/plugins/com.st.stm32cube.ide.mcu.externaltools.gnu-tools-for-stm32.13.3.rel1.win32_1.0.100.202509120712/tools/bin/../lib/gcc/arm-none-eabi/13.3.1/thumb/v8-m.main+dp/hard/crtbegin.o
 .ARM.attributes
                0x0000005a       0x3e ./Application/User/Core/audio_data.o
 .ARM.attributes
                0x00000098       0x3e ./Application/User/Core/main.o
 .ARM.attributes
                0x000000d6       0x3e ./Application/User/Core/stm32n6xx_hal_msp.o
 .ARM.attributes
                0x00000114       0x3e ./Application/User/Core/stm32n6xx_it.o
 .ARM.attributes
                0x00000152       0x3e ./Application/User/Core/wm8904.o
 .ARM.attributes
                0x00000190       0x3e ./Application/User/Core/wm8904_reg.o
 .ARM.attributes
                0x000001ce       0x22 ./Application/User/Startup/startup_stm32n657x0hxq_fsbl.o
 .ARM.attributes
                0x000001f0       0x3e ./Drivers/CMSIS/system_stm32n6xx_fsbl.o
 .ARM.attributes
                0x0000022e       0x3e ./Drivers/STM32N6xx_HAL_Driver/stm32n6xx_hal.o
 .ARM.attributes
                0x0000026c       0x3e ./Drivers/STM32N6xx_HAL_Driver/stm32n6xx_hal_cortex.o
 .ARM.attributes
                0x000002aa       0x3e ./Drivers/STM32N6xx_HAL_Driver/stm32n6xx_hal_dma.o
 .ARM.attributes
                0x000002e8       0x3e ./Drivers/STM32N6xx_HAL_Driver/stm32n6xx_hal_dma_ex.o
 .ARM.attributes
                0x00000326       0x3e ./Drivers/STM32N6xx_HAL_Driver/stm32n6xx_hal_gpio.o
 .ARM.attributes
                0x00000364       0x3e ./Drivers/STM32N6xx_HAL_Driver/stm32n6xx_hal_i2c.o
 .ARM.attributes
                0x000003a2       0x3e ./Drivers/STM32N6xx_HAL_Driver/stm32n6xx_hal_i2c_ex.o
 .ARM.attributes
                0x000003e0       0x3e ./Drivers/STM32N6xx_HAL_Driver/stm32n6xx_hal_pwr_ex.o
 .ARM.attributes
                0x0000041e       0x3e ./Drivers/STM32N6xx_HAL_Driver/stm32n6xx_hal_rcc.o
 .ARM.attributes
                0x0000045c       0x3e ./Drivers/STM32N6xx_HAL_Driver/stm32n6xx_hal_rcc_ex.o
 .ARM.attributes
                0x0000049a       0x3e ./Drivers/STM32N6xx_HAL_Driver/stm32n6xx_hal_sai.o
 .ARM.attributes
                0x000004d8       0x36 C:/ST/STM32CubeIDE_2.0.0/STM32CubeIDE/plugins/com.st.stm32cube.ide.mcu.externaltools.gnu-tools-for-stm32.13.3.rel1.win32_1.0.100.202509120712/tools/bin/../lib/gcc/arm-none-eabi/13.3.1/../../../../arm-none-eabi/lib/thumb/v8-m.main+dp/hard\libc_nano.a(libc_a-memset.o)
 .ARM.attributes
                0x0000050e       0x36 C:/ST/STM32CubeIDE_2.0.0/STM32CubeIDE/plugins/com.st.stm32cube.ide.mcu.externaltools.gnu-tools-for-stm32.13.3.rel1.win32_1.0.100.202509120712/tools/bin/../lib/gcc/arm-none-eabi/13.3.1/../../../../arm-none-eabi/lib/thumb/v8-m.main+dp/hard\libc_nano.a(libc_a-init.o)
 .ARM.attributes
                0x00000544       0x24 C:/ST/STM32CubeIDE_2.0.0/STM32CubeIDE/plugins/com.st.stm32cube.ide.mcu.externaltools.gnu-tools-for-stm32.13.3.rel1.win32_1.0.100.202509120712/tools/bin/../lib/gcc/arm-none-eabi/13.3.1/thumb/v8-m.main+dp/hard/crtn.o
OUTPUT(SAI_Audio_FSBL.elf elf32-littlearm)
LOAD linker stubs
LOAD C:/ST/STM32CubeIDE_2.0.0/STM32CubeIDE/plugins/com.st.stm32cube.ide.mcu.externaltools.gnu-tools-for-stm32.13.3.rel1.win32_1.0.100.202509120712/tools/bin/../lib/gcc/arm-none-eabi/13.3.1/../../../../arm-none-eabi/lib/thumb/v8-m.main+dp/hard\libc.a
LOAD C:/ST/STM32CubeIDE_2.0.0/STM32CubeIDE/plugins/com.st.stm32cube.ide.mcu.externaltools.gnu-tools-for-stm32.13.3.rel1.win32_1.0.100.202509120712/tools/bin/../lib/gcc/arm-none-eabi/13.3.1/../../../../arm-none-eabi/lib/thumb/v8-m.main+dp/hard\libm.a
LOAD C:/ST/STM32CubeIDE_2.0.0/STM32CubeIDE/plugins/com.st.stm32cube.ide.mcu.externaltools.gnu-tools-for-stm32.13.3.rel1.win32_1.0.100.202509120712/tools/bin/../lib/gcc/arm-none-eabi/13.3.1/thumb/v8-m.main+dp/hard\libgcc.a

.debug_info     0x00000000    0x1968b
 .debug_info    0x00000000       0xe0 ./Application/User/Core/audio_data.o
 .debug_info    0x000000e0     0x2e07 ./Application/User/Core/main.o
 .debug_info    0x00002ee7     0x24f8 ./Application/User/Core/stm32n6xx_hal_msp.o
 .debug_info    0x000053df      0x5bb ./Application/User/Core/stm32n6xx_it.o
 .debug_info    0x0000599a      0xba0 ./Application/User/Core/wm8904.o
 .debug_info    0x0000653a      0x21a ./Application/User/Core/wm8904_reg.o
 .debug_info    0x00006754       0x30 ./Application/User/Startup/startup_stm32n657x0hxq_fsbl.o
 .debug_info    0x00006784     0x1a83 ./Drivers/CMSIS/system_stm32n6xx_fsbl.o
 .debug_info    0x00008207     0x27e2 ./Drivers/STM32N6xx_HAL_Driver/stm32n6xx_hal.o
 .debug_info    0x0000a9e9     0x1491 ./Drivers/STM32N6xx_HAL_Driver/stm32n6xx_hal_cortex.o
 .debug_info    0x0000be7a      0xbfa ./Drivers/STM32N6xx_HAL_Driver/stm32n6xx_hal_dma.o
 .debug_info    0x0000ca74     0x192a ./Drivers/STM32N6xx_HAL_Driver/stm32n6xx_hal_dma_ex.o
 .debug_info    0x0000e39e      0xafd ./Drivers/STM32N6xx_HAL_Driver/stm32n6xx_hal_gpio.o
 .debug_info    0x0000ee9b     0x232e ./Drivers/STM32N6xx_HAL_Driver/stm32n6xx_hal_i2c.o
 .debug_info    0x000111c9      0x8ff ./Drivers/STM32N6xx_HAL_Driver/stm32n6xx_hal_i2c_ex.o
 .debug_info    0x00011ac8      0xd08 ./Drivers/STM32N6xx_HAL_Driver/stm32n6xx_hal_pwr_ex.o
 .debug_info    0x000127d0     0x2161 ./Drivers/STM32N6xx_HAL_Driver/stm32n6xx_hal_rcc.o
 .debug_info    0x00014931     0x3841 ./Drivers/STM32N6xx_HAL_Driver/stm32n6xx_hal_rcc_ex.o
 .debug_info    0x00018172     0x1519 ./Drivers/STM32N6xx_HAL_Driver/stm32n6xx_hal_sai.o

.debug_abbrev   0x00000000     0x2823
 .debug_abbrev  0x00000000       0x76 ./Application/User/Core/audio_data.o
 .debug_abbrev  0x00000076      0x3a4 ./Application/User/Core/main.o
 .debug_abbrev  0x0000041a      0x28d ./Application/User/Core/stm32n6xx_hal_msp.o
 .debug_abbrev  0x000006a7      0x183 ./Application/User/Core/stm32n6xx_it.o
 .debug_abbrev  0x0000082a      0x1e9 ./Application/User/Core/wm8904.o
 .debug_abbrev  0x00000a13       0xdb ./Application/User/Core/wm8904_reg.o
 .debug_abbrev  0x00000aee       0x24 ./Application/User/Startup/startup_stm32n657x0hxq_fsbl.o
 .debug_abbrev  0x00000b12      0x164 ./Drivers/CMSIS/system_stm32n6xx_fsbl.o
 .debug_abbrev  0x00000c76      0x2bd ./Drivers/STM32N6xx_HAL_Driver/stm32n6xx_hal.o
 .debug_abbrev  0x00000f33      0x330 ./Drivers/STM32N6xx_HAL_Driver/stm32n6xx_hal_cortex.o
 .debug_abbrev  0x00001263      0x1dd ./Drivers/STM32N6xx_HAL_Driver/stm32n6xx_hal_dma.o
 .debug_abbrev  0x00001440      0x21d ./Drivers/STM32N6xx_HAL_Driver/stm32n6xx_hal_dma_ex.o
 .debug_abbrev  0x0000165d      0x24d ./Drivers/STM32N6xx_HAL_Driver/stm32n6xx_hal_gpio.o
 .debug_abbrev  0x000018aa      0x271 ./Drivers/STM32N6xx_HAL_Driver/stm32n6xx_hal_i2c.o
 .debug_abbrev  0x00001b1b      0x1a8 ./Drivers/STM32N6xx_HAL_Driver/stm32n6xx_hal_i2c_ex.o
 .debug_abbrev  0x00001cc3      0x265 ./Drivers/STM32N6xx_HAL_Driver/stm32n6xx_hal_pwr_ex.o
 .debug_abbrev  0x00001f28      0x36a ./Drivers/STM32N6xx_HAL_Driver/stm32n6xx_hal_rcc.o
 .debug_abbrev  0x00002292      0x305 ./Drivers/STM32N6xx_HAL_Driver/stm32n6xx_hal_rcc_ex.o
 .debug_abbrev  0x00002597      0x28c ./Drivers/STM32N6xx_HAL_Driver/stm32n6xx_hal_sai.o

.debug_aranges  0x00000000     0x1be8
 .debug_aranges
                0x00000000       0x18 ./Application/User/Core/audio_data.o
 .debug_aranges
                0x00000018       0xb8 ./Application/User/Core/main.o
 .debug_aranges
                0x000000d0       0x68 ./Application/User/Core/stm32n6xx_hal_msp.o
 .debug_aranges
                0x00000138       0x70 ./Application/User/Core/stm32n6xx_it.o
 .debug_aranges
                0x000001a8       0xc8 ./Application/User/Core/wm8904.o
 .debug_aranges
                0x00000270       0x28 ./Application/User/Core/wm8904_reg.o
 .debug_aranges
                0x00000298       0x28 ./Application/User/Startup/startup_stm32n657x0hxq_fsbl.o
 .debug_aranges
                0x000002c0       0x30 ./Drivers/CMSIS/system_stm32n6xx_fsbl.o
 .debug_aranges
                0x000002f0      0x3d0 ./Drivers/STM32N6xx_HAL_Driver/stm32n6xx_hal.o
 .debug_aranges
                0x000006c0      0x178 ./Drivers/STM32N6xx_HAL_Driver/stm32n6xx_hal_cortex.o
 .debug_aranges
                0x00000838       0xb8 ./Drivers/STM32N6xx_HAL_Driver/stm32n6xx_hal_dma.o
 .debug_aranges
                0x000008f0      0x1a0 ./Drivers/STM32N6xx_HAL_Driver/stm32n6xx_hal_dma_ex.o
 .debug_aranges
                0x00000a90       0xa8 ./Drivers/STM32N6xx_HAL_Driver/stm32n6xx_hal_gpio.o
 .debug_aranges
                0x00000b38      0x2a0 ./Drivers/STM32N6xx_HAL_Driver/stm32n6xx_hal_i2c.o
 .debug_aranges
                0x00000dd8       0x40 ./Drivers/STM32N6xx_HAL_Driver/stm32n6xx_hal_i2c_ex.o
 .debug_aranges
                0x00000e18      0x260 ./Drivers/STM32N6xx_HAL_Driver/stm32n6xx_hal_pwr_ex.o
 .debug_aranges
                0x00001078      0x2a0 ./Drivers/STM32N6xx_HAL_Driver/stm32n6xx_hal_rcc.o
 .debug_aranges
                0x00001318      0x758 ./Drivers/STM32N6xx_HAL_Driver/stm32n6xx_hal_rcc_ex.o
 .debug_aranges
                0x00001a70      0x178 ./Drivers/STM32N6xx_HAL_Driver/stm32n6xx_hal_sai.o

.debug_macro    0x00000000    0x52849
 .debug_macro   0x00000000       0x63 ./Application/User/Core/audio_data.o
 .debug_macro   0x00000063      0xb5c ./Application/User/Core/audio_data.o
 .debug_macro   0x00000bbf       0x22 ./Application/User/Core/audio_data.o
 .debug_macro   0x00000be1       0x8e ./Application/User/Core/audio_data.o
 .debug_macro   0x00000c6f       0x51 ./Application/User/Core/audio_data.o
 .debug_macro   0x00000cc0      0x103 ./Application/User/Core/audio_data.o
 .debug_macro   0x00000dc3       0x6a ./Application/User/Core/audio_data.o
 .debug_macro   0x00000e2d      0x1df ./Application/User/Core/audio_data.o
 .debug_macro   0x0000100c      0x2df ./Application/User/Core/main.o
 .debug_macro   0x000012eb       0x16 ./Application/User/Core/main.o
 .debug_macro   0x00001301      0x1d9 ./Application/User/Core/main.o
 .debug_macro   0x000014da      0x190 ./Application/User/Core/main.o
 .debug_macro   0x0000166a       0x63 ./Application/User/Core/main.o
 .debug_macro   0x000016cd       0x2e ./Application/User/Core/main.o
 .debug_macro   0x000016fb       0x6c ./Application/User/Core/main.o
 .debug_macro   0x00001767       0x2e ./Application/User/Core/main.o
 .debug_macro   0x00001795       0x17 ./Application/User/Core/main.o
 .debug_macro   0x000017ac       0x34 ./Application/User/Core/main.o
 .debug_macro   0x000017e0      0x26d ./Application/User/Core/main.o
 .debug_macro   0x00001a4d       0x3a ./Application/User/Core/main.o
 .debug_macro   0x00001a87     0x2f0c ./Application/User/Core/main.o
 .debug_macro   0x00004993      0x130 ./Application/User/Core/main.o
 .debug_macro   0x00004ac3      0x344 ./Application/User/Core/main.o
 .debug_macro   0x00004e07      0x146 ./Application/User/Core/main.o
 .debug_macro   0x00004f4d       0x22 ./Application/User/Core/main.o
 .debug_macro   0x00004f6f    0x3e927 ./Application/User/Core/main.o
 .debug_macro   0x00043896       0x6c ./Application/User/Core/main.o
 .debug_macro   0x00043902     0x3486 ./Application/User/Core/main.o
 .debug_macro   0x00046d88       0x61 ./Application/User/Core/main.o
 .debug_macro   0x00046de9       0x29 ./Application/User/Core/main.o
 .debug_macro   0x00046e12       0x43 ./Application/User/Core/main.o
 .debug_macro   0x00046e55       0x34 ./Application/User/Core/main.o
 .debug_macro   0x00046e89      0x370 ./Application/User/Core/main.o
 .debug_macro   0x000471f9       0x16 ./Application/User/Core/main.o
 .debug_macro   0x0004720f       0x4a ./Application/User/Core/main.o
 .debug_macro   0x00047259       0x34 ./Application/User/Core/main.o
 .debug_macro   0x0004728d       0x10 ./Application/User/Core/main.o
 .debug_macro   0x0004729d       0x58 ./Application/User/Core/main.o
 .debug_macro   0x000472f5       0x8e ./Application/User/Core/main.o
 .debug_macro   0x00047383       0x1c ./Application/User/Core/main.o
 .debug_macro   0x0004739f      0x185 ./Application/User/Core/main.o
 .debug_macro   0x00047524      0x19b ./Application/User/Core/main.o
 .debug_macro   0x000476bf       0x72 ./Application/User/Core/main.o
 .debug_macro   0x00047731      0x47a ./Application/User/Core/main.o
 .debug_macro   0x00047bab     0x10fe ./Application/User/Core/main.o
 .debug_macro   0x00048ca9     0x27e2 ./Application/User/Core/main.o
 .debug_macro   0x0004b48b      0xfd4 ./Application/User/Core/main.o
 .debug_macro   0x0004c45f      0x1af ./Application/User/Core/main.o
 .debug_macro   0x0004c60e      0x2c9 ./Application/User/Core/main.o
 .debug_macro   0x0004c8d7      0x2c4 ./Application/User/Core/main.o
 .debug_macro   0x0004cb9b      0xa36 ./Application/User/Core/main.o
 .debug_macro   0x0004d5d1      0x7b2 ./Application/User/Core/main.o
 .debug_macro   0x0004dd83       0xeb ./Application/User/Core/main.o
 .debug_macro   0x0004de6e      0x216 ./Application/User/Core/main.o
 .debug_macro   0x0004e084      0x36b ./Application/User/Core/main.o
 .debug_macro   0x0004e3ef      0x22c ./Application/User/Core/main.o
 .debug_macro   0x0004e61b       0x35 ./Application/User/Core/main.o
 .debug_macro   0x0004e650       0xa5 ./Application/User/Core/main.o
 .debug_macro   0x0004e6f5      0x303 ./Application/User/Core/main.o
 .debug_macro   0x0004e9f8      0x46a ./Application/User/Core/main.o
 .debug_macro   0x0004ee62      0x3ad ./Application/User/Core/main.o
 .debug_macro   0x0004f20f       0x10 ./Application/User/Core/main.o
 .debug_macro   0x0004f21f       0xe4 ./Application/User/Core/main.o
 .debug_macro   0x0004f303      0x5fb ./Application/User/Core/main.o
 .debug_macro   0x0004f8fe      0x284 ./Application/User/Core/main.o
 .debug_macro   0x0004fb82      0x11b ./Application/User/Core/main.o
 .debug_macro   0x0004fc9d      0x2c3 ./Application/User/Core/stm32n6xx_hal_msp.o
 .debug_macro   0x0004ff60      0x2cd ./Application/User/Core/stm32n6xx_it.o
 .debug_macro   0x0005022d       0x96 ./Application/User/Core/wm8904.o
 .debug_macro   0x000502c3      0x27e ./Application/User/Core/wm8904.o
 .debug_macro   0x00050541       0x72 ./Application/User/Core/wm8904_reg.o
 .debug_macro   0x000505b3      0x2cd ./Drivers/CMSIS/system_stm32n6xx_fsbl.o
 .debug_macro   0x00050880      0x2c0 ./Drivers/STM32N6xx_HAL_Driver/stm32n6xx_hal.o