10:07:11 **** Incremental Build of configuration Debug for project STM32_AI_Sine_TF ****
make -j8 all 
arm-none-eabi-gcc "../Core/Src/main.c" -mcpu=cortex-m0plus -std=gnu11 -g3 -DDEBUG -DUSE_HAL_DRIVER -DSTM32G071xx -c -I../Core/Inc -I../Drivers/STM32G0xx_HAL_Driver/Inc -I../Drivers/STM32G0xx_HAL_Driver/Inc/Legacy -I../Drivers/CMSIS/Device/ST/STM32G0xx/Include -I../Drivers/CMSIS/Include -I../X-CUBE-AI/App -I../X-CUBE-AI -I../Middlewares/ST/AI/Inc -O0 -ffunction-sections -fdata-sections -Wall -fstack-usage -fcyclomatic-complexity -MMD -MP -MF"Core/Src/main.d" -MT"Core/Src/main.o" --specs=nano.specs -mfloat-abi=soft -mthumb -o "Core/Src/main.o"
arm-none-eabi-gcc "../Core/Src/stm32g0xx_hal_msp.c" -mcpu=cortex-m0plus -std=gnu11 -g3 -DDEBUG -DUSE_HAL_DRIVER -DSTM32G071xx -c -I../Core/Inc -I../Drivers/STM32G0xx_HAL_Driver/Inc -I../Drivers/STM32G0xx_HAL_Driver/Inc/Legacy -I../Drivers/CMSIS/Device/ST/STM32G0xx/Include -I../Drivers/CMSIS/Include -I../X-CUBE-AI/App -I../X-CUBE-AI -I../Middlewares/ST/AI/Inc -O0 -ffunction-sections -fdata-sections -Wall -fstack-usage -fcyclomatic-complexity -MMD -MP -MF"Core/Src/stm32g0xx_hal_msp.d" -MT"Core/Src/stm32g0xx_hal_msp.o" --specs=nano.specs -mfloat-abi=soft -mthumb -o "Core/Src/stm32g0xx_hal_msp.o"
arm-none-eabi-gcc "../Core/Src/stm32g0xx_it.c" -mcpu=cortex-m0plus -std=gnu11 -g3 -DDEBUG -DUSE_HAL_DRIVER -DSTM32G071xx -c -I../Core/Inc -I../Drivers/STM32G0xx_HAL_Driver/Inc -I../Drivers/STM32G0xx_HAL_Driver/Inc/Legacy -I../Drivers/CMSIS/Device/ST/STM32G0xx/Include -I../Drivers/CMSIS/Include -I../X-CUBE-AI/App -I../X-CUBE-AI -I../Middlewares/ST/AI/Inc -O0 -ffunction-sections -fdata-sections -Wall -fstack-usage -fcyclomatic-complexity -MMD -MP -MF"Core/Src/stm32g0xx_it.d" -MT"Core/Src/stm32g0xx_it.o" --specs=nano.specs -mfloat-abi=soft -mthumb -o "Core/Src/stm32g0xx_it.o"
arm-none-eabi-gcc "../Core/Src/syscalls_.c" -mcpu=cortex-m0plus -std=gnu11 -g3 -DDEBUG -DUSE_HAL_DRIVER -DSTM32G071xx -c -I../Core/Inc -I../Drivers/STM32G0xx_HAL_Driver/Inc -I../Drivers/STM32G0xx_HAL_Driver/Inc/Legacy -I../Drivers/CMSIS/Device/ST/STM32G0xx/Include -I../Drivers/CMSIS/Include -I../X-CUBE-AI/App -I../X-CUBE-AI -I../Middlewares/ST/AI/Inc -O0 -ffunction-sections -fdata-sections -Wall -fstack-usage -fcyclomatic-complexity -MMD -MP -MF"Core/Src/syscalls_.d" -MT"Core/Src/syscalls_.o" --specs=nano.specs -mfloat-abi=soft -mthumb -o "Core/Src/syscalls_.o"
arm-none-eabi-gcc "../Core/Src/sysmem.c" -mcpu=cortex-m0plus -std=gnu11 -g3 -DDEBUG -DUSE_HAL_DRIVER -DSTM32G071xx -c -I../Core/Inc -I../Drivers/STM32G0xx_HAL_Driver/Inc -I../Drivers/STM32G0xx_HAL_Driver/Inc/Legacy -I../Drivers/CMSIS/Device/ST/STM32G0xx/Include -I../Drivers/CMSIS/Include -I../X-CUBE-AI/App -I../X-CUBE-AI -I../Middlewares/ST/AI/Inc -O0 -ffunction-sections -fdata-sections -Wall -fstack-usage -fcyclomatic-complexity -MMD -MP -MF"Core/Src/sysmem.d" -MT"Core/Src/sysmem.o" --specs=nano.specs -mfloat-abi=soft -mthumb -o "Core/Src/sysmem.o"
arm-none-eabi-gcc "../Core/Src/system_stm32g0xx.c" -mcpu=cortex-m0plus -std=gnu11 -g3 -DDEBUG -DUSE_HAL_DRIVER -DSTM32G071xx -c -I../Core/Inc -I../Drivers/STM32G0xx_HAL_Driver/Inc -I../Drivers/STM32G0xx_HAL_Driver/Inc/Legacy -I../Drivers/CMSIS/Device/ST/STM32G0xx/Include -I../Drivers/CMSIS/Include -I../X-CUBE-AI/App -I../X-CUBE-AI -I../Middlewares/ST/AI/Inc -O0 -ffunction-sections -fdata-sections -Wall -fstack-usage -fcyclomatic-complexity -MMD -MP -MF"Core/Src/system_stm32g0xx.d" -MT"Core/Src/system_stm32g0xx.o" --specs=nano.specs -mfloat-abi=soft -mthumb -o "Core/Src/system_stm32g0xx.o"
arm-none-eabi-gcc -o "STM32_AI_Sine_TF.elf" @"objects.list"  -l:NetworkRuntime1020_CM0+_GCC.a -mcpu=cortex-m0plus -T"/home/montanab/STM32CubeIDE/workspace_1.19.0/STM32_AI_Sine_TF/STM32G071RBTX_FLASH.ld" --specs=nosys.specs -Wl,-Map="STM32_AI_Sine_TF.map" -Wl,--gc-sections -static -L../Middlewares/ST/AI/Lib --specs=nano.specs -mfloat-abi=soft -mthumb -Wl,--start-group -lc -lm -Wl,--end-group
Finished building target: STM32_AI_Sine_TF.elf
 
arm-none-eabi-size  STM32_AI_Sine_TF.elf 
arm-none-eabi-objdump -h -S STM32_AI_Sine_TF.elf  > "STM32_AI_Sine_TF.list"
   text	   data	    bss	    dec	    hex	filename
  28884	   1780	   5224	  35888	   8c30	STM32_AI_Sine_TF.elf
Finished building: default.size.stdout
 
Finished building: STM32_AI_Sine_TF.list
 
10:10:33 **** Incremental Build of configuration Debug for project STM32_AI_Sine_TF ****
make -j8 all 
arm-none-eabi-gcc "../Core/Src/main.c" -mcpu=cortex-m0plus -std=gnu11 -g3 -DDEBUG -DUSE_HAL_DRIVER -DSTM32G071xx -c -I../Core/Inc -I../Drivers/STM32G0xx_HAL_Driver/Inc -I../Drivers/STM32G0xx_HAL_Driver/Inc/Legacy -I../Drivers/CMSIS/Device/ST/STM32G0xx/Include -I../Drivers/CMSIS/Include -I../X-CUBE-AI/App -I../X-CUBE-AI -I../Middlewares/ST/AI/Inc -O0 -ffunction-sections -fdata-sections -Wall -fstack-usage -fcyclomatic-complexity -MMD -MP -MF"Core/Src/main.d" -MT"Core/Src/main.o" --specs=nano.specs -mfloat-abi=soft -mthumb -o "Core/Src/main.o"
../Core/Src/main.c:54:48: error: 'AI_NETWORK_IN_BUFFER_SIZE_INIT' undeclared here (not in a function); did you mean 'AI_NETWORK_BUFFERS_INIT'?
   54 | static ai_buffer ai_input[AI_NETWORK_IN_NUM] = AI_NETWORK_IN_BUFFER_SIZE_INIT;
      |                                                ^~~~~~~~~~~~~~~~~~~~~~~~~~~~~~
      |                                                AI_NETWORK_BUFFERS_INIT
../Core/Src/main.c:55:50: error: 'AI_NETWORK_OUT_BUFFER_SIZE_INIT' undeclared here (not in a function); did you mean 'AI_NETWORK_BUFFERS_INIT'?
   55 | static ai_buffer ai_output[AI_NETWORK_OUT_NUM] = AI_NETWORK_OUT_BUFFER_SIZE_INIT;
      |                                                  ^~~~~~~~~~~~~~~~~~~~~~~~~~~~~~~
      |                                                  AI_NETWORK_BUFFERS_INIT
../Core/Src/main.c: In function 'main':
../Core/Src/main.c:105:10: error: variable 'params' has initializer but incomplete type
  105 |   struct ai_network_params params = {
      |          ^~~~~~~~~~~~~~~~~
In file included from ../Core/Src/main.c:26:
../X-CUBE-AI/App/network_data.h:29:3: warning: excess elements in struct initializer
   29 |   ai_network_data_weights_buffer_get(AI_HANDLE_PTR(ptr_))
      |   ^~~~~~~~~~~~~~~~~~~~~~~~~~~~~~~~~~
../Core/Src/main.c:106:7: note: in expansion of macro 'AI_NETWORK_DATA_WEIGHTS'
  106 |       AI_NETWORK_DATA_WEIGHTS(ai_network_data_weights_get()),
      |       ^~~~~~~~~~~~~~~~~~~~~~~
../X-CUBE-AI/App/network_data.h:29:3: note: (near initialization for 'params')
   29 |   ai_network_data_weights_buffer_get(AI_HANDLE_PTR(ptr_))
      |   ^~~~~~~~~~~~~~~~~~~~~~~~~~~~~~~~~~
../Core/Src/main.c:106:7: note: in expansion of macro 'AI_NETWORK_DATA_WEIGHTS'
  106 |       AI_NETWORK_DATA_WEIGHTS(ai_network_data_weights_get()),
      |       ^~~~~~~~~~~~~~~~~~~~~~~
../X-CUBE-AI/App/network_data.h:25:3: warning: excess elements in struct initializer
   25 |   ai_network_data_activations_buffer_get(AI_HANDLE_PTR(ptr_))
      |   ^~~~~~~~~~~~~~~~~~~~~~~~~~~~~~~~~~~~~~
../Core/Src/main.c:107:7: note: in expansion of macro 'AI_NETWORK_DATA_ACTIVATIONS'
  107 |       AI_NETWORK_DATA_ACTIVATIONS(activations)
      |       ^~~~~~~~~~~~~~~~~~~~~~~~~~~
../X-CUBE-AI/App/network_data.h:25:3: note: (near initialization for 'params')
   25 |   ai_network_data_activations_buffer_get(AI_HANDLE_PTR(ptr_))
      |   ^~~~~~~~~~~~~~~~~~~~~~~~~~~~~~~~~~~~~~
../Core/Src/main.c:107:7: note: in expansion of macro 'AI_NETWORK_DATA_ACTIVATIONS'
  107 |       AI_NETWORK_DATA_ACTIVATIONS(activations)
      |       ^~~~~~~~~~~~~~~~~~~~~~~~~~~
../Core/Src/main.c:105:28: error: storage size of 'params' isn't known
  105 |   struct ai_network_params params = {
      |                            ^~~~~~
../Core/Src/main.c:113:14: error: 'ai_buffer' {aka 'struct ai_buffer_'} has no member named 'n_batches'
  113 |   ai_input[0].n_batches = 1;
      |              ^
../Core/Src/main.c:115:15: error: 'ai_buffer' {aka 'struct ai_buffer_'} has no member named 'n_batches'
  115 |   ai_output[0].n_batches = 1;
      |               ^
../Core/Src/main.c:140:31: error: 'M_PI' undeclared (first use in this function)
  140 |           if (x_pos > (2.0f * M_PI)) x_pos = 0;
      |                               ^~~~
../Core/Src/main.c:140:31: note: each undeclared identifier is reported only once for each function it appears in
../Core/Src/main.c:105:28: warning: unused variable 'params' [-Wunused-variable]
  105 |   struct ai_network_params params = {
      |                            ^~~~~~
make: *** [Core/Src/subdir.mk:34: Core/Src/main.o] Error 1
"make -j8 all" terminated with exit code 2. Build might be incomplete.
10:13:13 **** Incremental Build of configuration Debug for project STM32_AI_Sine_TF ****
make -j8 all 
arm-none-eabi-gcc "../Core/Src/main.c" -mcpu=cortex-m0plus -std=gnu11 -g3 -DDEBUG -DUSE_HAL_DRIVER -DSTM32G071xx -c -I../Core/Inc -I../Drivers/STM32G0xx_HAL_Driver/Inc -I../Drivers/STM32G0xx_HAL_Driver/Inc/Legacy -I../Drivers/CMSIS/Device/ST/STM32G0xx/Include -I../Drivers/CMSIS/Include -I../X-CUBE-AI/App -I../X-CUBE-AI -I../Middlewares/ST/AI/Inc -O0 -ffunction-sections -fdata-sections -Wall -fstack-usage -fcyclomatic-complexity -MMD -MP -MF"Core/Src/main.d" -MT"Core/Src/main.o" --specs=nano.specs -mfloat-abi=soft -mthumb -o "Core/Src/main.o"
arm-none-eabi-gcc -o "STM32_AI_Sine_TF.elf" @"objects.list"  -l:NetworkRuntime1020_CM0+_GCC.a -mcpu=cortex-m0plus -T"/home/montanab/STM32CubeIDE/workspace_1.19.0/STM32_AI_Sine_TF/STM32G071RBTX_FLASH.ld" --specs=nosys.specs -Wl,-Map="STM32_AI_Sine_TF.map" -Wl,--gc-sections -static -L../Middlewares/ST/AI/Lib --specs=nano.specs -mfloat-abi=soft -mthumb -Wl,--start-group -lc -lm -Wl,--end-group
Finished building target: STM32_AI_Sine_TF.elf
 
arm-none-eabi-size  STM32_AI_Sine_TF.elf 
arm-none-eabi-objdump -h -S STM32_AI_Sine_TF.elf  > "STM32_AI_Sine_TF.list"
   text	   data	    bss	    dec	    hex	filename
  28884	   1780	   5224	  35888	   8c30	STM32_AI_Sine_TF.elf
Finished building: default.size.stdout
 
Finished building: STM32_AI_Sine_TF.list
 
10:18:58 **** Incremental Build of configuration Debug for project STM32_AI_Sine_TF ****
make -j8 all 
arm-none-eabi-gcc "../X-CUBE-AI/App/app_x-cube-ai.c" -mcpu=cortex-m0plus -std=gnu11 -g3 -DDEBUG -DUSE_HAL_DRIVER -DSTM32G071xx -c -I../Core/Inc -I../Drivers/STM32G0xx_HAL_Driver/Inc -I../Drivers/STM32G0xx_HAL_Driver/Inc/Legacy -I../Drivers/CMSIS/Device/ST/STM32G0xx/Include -I../Drivers/CMSIS/Include -I../X-CUBE-AI/App -I../X-CUBE-AI -I../Middlewares/ST/AI/Inc -O0 -ffunction-sections -fdata-sections -Wall -fstack-usage -fcyclomatic-complexity -MMD -MP -MF"X-CUBE-AI/App/app_x-cube-ai.d" -MT"X-CUBE-AI/App/app_x-cube-ai.o" --specs=nano.specs -mfloat-abi=soft -mthumb -o "X-CUBE-AI/App/app_x-cube-ai.o"
arm-none-eabi-gcc "../X-CUBE-AI/App/network.c" -mcpu=cortex-m0plus -std=gnu11 -g3 -DDEBUG -DUSE_HAL_DRIVER -DSTM32G071xx -c -I../Core/Inc -I../Drivers/STM32G0xx_HAL_Driver/Inc -I../Drivers/STM32G0xx_HAL_Driver/Inc/Legacy -I../Drivers/CMSIS/Device/ST/STM32G0xx/Include -I../Drivers/CMSIS/Include -I../X-CUBE-AI/App -I../X-CUBE-AI -I../Middlewares/ST/AI/Inc -O0 -ffunction-sections -fdata-sections -Wall -fstack-usage -fcyclomatic-complexity -MMD -MP -MF"X-CUBE-AI/App/network.d" -MT"X-CUBE-AI/App/network.o" --specs=nano.specs -mfloat-abi=soft -mthumb -o "X-CUBE-AI/App/network.o"
arm-none-eabi-gcc "../X-CUBE-AI/App/network_data.c" -mcpu=cortex-m0plus -std=gnu11 -g3 -DDEBUG -DUSE_HAL_DRIVER -DSTM32G071xx -c -I../Core/Inc -I../Drivers/STM32G0xx_HAL_Driver/Inc -I../Drivers/STM32G0xx_HAL_Driver/Inc/Legacy -I../Drivers/CMSIS/Device/ST/STM32G0xx/Include -I../Drivers/CMSIS/Include -I../X-CUBE-AI/App -I../X-CUBE-AI -I../Middlewares/ST/AI/Inc -O0 -ffunction-sections -fdata-sections -Wall -fstack-usage -fcyclomatic-complexity -MMD -MP -MF"X-CUBE-AI/App/network_data.d" -MT"X-CUBE-AI/App/network_data.o" --specs=nano.specs -mfloat-abi=soft -mthumb -o "X-CUBE-AI/App/network_data.o"
arm-none-eabi-gcc "../X-CUBE-AI/App/network_data_params.c" -mcpu=cortex-m0plus -std=gnu11 -g3 -DDEBUG -DUSE_HAL_DRIVER -DSTM32G071xx -c -I../Core/Inc -I../Drivers/STM32G0xx_HAL_Driver/Inc -I../Drivers/STM32G0xx_HAL_Driver/Inc/Legacy -I../Drivers/CMSIS/Device/ST/STM32G0xx/Include -I../Drivers/CMSIS/Include -I../X-CUBE-AI/App -I../X-CUBE-AI -I../Middlewares/ST/AI/Inc -O0 -ffunction-sections -fdata-sections -Wall -fstack-usage -fcyclomatic-complexity -MMD -MP -MF"X-CUBE-AI/App/network_data_params.d" -MT"X-CUBE-AI/App/network_data_params.o" --specs=nano.specs -mfloat-abi=soft -mthumb -o "X-CUBE-AI/App/network_data_params.o"
arm-none-eabi-gcc "../Drivers/STM32G0xx_HAL_Driver/Src/stm32g0xx_hal.c" -mcpu=cortex-m0plus -std=gnu11 -g3 -DDEBUG -DUSE_HAL_DRIVER -DSTM32G071xx -c -I../Core/Inc -I../Drivers/STM32G0xx_HAL_Driver/Inc -I../Drivers/STM32G0xx_HAL_Driver/Inc/Legacy -I../Drivers/CMSIS/Device/ST/STM32G0xx/Include -I../Drivers/CMSIS/Include -I../X-CUBE-AI/App -I../X-CUBE-AI -I../Middlewares/ST/AI/Inc -O0 -ffunction-sections -fdata-sections -Wall -fstack-usage -fcyclomatic-complexity -MMD -MP -MF"Drivers/STM32G0xx_HAL_Driver/Src/stm32g0xx_hal.d" -MT"Drivers/STM32G0xx_HAL_Driver/Src/stm32g0xx_hal.o" --specs=nano.specs -mfloat-abi=soft -mthumb -o "Drivers/STM32G0xx_HAL_Driver/Src/stm32g0xx_hal.o"
arm-none-eabi-gcc "../Drivers/STM32G0xx_HAL_Driver/Src/stm32g0xx_hal_cortex.c" -mcpu=cortex-m0plus -std=gnu11 -g3 -DDEBUG -DUSE_HAL_DRIVER -DSTM32G071xx -c -I../Core/Inc -I../Drivers/STM32G0xx_HAL_Driver/Inc -I../Drivers/STM32G0xx_HAL_Driver/Inc/Legacy -I../Drivers/CMSIS/Device/ST/STM32G0xx/Include -I../Drivers/CMSIS/Include -I../X-CUBE-AI/App -I../X-CUBE-AI -I../Middlewares/ST/AI/Inc -O0 -ffunction-sections -fdata-sections -Wall -fstack-usage -fcyclomatic-complexity -MMD -MP -MF"Drivers/STM32G0xx_HAL_Driver/Src/stm32g0xx_hal_cortex.d" -MT"Drivers/STM32G0xx_HAL_Driver/Src/stm32g0xx_hal_cortex.o" --specs=nano.specs -mfloat-abi=soft -mthumb -o "Drivers/STM32G0xx_HAL_Driver/Src/stm32g0xx_hal_cortex.o"
arm-none-eabi-gcc "../Drivers/STM32G0xx_HAL_Driver/Src/stm32g0xx_hal_dma.c" -mcpu=cortex-m0plus -std=gnu11 -g3 -DDEBUG -DUSE_HAL_DRIVER -DSTM32G071xx -c -I../Core/Inc -I../Drivers/STM32G0xx_HAL_Driver/Inc -I../Drivers/STM32G0xx_HAL_Driver/Inc/Legacy -I../Drivers/CMSIS/Device/ST/STM32G0xx/Include -I../Drivers/CMSIS/Include -I../X-CUBE-AI/App -I../X-CUBE-AI -I../Middlewares/ST/AI/Inc -O0 -ffunction-sections -fdata-sections -Wall -fstack-usage -fcyclomatic-complexity -MMD -MP -MF"Drivers/STM32G0xx_HAL_Driver/Src/stm32g0xx_hal_dma.d" -MT"Drivers/STM32G0xx_HAL_Driver/Src/stm32g0xx_hal_dma.o" --specs=nano.specs -mfloat-abi=soft -mthumb -o "Drivers/STM32G0xx_HAL_Driver/Src/stm32g0xx_hal_dma.o"
arm-none-eabi-gcc "../Drivers/STM32G0xx_HAL_Driver/Src/stm32g0xx_hal_dma_ex.c" -mcpu=cortex-m0plus -std=gnu11 -g3 -DDEBUG -DUSE_HAL_DRIVER -DSTM32G071xx -c -I../Core/Inc -I../Drivers/STM32G0xx_HAL_Driver/Inc -I../Drivers/STM32G0xx_HAL_Driver/Inc/Legacy -I../Drivers/CMSIS/Device/ST/STM32G0xx/Include -I../Drivers/CMSIS/Include -I../X-CUBE-AI/App -I../X-CUBE-AI -I../Middlewares/ST/AI/Inc -O0 -ffunction-sections -fdata-sections -Wall -fstack-usage -fcyclomatic-complexity -MMD -MP -MF"Drivers/STM32G0xx_HAL_Driver/Src/stm32g0xx_hal_dma_ex.d" -MT"Drivers/STM32G0xx_HAL_Driver/Src/stm32g0xx_hal_dma_ex.o" --specs=nano.specs -mfloat-abi=soft -mthumb -o "Drivers/STM32G0xx_HAL_Driver/Src/stm32g0xx_hal_dma_ex.o"
arm-none-eabi-gcc "../Drivers/STM32G0xx_HAL_Driver/Src/stm32g0xx_hal_exti.c" -mcpu=cortex-m0plus -std=gnu11 -g3 -DDEBUG -DUSE_HAL_DRIVER -DSTM32G071xx -c -I../Core/Inc -I../Drivers/STM32G0xx_HAL_Driver/Inc -I../Drivers/STM32G0xx_HAL_Driver/Inc/Legacy -I../Drivers/CMSIS/Device/ST/STM32G0xx/Include -I../Drivers/CMSIS/Include -I../X-CUBE-AI/App -I../X-CUBE-AI -I../Middlewares/ST/AI/Inc -O0 -ffunction-sections -fdata-sections -Wall -fstack-usage -fcyclomatic-complexity -MMD -MP -MF"Drivers/STM32G0xx_HAL_Driver/Src/stm32g0xx_hal_exti.d" -MT"Drivers/STM32G0xx_HAL_Driver/Src/stm32g0xx_hal_exti.o" --specs=nano.specs -mfloat-abi=soft -mthumb -o "Drivers/STM32G0xx_HAL_Driver/Src/stm32g0xx_hal_exti.o"
arm-none-eabi-gcc "../Drivers/STM32G0xx_HAL_Driver/Src/stm32g0xx_hal_flash.c" -mcpu=cortex-m0plus -std=gnu11 -g3 -DDEBUG -DUSE_HAL_DRIVER -DSTM32G071xx -c -I../Core/Inc -I../Drivers/STM32G0xx_HAL_Driver/Inc -I../Drivers/STM32G0xx_HAL_Driver/Inc/Legacy -I../Drivers/CMSIS/Device/ST/STM32G0xx/Include -I../Drivers/CMSIS/Include -I../X-CUBE-AI/App -I../X-CUBE-AI -I../Middlewares/ST/AI/Inc -O0 -ffunction-sections -fdata-sections -Wall -fstack-usage -fcyclomatic-complexity -MMD -MP -MF"Drivers/STM32G0xx_HAL_Driver/Src/stm32g0xx_hal_flash.d" -MT"Drivers/STM32G0xx_HAL_Driver/Src/stm32g0xx_hal_flash.o" --specs=nano.specs -mfloat-abi=soft -mthumb -o "Drivers/STM32G0xx_HAL_Driver/Src/stm32g0xx_hal_flash.o"
arm-none-eabi-gcc "../Drivers/STM32G0xx_HAL_Driver/Src/stm32g0xx_hal_flash_ex.c" -mcpu=cortex-m0plus -std=gnu11 -g3 -DDEBUG -DUSE_HAL_DRIVER -DSTM32G071xx -c -I../Core/Inc -I../Drivers/STM32G0xx_HAL_Driver/Inc -I../Drivers/STM32G0xx_HAL_Driver/Inc/Legacy -I../Drivers/CMSIS/Device/ST/STM32G0xx/Include -I../Drivers/CMSIS/Include -I../X-CUBE-AI/App -I../X-CUBE-AI -I../Middlewares/ST/AI/Inc -O0 -ffunction-sections -fdata-sections -Wall -fstack-usage -fcyclomatic-complexity -MMD -MP -MF"Drivers/STM32G0xx_HAL_Driver/Src/stm32g0xx_hal_flash_ex.d" -MT"Drivers/STM32G0xx_HAL_Driver/Src/stm32g0xx_hal_flash_ex.o" --specs=nano.specs -mfloat-abi=soft -mthumb -o "Drivers/STM32G0xx_HAL_Driver/Src/stm32g0xx_hal_flash_ex.o"
arm-none-eabi-gcc "../Drivers/STM32G0xx_HAL_Driver/Src/stm32g0xx_hal_gpio.c" -mcpu=cortex-m0plus -std=gnu11 -g3 -DDEBUG -DUSE_HAL_DRIVER -DSTM32G071xx -c -I../Core/Inc -I../Drivers/STM32G0xx_HAL_Driver/Inc -I../Drivers/STM32G0xx_HAL_Driver/Inc/Legacy -I../Drivers/CMSIS/Device/ST/STM32G0xx/Include -I../Drivers/CMSIS/Include -I../X-CUBE-AI/App -I../X-CUBE-AI -I../Middlewares/ST/AI/Inc -O0 -ffunction-sections -fdata-sections -Wall -fstack-usage -fcyclomatic-complexity -MMD -MP -MF"Drivers/STM32G0xx_HAL_Driver/Src/stm32g0xx_hal_gpio.d" -MT"Drivers/STM32G0xx_HAL_Driver/Src/stm32g0xx_hal_gpio.o" --specs=nano.specs -mfloat-abi=soft -mthumb -o "Drivers/STM32G0xx_HAL_Driver/Src/stm32g0xx_hal_gpio.o"
arm-none-eabi-gcc "../Drivers/STM32G0xx_HAL_Driver/Src/stm32g0xx_hal_pwr.c" -mcpu=cortex-m0plus -std=gnu11 -g3 -DDEBUG -DUSE_HAL_DRIVER -DSTM32G071xx -c -I../Core/Inc -I../Drivers/STM32G0xx_HAL_Driver/Inc -I../Drivers/STM32G0xx_HAL_Driver/Inc/Legacy -I../Drivers/CMSIS/Device/ST/STM32G0xx/Include -I../Drivers/CMSIS/Include -I../X-CUBE-AI/App -I../X-CUBE-AI -I../Middlewares/ST/AI/Inc -O0 -ffunction-sections -fdata-sections -Wall -fstack-usage -fcyclomatic-complexity -MMD -MP -MF"Drivers/STM32G0xx_HAL_Driver/Src/stm32g0xx_hal_pwr.d" -MT"Drivers/STM32G0xx_HAL_Driver/Src/stm32g0xx_hal_pwr.o" --specs=nano.specs -mfloat-abi=soft -mthumb -o "Drivers/STM32G0xx_HAL_Driver/Src/stm32g0xx_hal_pwr.o"
arm-none-eabi-gcc "../Drivers/STM32G0xx_HAL_Driver/Src/stm32g0xx_hal_pwr_ex.c" -mcpu=cortex-m0plus -std=gnu11 -g3 -DDEBUG -DUSE_HAL_DRIVER -DSTM32G071xx -c -I../Core/Inc -I../Drivers/STM32G0xx_HAL_Driver/Inc -I../Drivers/STM32G0xx_HAL_Driver/Inc/Legacy -I../Drivers/CMSIS/Device/ST/STM32G0xx/Include -I../Drivers/CMSIS/Include -I../X-CUBE-AI/App -I../X-CUBE-AI -I../Middlewares/ST/AI/Inc -O0 -ffunction-sections -fdata-sections -Wall -fstack-usage -fcyclomatic-complexity -MMD -MP -MF"Drivers/STM32G0xx_HAL_Driver/Src/stm32g0xx_hal_pwr_ex.d" -MT"Drivers/STM32G0xx_HAL_Driver/Src/stm32g0xx_hal_pwr_ex.o" --specs=nano.specs -mfloat-abi=soft -mthumb -o "Drivers/STM32G0xx_HAL_Driver/Src/stm32g0xx_hal_pwr_ex.o"
arm-none-eabi-gcc "../Drivers/STM32G0xx_HAL_Driver/Src/stm32g0xx_hal_rcc.c" -mcpu=cortex-m0plus -std=gnu11 -g3 -DDEBUG -DUSE_HAL_DRIVER -DSTM32G071xx -c -I../Core/Inc -I../Drivers/STM32G0xx_HAL_Driver/Inc -I../Drivers/STM32G0xx_HAL_Driver/Inc/Legacy -I../Drivers/CMSIS/Device/ST/STM32G0xx/Include -I../Drivers/CMSIS/Include -I../X-CUBE-AI/App -I../X-CUBE-AI -I../Middlewares/ST/AI/Inc -O0 -ffunction-sections -fdata-sections -Wall -fstack-usage -fcyclomatic-complexity -MMD -MP -MF"Drivers/STM32G0xx_HAL_Driver/Src/stm32g0xx_hal_rcc.d" -MT"Drivers/STM32G0xx_HAL_Driver/Src/stm32g0xx_hal_rcc.o" --specs=nano.specs -mfloat-abi=soft -mthumb -o "Drivers/STM32G0xx_HAL_Driver/Src/stm32g0xx_hal_rcc.o"
arm-none-eabi-gcc "../Drivers/STM32G0xx_HAL_Driver/Src/stm32g0xx_hal_rcc_ex.c" -mcpu=cortex-m0plus -std=gnu11 -g3 -DDEBUG -DUSE_HAL_DRIVER -DSTM32G071xx -c -I../Core/Inc -I../Drivers/STM32G0xx_HAL_Driver/Inc -I../Drivers/STM32G0xx_HAL_Driver/Inc/Legacy -I../Drivers/CMSIS/Device/ST/STM32G0xx/Include -I../Drivers/CMSIS/Include -I../X-CUBE-AI/App -I../X-CUBE-AI -I../Middlewares/ST/AI/Inc -O0 -ffunction-sections -fdata-sections -Wall -fstack-usage -fcyclomatic-complexity -MMD -MP -MF"Drivers/STM32G0xx_HAL_Driver/Src/stm32g0xx_hal_rcc_ex.d" -MT"Drivers/STM32G0xx_HAL_Driver/Src/stm32g0xx_hal_rcc_ex.o" --specs=nano.specs -mfloat-abi=soft -mthumb -o "Drivers/STM32G0xx_HAL_Driver/Src/stm32g0xx_hal_rcc_ex.o"
arm-none-eabi-gcc "../Drivers/STM32G0xx_HAL_Driver/Src/stm32g0xx_hal_tim.c" -mcpu=cortex-m0plus -std=gnu11 -g3 -DDEBUG -DUSE_HAL_DRIVER -DSTM32G071xx -c -I../Core/Inc -I../Drivers/STM32G0xx_HAL_Driver/Inc -I../Drivers/STM32G0xx_HAL_Driver/Inc/Legacy -I../Drivers/CMSIS/Device/ST/STM32G0xx/Include -I../Drivers/CMSIS/Include -I../X-CUBE-AI/App -I../X-CUBE-AI -I../Middlewares/ST/AI/Inc -O0 -ffunction-sections -fdata-sections -Wall -fstack-usage -fcyclomatic-complexity -MMD -MP -MF"Drivers/STM32G0xx_HAL_Driver/Src/stm32g0xx_hal_tim.d" -MT"Drivers/STM32G0xx_HAL_Driver/Src/stm32g0xx_hal_tim.o" --specs=nano.specs -mfloat-abi=soft -mthumb -o "Drivers/STM32G0xx_HAL_Driver/Src/stm32g0xx_hal_tim.o"
arm-none-eabi-gcc "../Drivers/STM32G0xx_HAL_Driver/Src/stm32g0xx_hal_tim_ex.c" -mcpu=cortex-m0plus -std=gnu11 -g3 -DDEBUG -DUSE_HAL_DRIVER -DSTM32G071xx -c -I../Core/Inc -I../Drivers/STM32G0xx_HAL_Driver/Inc -I../Drivers/STM32G0xx_HAL_Driver/Inc/Legacy -I../Drivers/CMSIS/Device/ST/STM32G0xx/Include -I../Drivers/CMSIS/Include -I../X-CUBE-AI/App -I../X-CUBE-AI -I../Middlewares/ST/AI/Inc -O0 -ffunction-sections -fdata-sections -Wall -fstack-usage -fcyclomatic-complexity -MMD -MP -MF"Drivers/STM32G0xx_HAL_Driver/Src/stm32g0xx_hal_tim_ex.d" -MT"Drivers/STM32G0xx_HAL_Driver/Src/stm32g0xx_hal_tim_ex.o" --specs=nano.specs -mfloat-abi=soft -mthumb -o "Drivers/STM32G0xx_HAL_Driver/Src/stm32g0xx_hal_tim_ex.o"
arm-none-eabi-gcc "../Drivers/STM32G0xx_HAL_Driver/Src/stm32g0xx_hal_uart.c" -mcpu=cortex-m0plus -std=gnu11 -g3 -DDEBUG -DUSE_HAL_DRIVER -DSTM32G071xx -c -I../Core/Inc -I../Drivers/STM32G0xx_HAL_Driver/Inc -I../Drivers/STM32G0xx_HAL_Driver/Inc/Legacy -I../Drivers/CMSIS/Device/ST/STM32G0xx/Include -I../Drivers/CMSIS/Include -I../X-CUBE-AI/App -I../X-CUBE-AI -I../Middlewares/ST/AI/Inc -O0 -ffunction-sections -fdata-sections -Wall -fstack-usage -fcyclomatic-complexity -MMD -MP -MF"Drivers/STM32G0xx_HAL_Driver/Src/stm32g0xx_hal_uart.d" -MT"Drivers/STM32G0xx_HAL_Driver/Src/stm32g0xx_hal_uart.o" --specs=nano.specs -mfloat-abi=soft -mthumb -o "Drivers/STM32G0xx_HAL_Driver/Src/stm32g0xx_hal_uart.o"
arm-none-eabi-gcc "../Drivers/STM32G0xx_HAL_Driver/Src/stm32g0xx_hal_uart_ex.c" -mcpu=cortex-m0plus -std=gnu11 -g3 -DDEBUG -DUSE_HAL_DRIVER -DSTM32G071xx -c -I../Core/Inc -I../Drivers/STM32G0xx_HAL_Driver/Inc -I../Drivers/STM32G0xx_HAL_Driver/Inc/Legacy -I../Drivers/CMSIS/Device/ST/STM32G0xx/Include -I../Drivers/CMSIS/Include -I../X-CUBE-AI/App -I../X-CUBE-AI -I../Middlewares/ST/AI/Inc -O0 -ffunction-sections -fdata-sections -Wall -fstack-usage -fcyclomatic-complexity -MMD -MP -MF"Drivers/STM32G0xx_HAL_Driver/Src/stm32g0xx_hal_uart_ex.d" -MT"Drivers/STM32G0xx_HAL_Driver/Src/stm32g0xx_hal_uart_ex.o" --specs=nano.specs -mfloat-abi=soft -mthumb -o "Drivers/STM32G0xx_HAL_Driver/Src/stm32g0xx_hal_uart_ex.o"
arm-none-eabi-gcc "../Drivers/STM32G0xx_HAL_Driver/Src/stm32g0xx_ll_rcc.c" -mcpu=cortex-m0plus -std=gnu11 -g3 -DDEBUG -DUSE_HAL_DRIVER -DSTM32G071xx -c -I../Core/Inc -I../Drivers/STM32G0xx_HAL_Driver/Inc -I../Drivers/STM32G0xx_HAL_Driver/Inc/Legacy -I../Drivers/CMSIS/Device/ST/STM32G0xx/Include -I../Drivers/CMSIS/Include -I../X-CUBE-AI/App -I../X-CUBE-AI -I../Middlewares/ST/AI/Inc -O0 -ffunction-sections -fdata-sections -Wall -fstack-usage -fcyclomatic-complexity -MMD -MP -MF"Drivers/STM32G0xx_HAL_Driver/Src/stm32g0xx_ll_rcc.d" -MT"Drivers/STM32G0xx_HAL_Driver/Src/stm32g0xx_ll_rcc.o" --specs=nano.specs -mfloat-abi=soft -mthumb -o "Drivers/STM32G0xx_HAL_Driver/Src/stm32g0xx_ll_rcc.o"
arm-none-eabi-gcc "../Core/Src/main.c" -mcpu=cortex-m0plus -std=gnu11 -g3 -DDEBUG -DUSE_HAL_DRIVER -DSTM32G071xx -c -I../Core/Inc -I../Drivers/STM32G0xx_HAL_Driver/Inc -I../Drivers/STM32G0xx_HAL_Driver/Inc/Legacy -I../Drivers/CMSIS/Device/ST/STM32G0xx/Include -I../Drivers/CMSIS/Include -I../X-CUBE-AI/App -I../X-CUBE-AI -I../Middlewares/ST/AI/Inc -O0 -ffunction-sections -fdata-sections -Wall -fstack-usage -fcyclomatic-complexity -MMD -MP -MF"Core/Src/main.d" -MT"Core/Src/main.o" --specs=nano.specs -mfloat-abi=soft -mthumb -o "Core/Src/main.o"
arm-none-eabi-gcc "../Core/Src/stm32g0xx_hal_msp.c" -mcpu=cortex-m0plus -std=gnu11 -g3 -DDEBUG -DUSE_HAL_DRIVER -DSTM32G071xx -c -I../Core/Inc -I../Drivers/STM32G0xx_HAL_Driver/Inc -I../Drivers/STM32G0xx_HAL_Driver/Inc/Legacy -I../Drivers/CMSIS/Device/ST/STM32G0xx/Include -I../Drivers/CMSIS/Include -I../X-CUBE-AI/App -I../X-CUBE-AI -I../Middlewares/ST/AI/Inc -O0 -ffunction-sections -fdata-sections -Wall -fstack-usage -fcyclomatic-complexity -MMD -MP -MF"Core/Src/stm32g0xx_hal_msp.d" -MT"Core/Src/stm32g0xx_hal_msp.o" --specs=nano.specs -mfloat-abi=soft -mthumb -o "Core/Src/stm32g0xx_hal_msp.o"
arm-none-eabi-gcc "../Core/Src/stm32g0xx_it.c" -mcpu=cortex-m0plus -std=gnu11 -g3 -DDEBUG -DUSE_HAL_DRIVER -DSTM32G071xx -c -I../Core/Inc -I../Drivers/STM32G0xx_HAL_Driver/Inc -I../Drivers/STM32G0xx_HAL_Driver/Inc/Legacy -I../Drivers/CMSIS/Device/ST/STM32G0xx/Include -I../Drivers/CMSIS/Include -I../X-CUBE-AI/App -I../X-CUBE-AI -I../Middlewares/ST/AI/Inc -O0 -ffunction-sections -fdata-sections -Wall -fstack-usage -fcyclomatic-complexity -MMD -MP -MF"Core/Src/stm32g0xx_it.d" -MT"Core/Src/stm32g0xx_it.o" --specs=nano.specs -mfloat-abi=soft -mthumb -o "Core/Src/stm32g0xx_it.o"
arm-none-eabi-gcc "../Core/Src/system_stm32g0xx.c" -mcpu=cortex-m0plus -std=gnu11 -g3 -DDEBUG -DUSE_HAL_DRIVER -DSTM32G071xx -c -I../Core/Inc -I../Drivers/STM32G0xx_HAL_Driver/Inc -I../Drivers/STM32G0xx_HAL_Driver/Inc/Legacy -I../Drivers/CMSIS/Device/ST/STM32G0xx/Include -I../Drivers/CMSIS/Include -I../X-CUBE-AI/App -I../X-CUBE-AI -I../Middlewares/ST/AI/Inc -O0 -ffunction-sections -fdata-sections -Wall -fstack-usage -fcyclomatic-complexity -MMD -MP -MF"Core/Src/system_stm32g0xx.d" -MT"Core/Src/system_stm32g0xx.o" --specs=nano.specs -mfloat-abi=soft -mthumb -o "Core/Src/system_stm32g0xx.o"
arm-none-eabi-gcc -o "STM32_AI_Sine_TF.elf" @"objects.list"  -l:NetworkRuntime1020_CM0+_GCC.a -mcpu=cortex-m0plus -T"/home/montanab/STM32CubeIDE/workspace_1.19.0/STM32_AI_Sine_TF/STM32G071RBTX_FLASH.ld" --specs=nosys.specs -Wl,-Map="STM32_AI_Sine_TF.map" -Wl,--gc-sections -static -L../Middlewares/ST/AI/Lib --specs=nano.specs -mfloat-abi=soft -mthumb -Wl,--start-group -lc -lm -Wl,--end-group
Finished building target: STM32_AI_Sine_TF.elf
 
arm-none-eabi-size  STM32_AI_Sine_TF.elf 
arm-none-eabi-objdump -h -S STM32_AI_Sine_TF.elf  > "STM32_AI_Sine_TF.list"
   text	   data	    bss	    dec	    hex	filename
  34824	   1780	   5384	  41988	   a404	STM32_AI_Sine_TF.elf
Finished building: default.size.stdout
 
Finished building: STM32_AI_Sine_TF.list
 
10:24:28 **** Incremental Build of configuration Debug for project STM32_AI_Sine_TF ****
make -j8 all 
arm-none-eabi-gcc "../X-CUBE-AI/App/app_x-cube-ai.c" -mcpu=cortex-m0plus -std=gnu11 -g3 -DDEBUG -DUSE_HAL_DRIVER -DSTM32G071xx -c -I../Core/Inc -I../Drivers/STM32G0xx_HAL_Driver/Inc -I../Drivers/STM32G0xx_HAL_Driver/Inc/Legacy -I../Drivers/CMSIS/Device/ST/STM32G0xx/Include -I../Drivers/CMSIS/Include -I../X-CUBE-AI/App -I../X-CUBE-AI -I../Middlewares/ST/AI/Inc -O0 -ffunction-sections -fdata-sections -Wall -fstack-usage -fcyclomatic-complexity -MMD -MP -MF"X-CUBE-AI/App/app_x-cube-ai.d" -MT"X-CUBE-AI/App/app_x-cube-ai.o" --specs=nano.specs -mfloat-abi=soft -mthumb -o "X-CUBE-AI/App/app_x-cube-ai.o"
arm-none-eabi-gcc "../Core/Src/main.c" -mcpu=cortex-m0plus -std=gnu11 -g3 -DDEBUG -DUSE_HAL_DRIVER -DSTM32G071xx -c -I../Core/Inc -I../Drivers/STM32G0xx_HAL_Driver/Inc -I../Drivers/STM32G0xx_HAL_Driver/Inc/Legacy -I../Drivers/CMSIS/Device/ST/STM32G0xx/Include -I../Drivers/CMSIS/Include -I../X-CUBE-AI/App -I../X-CUBE-AI -I../Middlewares/ST/AI/Inc -O0 -ffunction-sections -fdata-sections -Wall -fstack-usage -fcyclomatic-complexity -MMD -MP -MF"Core/Src/main.d" -MT"Core/Src/main.o" --specs=nano.specs -mfloat-abi=soft -mthumb -o "Core/Src/main.o"
In file included from ../X-CUBE-AI/App/app_x-cube-ai.c:54:
../X-CUBE-AI/App/app_x-cube-ai.h:31:23: error: 'AI_NETWORK_IN_1_SIZE' undeclared here (not in a function)
   31 | extern float aiInData[AI_NETWORK_IN_1_SIZE];
      |                       ^~~~~~~~~~~~~~~~~~~~
../X-CUBE-AI/App/app_x-cube-ai.c: In function 'MX_X_CUBE_AI_Process':
../X-CUBE-AI/App/app_x-cube-ai.c:220:37: error: 'out_data' undeclared (first use in this function)
  220 |                  float prediction = out_data[0];
      |                                     ^~~~~~~~
../X-CUBE-AI/App/app_x-cube-ai.c:220:37: note: each undeclared identifier is reported only once for each function it appears in
In file included from ../Core/Inc/stm32g0xx_hal_conf.h:315,
                 from ../Drivers/STM32G0xx_HAL_Driver/Inc/stm32g0xx_hal.h:29,
                 from ../Core/Inc/main.h:30,
                 from ../X-CUBE-AI/App/app_x-cube-ai.c:55:
../X-CUBE-AI/App/app_x-cube-ai.c:222:41: error: 'htim2' undeclared (first use in this function)
  222 |                  __HAL_TIM_SET_COMPARE(&htim2, TIM_CHANNEL_1, pwm_val);
      |                                         ^~~~~
../Drivers/STM32G0xx_HAL_Driver/Inc/stm32g0xx_hal_tim.h:1581:41: note: in definition of macro '__HAL_TIM_SET_COMPARE'
 1581 |   (((__CHANNEL__) == TIM_CHANNEL_1) ? ((__HANDLE__)->Instance->CCR1 = (__COMPARE__)) :\
      |                                         ^~~~~~~~~~
../X-CUBE-AI/App/app_x-cube-ai.c:225:25: error: 'M_PI' undeclared (first use in this function)
  225 |     if (x_pos > (2.0f * M_PI)) x_pos = 0;
      |                         ^~~~
../X-CUBE-AI/App/app_x-cube-ai.c:212:7: warning: unused variable 'res' [-Wunused-variable]
  212 |   int res = -1;
      |       ^~~
In file included from ../Core/Src/main.c:21:
../X-CUBE-AI/App/app_x-cube-ai.h:31:23: error: 'AI_NETWORK_IN_1_SIZE' undeclared here (not in a function)
   31 | extern float aiInData[AI_NETWORK_IN_1_SIZE];
      |                       ^~~~~~~~~~~~~~~~~~~~
make: *** [X-CUBE-AI/App/subdir.mk:28: X-CUBE-AI/App/app_x-cube-ai.o] Error 1
make: *** Waiting for unfinished jobs....
make: *** [Core/Src/subdir.mk:34: Core/Src/main.o] Error 1
"make -j8 all" terminated with exit code 2. Build might be incomplete.
10:25:48 **** Incremental Build of configuration Debug for project STM32_AI_Sine_TF ****
make -j8 all 
arm-none-eabi-gcc "../X-CUBE-AI/App/app_x-cube-ai.c" -mcpu=cortex-m0plus -std=gnu11 -g3 -DDEBUG -DUSE_HAL_DRIVER -DSTM32G071xx -c -I../Core/Inc -I../Drivers/STM32G0xx_HAL_Driver/Inc -I../Drivers/STM32G0xx_HAL_Driver/Inc/Legacy -I../Drivers/CMSIS/Device/ST/STM32G0xx/Include -I../Drivers/CMSIS/Include -I../X-CUBE-AI/App -I../X-CUBE-AI -I../Middlewares/ST/AI/Inc -O0 -ffunction-sections -fdata-sections -Wall -fstack-usage -fcyclomatic-complexity -MMD -MP -MF"X-CUBE-AI/App/app_x-cube-ai.d" -MT"X-CUBE-AI/App/app_x-cube-ai.o" --specs=nano.specs -mfloat-abi=soft -mthumb -o "X-CUBE-AI/App/app_x-cube-ai.o"
arm-none-eabi-gcc "../Core/Src/main.c" -mcpu=cortex-m0plus -std=gnu11 -g3 -DDEBUG -DUSE_HAL_DRIVER -DSTM32G071xx -c -I../Core/Inc -I../Drivers/STM32G0xx_HAL_Driver/Inc -I../Drivers/STM32G0xx_HAL_Driver/Inc/Legacy -I../Drivers/CMSIS/Device/ST/STM32G0xx/Include -I../Drivers/CMSIS/Include -I../X-CUBE-AI/App -I../X-CUBE-AI -I../Middlewares/ST/AI/Inc -O0 -ffunction-sections -fdata-sections -Wall -fstack-usage -fcyclomatic-complexity -MMD -MP -MF"Core/Src/main.d" -MT"Core/Src/main.o" --specs=nano.specs -mfloat-abi=soft -mthumb -o "Core/Src/main.o"
In file included from ../X-CUBE-AI/App/app_x-cube-ai.c:54:
../X-CUBE-AI/App/app_x-cube-ai.h:31:23: error: 'AI_NETWORK_IN_1_SIZE' undeclared here (not in a function)
   31 | extern float aiInData[AI_NETWORK_IN_1_SIZE];
      |                       ^~~~~~~~~~~~~~~~~~~~
../X-CUBE-AI/App/app_x-cube-ai.c: In function 'MX_X_CUBE_AI_Process':
../X-CUBE-AI/App/app_x-cube-ai.c:219:37: error: incompatible types when initializing type 'float' using type 'ai_i8 *' {aka 'signed char *'}
  219 |                  float prediction = data_outs[0];
      |                                     ^~~~~~~~~
In file included from ../Core/Inc/stm32g0xx_hal_conf.h:315,
                 from ../Drivers/STM32G0xx_HAL_Driver/Inc/stm32g0xx_hal.h:29,
                 from ../Core/Inc/main.h:30,
                 from ../X-CUBE-AI/App/app_x-cube-ai.c:55:
../X-CUBE-AI/App/app_x-cube-ai.c:221:41: error: 'htim2' undeclared (first use in this function)
  221 |                  __HAL_TIM_SET_COMPARE(&htim2, TIM_CHANNEL_1, pwm_val);
      |                                         ^~~~~
../Drivers/STM32G0xx_HAL_Driver/Inc/stm32g0xx_hal_tim.h:1581:41: note: in definition of macro '__HAL_TIM_SET_COMPARE'
 1581 |   (((__CHANNEL__) == TIM_CHANNEL_1) ? ((__HANDLE__)->Instance->CCR1 = (__COMPARE__)) :\
      |                                         ^~~~~~~~~~
../X-CUBE-AI/App/app_x-cube-ai.c:221:41: note: each undeclared identifier is reported only once for each function it appears in
  221 |                  __HAL_TIM_SET_COMPARE(&htim2, TIM_CHANNEL_1, pwm_val);
      |                                         ^~~~~
../Drivers/STM32G0xx_HAL_Driver/Inc/stm32g0xx_hal_tim.h:1581:41: note: in definition of macro '__HAL_TIM_SET_COMPARE'
 1581 |   (((__CHANNEL__) == TIM_CHANNEL_1) ? ((__HANDLE__)->Instance->CCR1 = (__COMPARE__)) :\
      |                                         ^~~~~~~~~~
../X-CUBE-AI/App/app_x-cube-ai.c:224:25: error: 'M_PI' undeclared (first use in this function)
  224 |     if (x_pos > (2.0f * M_PI)) x_pos = 0;
      |                         ^~~~
make: *** [X-CUBE-AI/App/subdir.mk:28: X-CUBE-AI/App/app_x-cube-ai.o] Error 1
make: *** Waiting for unfinished jobs....
In file included from ../Core/Src/main.c:21:
../X-CUBE-AI/App/app_x-cube-ai.h:31:23: error: 'AI_NETWORK_IN_1_SIZE' undeclared here (not in a function)
   31 | extern float aiInData[AI_NETWORK_IN_1_SIZE];
      |                       ^~~~~~~~~~~~~~~~~~~~
make: *** [Core/Src/subdir.mk:34: Core/Src/main.o] Error 1
"make -j8 all" terminated with exit code 2. Build might be incomplete.
10:29:46 **** Incremental Build of configuration Debug for project STM32_AI_Sine_TF ****
make -j8 all 
arm-none-eabi-gcc "../X-CUBE-AI/App/app_x-cube-ai.c" -mcpu=cortex-m0plus -std=gnu11 -g3 -DDEBUG -DUSE_HAL_DRIVER -DSTM32G071xx -c -I../Core/Inc -I../Drivers/STM32G0xx_HAL_Driver/Inc -I../Drivers/STM32G0xx_HAL_Driver/Inc/Legacy -I../Drivers/CMSIS/Device/ST/STM32G0xx/Include -I../Drivers/CMSIS/Include -I../X-CUBE-AI/App -I../X-CUBE-AI -I../Middlewares/ST/AI/Inc -O0 -ffunction-sections -fdata-sections -Wall -fstack-usage -fcyclomatic-complexity -MMD -MP -MF"X-CUBE-AI/App/app_x-cube-ai.d" -MT"X-CUBE-AI/App/app_x-cube-ai.o" --specs=nano.specs -mfloat-abi=soft -mthumb -o "X-CUBE-AI/App/app_x-cube-ai.o"
arm-none-eabi-gcc "../Core/Src/main.c" -mcpu=cortex-m0plus -std=gnu11 -g3 -DDEBUG -DUSE_HAL_DRIVER -DSTM32G071xx -c -I../Core/Inc -I../Drivers/STM32G0xx_HAL_Driver/Inc -I../Drivers/STM32G0xx_HAL_Driver/Inc/Legacy -I../Drivers/CMSIS/Device/ST/STM32G0xx/Include -I../Drivers/CMSIS/Include -I../X-CUBE-AI/App -I../X-CUBE-AI -I../Middlewares/ST/AI/Inc -O0 -ffunction-sections -fdata-sections -Wall -fstack-usage -fcyclomatic-complexity -MMD -MP -MF"Core/Src/main.d" -MT"Core/Src/main.o" --specs=nano.specs -mfloat-abi=soft -mthumb -o "Core/Src/main.o"
In file included from ../X-CUBE-AI/App/app_x-cube-ai.c:54:
../X-CUBE-AI/App/app_x-cube-ai.h:31:23: error: 'AI_NETWORK_IN_1_SIZE' undeclared here (not in a function)
   31 | extern float aiInData[AI_NETWORK_IN_1_SIZE];
      |                       ^~~~~~~~~~~~~~~~~~~~
../X-CUBE-AI/App/app_x-cube-ai.c: In function 'MX_X_CUBE_AI_Process':
../X-CUBE-AI/App/app_x-cube-ai.c:219:37: error: incompatible types when initializing type 'float' using type 'ai_i8 *' {aka 'signed char *'}
  219 |                  float prediction = data_outs[0];
      |                                     ^~~~~~~~~
In file included from ../Core/Inc/stm32g0xx_hal_conf.h:315,
                 from ../Drivers/STM32G0xx_HAL_Driver/Inc/stm32g0xx_hal.h:29,
                 from ../Core/Inc/main.h:30,
                 from ../X-CUBE-AI/App/app_x-cube-ai.c:55:
../X-CUBE-AI/App/app_x-cube-ai.c:221:41: error: 'htim2' undeclared (first use in this function)
  221 |                  __HAL_TIM_SET_COMPARE(&htim2, TIM_CHANNEL_1, pwm_val);
      |                                         ^~~~~
../Drivers/STM32G0xx_HAL_Driver/Inc/stm32g0xx_hal_tim.h:1581:41: note: in definition of macro '__HAL_TIM_SET_COMPARE'
 1581 |   (((__CHANNEL__) == TIM_CHANNEL_1) ? ((__HANDLE__)->Instance->CCR1 = (__COMPARE__)) :\
      |                                         ^~~~~~~~~~
../X-CUBE-AI/App/app_x-cube-ai.c:221:41: note: each undeclared identifier is reported only once for each function it appears in
  221 |                  __HAL_TIM_SET_COMPARE(&htim2, TIM_CHANNEL_1, pwm_val);
      |                                         ^~~~~
../Drivers/STM32G0xx_HAL_Driver/Inc/stm32g0xx_hal_tim.h:1581:41: note: in definition of macro '__HAL_TIM_SET_COMPARE'
 1581 |   (((__CHANNEL__) == TIM_CHANNEL_1) ? ((__HANDLE__)->Instance->CCR1 = (__COMPARE__)) :\
      |                                         ^~~~~~~~~~
../X-CUBE-AI/App/app_x-cube-ai.c:224:25: error: 'M_PI' undeclared (first use in this function)
  224 |     if (x_pos > (2.0f * M_PI)) x_pos = 0;
      |                         ^~~~
make: *** [X-CUBE-AI/App/subdir.mk:28: X-CUBE-AI/App/app_x-cube-ai.o] Error 1
make: *** Waiting for unfinished jobs....
In file included from ../Core/Src/main.c:21:
../X-CUBE-AI/App/app_x-cube-ai.h:31:23: error: 'AI_NETWORK_IN_1_SIZE' undeclared here (not in a function)
   31 | extern float aiInData[AI_NETWORK_IN_1_SIZE];
      |                       ^~~~~~~~~~~~~~~~~~~~
make: *** [Core/Src/subdir.mk:34: Core/Src/main.o] Error 1
"make -j8 all" terminated with exit code 2. Build might be incomplete.
10:30:47 **** Incremental Build of configuration Debug for project STM32_AI_Sine_TF ****
make -j8 all 
arm-none-eabi-gcc "../X-CUBE-AI/App/app_x-cube-ai.c" -mcpu=cortex-m0plus -std=gnu11 -g3 -DDEBUG -DUSE_HAL_DRIVER -DSTM32G071xx -c -I../Core/Inc -I../Drivers/STM32G0xx_HAL_Driver/Inc -I../Drivers/STM32G0xx_HAL_Driver/Inc/Legacy -I../Drivers/CMSIS/Device/ST/STM32G0xx/Include -I../Drivers/CMSIS/Include -I../X-CUBE-AI/App -I../X-CUBE-AI -I../Middlewares/ST/AI/Inc -O0 -ffunction-sections -fdata-sections -Wall -fstack-usage -fcyclomatic-complexity -MMD -MP -MF"X-CUBE-AI/App/app_x-cube-ai.d" -MT"X-CUBE-AI/App/app_x-cube-ai.o" --specs=nano.specs -mfloat-abi=soft -mthumb -o "X-CUBE-AI/App/app_x-cube-ai.o"
arm-none-eabi-gcc "../Core/Src/main.c" -mcpu=cortex-m0plus -std=gnu11 -g3 -DDEBUG -DUSE_HAL_DRIVER -DSTM32G071xx -c -I../Core/Inc -I../Drivers/STM32G0xx_HAL_Driver/Inc -I../Drivers/STM32G0xx_HAL_Driver/Inc/Legacy -I../Drivers/CMSIS/Device/ST/STM32G0xx/Include -I../Drivers/CMSIS/Include -I../X-CUBE-AI/App -I../X-CUBE-AI -I../Middlewares/ST/AI/Inc -O0 -ffunction-sections -fdata-sections -Wall -fstack-usage -fcyclomatic-complexity -MMD -MP -MF"Core/Src/main.d" -MT"Core/Src/main.o" --specs=nano.specs -mfloat-abi=soft -mthumb -o "Core/Src/main.o"
In file included from ../X-CUBE-AI/App/app_x-cube-ai.c:54:
../X-CUBE-AI/App/app_x-cube-ai.h:31:23: error: 'AI_NETWORK_IN_1_SIZE' undeclared here (not in a function)
   31 | extern float aiInData[AI_NETWORK_IN_1_SIZE];
      |                       ^~~~~~~~~~~~~~~~~~~~
../X-CUBE-AI/App/app_x-cube-ai.c: In function 'MX_X_CUBE_AI_Process':
../X-CUBE-AI/App/app_x-cube-ai.c:219:37: error: 'aiOutData' undeclared (first use in this function); did you mean 'aiInData'?
  219 |                  float prediction = aiOutData[0];
      |                                     ^~~~~~~~~
      |                                     aiInData
../X-CUBE-AI/App/app_x-cube-ai.c:219:37: note: each undeclared identifier is reported only once for each function it appears in
In file included from ../Core/Inc/stm32g0xx_hal_conf.h:315,
                 from ../Drivers/STM32G0xx_HAL_Driver/Inc/stm32g0xx_hal.h:29,
                 from ../Core/Inc/main.h:30,
                 from ../X-CUBE-AI/App/app_x-cube-ai.c:55:
../X-CUBE-AI/App/app_x-cube-ai.c:221:41: error: 'htim2' undeclared (first use in this function)
  221 |                  __HAL_TIM_SET_COMPARE(&htim2, TIM_CHANNEL_1, pwm_val);
      |                                         ^~~~~
../Drivers/STM32G0xx_HAL_Driver/Inc/stm32g0xx_hal_tim.h:1581:41: note: in definition of macro '__HAL_TIM_SET_COMPARE'
 1581 |   (((__CHANNEL__) == TIM_CHANNEL_1) ? ((__HANDLE__)->Instance->CCR1 = (__COMPARE__)) :\
      |                                         ^~~~~~~~~~
../X-CUBE-AI/App/app_x-cube-ai.c:224:25: error: 'M_PI' undeclared (first use in this function)
  224 |     if (x_pos > (2.0f * M_PI)) x_pos = 0;
      |                         ^~~~
In file included from ../Core/Src/main.c:21:
../X-CUBE-AI/App/app_x-cube-ai.h:31:23: error: 'AI_NETWORK_IN_1_SIZE' undeclared here (not in a function)
   31 | extern float aiInData[AI_NETWORK_IN_1_SIZE];
      |                       ^~~~~~~~~~~~~~~~~~~~
make: *** [X-CUBE-AI/App/subdir.mk:28: X-CUBE-AI/App/app_x-cube-ai.o] Error 1
make: *** Waiting for unfinished jobs....
make: *** [Core/Src/subdir.mk:34: Core/Src/main.o] Error 1
"make -j8 all" terminated with exit code 2. Build might be incomplete.
10:37:41 **** Incremental Build of configuration Debug for project STM32_AI_Sine_TF ****
make -j8 all 
arm-none-eabi-gcc "../X-CUBE-AI/App/app_x-cube-ai.c" -mcpu=cortex-m0plus -std=gnu11 -g3 -DDEBUG -DUSE_HAL_DRIVER -DSTM32G071xx -c -I../Core/Inc -I../Drivers/STM32G0xx_HAL_Driver/Inc -I../Drivers/STM32G0xx_HAL_Driver/Inc/Legacy -I../Drivers/CMSIS/Device/ST/STM32G0xx/Include -I../Drivers/CMSIS/Include -I../X-CUBE-AI/App -I../X-CUBE-AI -I../Middlewares/ST/AI/Inc -O0 -ffunction-sections -fdata-sections -Wall -fstack-usage -fcyclomatic-complexity -MMD -MP -MF"X-CUBE-AI/App/app_x-cube-ai.d" -MT"X-CUBE-AI/App/app_x-cube-ai.o" --specs=nano.specs -mfloat-abi=soft -mthumb -o "X-CUBE-AI/App/app_x-cube-ai.o"
arm-none-eabi-gcc "../Core/Src/main.c" -mcpu=cortex-m0plus -std=gnu11 -g3 -DDEBUG -DUSE_HAL_DRIVER -DSTM32G071xx -c -I../Core/Inc -I../Drivers/STM32G0xx_HAL_Driver/Inc -I../Drivers/STM32G0xx_HAL_Driver/Inc/Legacy -I../Drivers/CMSIS/Device/ST/STM32G0xx/Include -I../Drivers/CMSIS/Include -I../X-CUBE-AI/App -I../X-CUBE-AI -I../Middlewares/ST/AI/Inc -O0 -ffunction-sections -fdata-sections -Wall -fstack-usage -fcyclomatic-complexity -MMD -MP -MF"Core/Src/main.d" -MT"Core/Src/main.o" --specs=nano.specs -mfloat-abi=soft -mthumb -o "Core/Src/main.o"
In file included from ../X-CUBE-AI/App/app_x-cube-ai.c:54:
../X-CUBE-AI/App/app_x-cube-ai.h:31:23: error: 'AI_NETWORK_IN_1_SIZE' undeclared here (not in a function)
   31 | extern float aiInData[AI_NETWORK_IN_1_SIZE];
      |                       ^~~~~~~~~~~~~~~~~~~~
../X-CUBE-AI/App/app_x-cube-ai.c: In function 'MX_X_CUBE_AI_Process':
../X-CUBE-AI/App/app_x-cube-ai.c:219:37: error: 'aiOutData' undeclared (first use in this function); did you mean 'aiInData'?
  219 |                  float prediction = aiOutData[0];
      |                                     ^~~~~~~~~
      |                                     aiInData
../X-CUBE-AI/App/app_x-cube-ai.c:219:37: note: each undeclared identifier is reported only once for each function it appears in
In file included from ../Core/Inc/stm32g0xx_hal_conf.h:315,
                 from ../Drivers/STM32G0xx_HAL_Driver/Inc/stm32g0xx_hal.h:29,
                 from ../Core/Inc/main.h:30,
                 from ../X-CUBE-AI/App/app_x-cube-ai.c:55:
../X-CUBE-AI/App/app_x-cube-ai.c:221:41: error: 'htim2' undeclared (first use in this function)
  221 |                  __HAL_TIM_SET_COMPARE(&htim2, TIM_CHANNEL_1, pwm_val);
      |                                         ^~~~~
../Drivers/STM32G0xx_HAL_Driver/Inc/stm32g0xx_hal_tim.h:1581:41: note: in definition of macro '__HAL_TIM_SET_COMPARE'
 1581 |   (((__CHANNEL__) == TIM_CHANNEL_1) ? ((__HANDLE__)->Instance->CCR1 = (__COMPARE__)) :\
      |                                         ^~~~~~~~~~
../X-CUBE-AI/App/app_x-cube-ai.c:224:25: error: 'M_PI' undeclared (first use in this function)
  224 |     if (x_pos > (2.0f * M_PI)) x_pos = 0;
      |                         ^~~~
make: *** [X-CUBE-AI/App/subdir.mk:28: X-CUBE-AI/App/app_x-cube-ai.o] Error 1
make: *** Waiting for unfinished jobs....
In file included from ../Core/Src/main.c:21:
../X-CUBE-AI/App/app_x-cube-ai.h:31:23: error: 'AI_NETWORK_IN_1_SIZE' undeclared here (not in a function)
   31 | extern float aiInData[AI_NETWORK_IN_1_SIZE];
      |                       ^~~~~~~~~~~~~~~~~~~~
../Core/Src/main.c: In function 'AI_Init':
../Core/Src/main.c:75:40: error: 'activations' undeclared (first use in this function)
   75 |         const ai_handle act_addr[] = { activations };
      |                                        ^~~~~~~~~~~
../Core/Src/main.c:75:40: note: each undeclared identifier is reported only once for each function it appears in
../Core/Src/main.c:77:43: error: 'network' undeclared (first use in this function)
   77 |         err = ai_network_create_and_init(&network, act_addr, NULL);
      |                                           ^~~~~~~
../Core/Src/main.c:82:9: error: 'ai_input' undeclared (first use in this function); did you mean 'ai_int'?
   82 |         ai_input = ai_network_inputs_get(network, NULL);
      |         ^~~~~~~~
      |         ai_int
../Core/Src/main.c:83:9: error: 'ai_output' undeclared (first use in this function)
   83 |         ai_output = ai_network_outputs_get(network, NULL);
      |         ^~~~~~~~~
../Core/Src/main.c: In function 'AI_Run':
../Core/Src/main.c:92:9: error: 'ai_input' undeclared (first use in this function); did you mean 'ai_int'?
   92 |         ai_input[0].data = AI_HANDLE_PTR(pIn);
      |         ^~~~~~~~
      |         ai_int
../Core/Src/main.c:93:9: error: 'ai_output' undeclared (first use in this function)
   93 |         ai_output[0].data = AI_HANDLE_PTR(pOut);
      |         ^~~~~~~~~
../Core/Src/main.c:95:32: error: 'network' undeclared (first use in this function)
   95 |         batch = ai_network_run(network, ai_input, ai_output);
      |                                ^~~~~~~
In file included from ../Core/Inc/stm32g0xx_hal_conf.h:315,
                 from ../Drivers/STM32G0xx_HAL_Driver/Inc/stm32g0xx_hal.h:29,
                 from ../Core/Inc/main.h:30,
                 from ../Core/Src/main.c:20:
../Core/Src/main.c: In function 'main':
../Core/Src/main.c:158:40: error: 'htim3' undeclared (first use in this function); did you mean 'htim2'?
  158 |                 __HAL_TIM_SET_COMPARE(&htim3, TIM_CHANNEL_1, pwm_val);
      |                                        ^~~~~
../Drivers/STM32G0xx_HAL_Driver/Inc/stm32g0xx_hal_tim.h:1581:41: note: in definition of macro '__HAL_TIM_SET_COMPARE'
 1581 |   (((__CHANNEL__) == TIM_CHANNEL_1) ? ((__HANDLE__)->Instance->CCR1 = (__COMPARE__)) :\
      |                                         ^~~~~~~~~~
make: *** [Core/Src/subdir.mk:34: Core/Src/main.o] Error 1
"make -j8 all" terminated with exit code 2. Build might be incomplete.
10:37:49 **** Incremental Build of configuration Debug for project STM32_AI_Sine_TF ****
make -j8 all 
arm-none-eabi-gcc "../X-CUBE-AI/App/app_x-cube-ai.c" -mcpu=cortex-m0plus -std=gnu11 -g3 -DDEBUG -DUSE_HAL_DRIVER -DSTM32G071xx -c -I../Core/Inc -I../Drivers/STM32G0xx_HAL_Driver/Inc -I../Drivers/STM32G0xx_HAL_Driver/Inc/Legacy -I../Drivers/CMSIS/Device/ST/STM32G0xx/Include -I../Drivers/CMSIS/Include -I../X-CUBE-AI/App -I../X-CUBE-AI -I../Middlewares/ST/AI/Inc -O0 -ffunction-sections -fdata-sections -Wall -fstack-usage -fcyclomatic-complexity -MMD -MP -MF"X-CUBE-AI/App/app_x-cube-ai.d" -MT"X-CUBE-AI/App/app_x-cube-ai.o" --specs=nano.specs -mfloat-abi=soft -mthumb -o "X-CUBE-AI/App/app_x-cube-ai.o"
arm-none-eabi-gcc "../Core/Src/main.c" -mcpu=cortex-m0plus -std=gnu11 -g3 -DDEBUG -DUSE_HAL_DRIVER -DSTM32G071xx -c -I../Core/Inc -I../Drivers/STM32G0xx_HAL_Driver/Inc -I../Drivers/STM32G0xx_HAL_Driver/Inc/Legacy -I../Drivers/CMSIS/Device/ST/STM32G0xx/Include -I../Drivers/CMSIS/Include -I../X-CUBE-AI/App -I../X-CUBE-AI -I../Middlewares/ST/AI/Inc -O0 -ffunction-sections -fdata-sections -Wall -fstack-usage -fcyclomatic-complexity -MMD -MP -MF"Core/Src/main.d" -MT"Core/Src/main.o" --specs=nano.specs -mfloat-abi=soft -mthumb -o "Core/Src/main.o"
In file included from ../X-CUBE-AI/App/app_x-cube-ai.c:54:
../X-CUBE-AI/App/app_x-cube-ai.h:31:23: error: 'AI_NETWORK_IN_1_SIZE' undeclared here (not in a function)
   31 | extern float aiInData[AI_NETWORK_IN_1_SIZE];
      |                       ^~~~~~~~~~~~~~~~~~~~
../X-CUBE-AI/App/app_x-cube-ai.c: In function 'MX_X_CUBE_AI_Process':
../X-CUBE-AI/App/app_x-cube-ai.c:219:37: error: 'aiOutData' undeclared (first use in this function); did you mean 'aiInData'?
  219 |                  float prediction = aiOutData[0];
      |                                     ^~~~~~~~~
      |                                     aiInData
../X-CUBE-AI/App/app_x-cube-ai.c:219:37: note: each undeclared identifier is reported only once for each function it appears in
In file included from ../Core/Inc/stm32g0xx_hal_conf.h:315,
                 from ../Drivers/STM32G0xx_HAL_Driver/Inc/stm32g0xx_hal.h:29,
                 from ../Core/Inc/main.h:30,
                 from ../X-CUBE-AI/App/app_x-cube-ai.c:55:
../X-CUBE-AI/App/app_x-cube-ai.c:221:41: error: 'htim2' undeclared (first use in this function)
  221 |                  __HAL_TIM_SET_COMPARE(&htim2, TIM_CHANNEL_1, pwm_val);
      |                                         ^~~~~
../Drivers/STM32G0xx_HAL_Driver/Inc/stm32g0xx_hal_tim.h:1581:41: note: in definition of macro '__HAL_TIM_SET_COMPARE'
 1581 |   (((__CHANNEL__) == TIM_CHANNEL_1) ? ((__HANDLE__)->Instance->CCR1 = (__COMPARE__)) :\
      |                                         ^~~~~~~~~~
../X-CUBE-AI/App/app_x-cube-ai.c:224:25: error: 'M_PI' undeclared (first use in this function)
  224 |     if (x_pos > (2.0f * M_PI)) x_pos = 0;
      |                         ^~~~
make: *** [X-CUBE-AI/App/subdir.mk:28: X-CUBE-AI/App/app_x-cube-ai.o] Error 1
make: *** Waiting for unfinished jobs....
In file included from ../Core/Src/main.c:21:
../X-CUBE-AI/App/app_x-cube-ai.h:31:23: error: 'AI_NETWORK_IN_1_SIZE' undeclared here (not in a function)
   31 | extern float aiInData[AI_NETWORK_IN_1_SIZE];
      |                       ^~~~~~~~~~~~~~~~~~~~
../Core/Src/main.c: In function 'AI_Init':
../Core/Src/main.c:75:40: error: 'activations' undeclared (first use in this function)
   75 |         const ai_handle act_addr[] = { activations };
      |                                        ^~~~~~~~~~~
../Core/Src/main.c:75:40: note: each undeclared identifier is reported only once for each function it appears in
../Core/Src/main.c:77:43: error: 'network' undeclared (first use in this function)
   77 |         err = ai_network_create_and_init(&network, act_addr, NULL);
      |                                           ^~~~~~~
../Core/Src/main.c:82:9: error: 'ai_input' undeclared (first use in this function); did you mean 'ai_int'?
   82 |         ai_input = ai_network_inputs_get(network, NULL);
      |         ^~~~~~~~
      |         ai_int
../Core/Src/main.c:83:9: error: 'ai_output' undeclared (first use in this function)
   83 |         ai_output = ai_network_outputs_get(network, NULL);
      |         ^~~~~~~~~
../Core/Src/main.c: In function 'AI_Run':
../Core/Src/main.c:92:9: error: 'ai_input' undeclared (first use in this function); did you mean 'ai_int'?
   92 |         ai_input[0].data = AI_HANDLE_PTR(pIn);
      |         ^~~~~~~~
      |         ai_int
../Core/Src/main.c:93:9: error: 'ai_output' undeclared (first use in this function)
   93 |         ai_output[0].data = AI_HANDLE_PTR(pOut);
      |         ^~~~~~~~~
../Core/Src/main.c:95:32: error: 'network' undeclared (first use in this function)
   95 |         batch = ai_network_run(network, ai_input, ai_output);
      |                                ^~~~~~~
make: *** [Core/Src/subdir.mk:34: Core/Src/main.o] Error 1
"make -j8 all" terminated with exit code 2. Build might be incomplete.
10:38:18 **** Incremental Build of configuration Debug for project STM32_AI_Sine_TF ****
make -j8 all 
arm-none-eabi-gcc "../X-CUBE-AI/App/app_x-cube-ai.c" -mcpu=cortex-m0plus -std=gnu11 -g3 -DDEBUG -DUSE_HAL_DRIVER -DSTM32G071xx -c -I../Core/Inc -I../Drivers/STM32G0xx_HAL_Driver/Inc -I../Drivers/STM32G0xx_HAL_Driver/Inc/Legacy -I../Drivers/CMSIS/Device/ST/STM32G0xx/Include -I../Drivers/CMSIS/Include -I../X-CUBE-AI/App -I../X-CUBE-AI -I../Middlewares/ST/AI/Inc -O0 -ffunction-sections -fdata-sections -Wall -fstack-usage -fcyclomatic-complexity -MMD -MP -MF"X-CUBE-AI/App/app_x-cube-ai.d" -MT"X-CUBE-AI/App/app_x-cube-ai.o" --specs=nano.specs -mfloat-abi=soft -mthumb -o "X-CUBE-AI/App/app_x-cube-ai.o"
arm-none-eabi-gcc "../Core/Src/main.c" -mcpu=cortex-m0plus -std=gnu11 -g3 -DDEBUG -DUSE_HAL_DRIVER -DSTM32G071xx -c -I../Core/Inc -I../Drivers/STM32G0xx_HAL_Driver/Inc -I../Drivers/STM32G0xx_HAL_Driver/Inc/Legacy -I../Drivers/CMSIS/Device/ST/STM32G0xx/Include -I../Drivers/CMSIS/Include -I../X-CUBE-AI/App -I../X-CUBE-AI -I../Middlewares/ST/AI/Inc -O0 -ffunction-sections -fdata-sections -Wall -fstack-usage -fcyclomatic-complexity -MMD -MP -MF"Core/Src/main.d" -MT"Core/Src/main.o" --specs=nano.specs -mfloat-abi=soft -mthumb -o "Core/Src/main.o"
../X-CUBE-AI/App/app_x-cube-ai.c:157:12: warning: 'ai_run' defined but not used [-Wunused-function]
  157 | static int ai_run(void)
      |            ^~~~~~
../Core/Src/main.c: In function 'AI_Init':
../Core/Src/main.c:75:40: error: 'activations' undeclared (first use in this function)
   75 |         const ai_handle act_addr[] = { activations };
      |                                        ^~~~~~~~~~~
../Core/Src/main.c:75:40: note: each undeclared identifier is reported only once for each function it appears in
../Core/Src/main.c:77:43: error: 'network' undeclared (first use in this function)
   77 |         err = ai_network_create_and_init(&network, act_addr, NULL);
      |                                           ^~~~~~~
../Core/Src/main.c:82:9: error: 'ai_input' undeclared (first use in this function); did you mean 'ai_int'?
   82 |         ai_input = ai_network_inputs_get(network, NULL);
      |         ^~~~~~~~
      |         ai_int
../Core/Src/main.c:83:9: error: 'ai_output' undeclared (first use in this function)
   83 |         ai_output = ai_network_outputs_get(network, NULL);
      |         ^~~~~~~~~
../Core/Src/main.c: In function 'AI_Run':
../Core/Src/main.c:92:9: error: 'ai_input' undeclared (first use in this function); did you mean 'ai_int'?
   92 |         ai_input[0].data = AI_HANDLE_PTR(pIn);
      |         ^~~~~~~~
      |         ai_int
../Core/Src/main.c:93:9: error: 'ai_output' undeclared (first use in this function)
   93 |         ai_output[0].data = AI_HANDLE_PTR(pOut);
      |         ^~~~~~~~~
../Core/Src/main.c:95:32: error: 'network' undeclared (first use in this function)
   95 |         batch = ai_network_run(network, ai_input, ai_output);
      |                                ^~~~~~~
make: *** [Core/Src/subdir.mk:34: Core/Src/main.o] Error 1
make: *** Waiting for unfinished jobs....
"make -j8 all" terminated with exit code 2. Build might be incomplete.
10:38:53 **** Incremental Build of configuration Debug for project STM32_AI_Sine_TF ****
make -j8 all 
arm-none-eabi-gcc "../Core/Src/main.c" -mcpu=cortex-m0plus -std=gnu11 -g3 -DDEBUG -DUSE_HAL_DRIVER -DSTM32G071xx -c -I../Core/Inc -I../Drivers/STM32G0xx_HAL_Driver/Inc -I../Drivers/STM32G0xx_HAL_Driver/Inc/Legacy -I../Drivers/CMSIS/Device/ST/STM32G0xx/Include -I../Drivers/CMSIS/Include -I../X-CUBE-AI/App -I../X-CUBE-AI -I../Middlewares/ST/AI/Inc -O0 -ffunction-sections -fdata-sections -Wall -fstack-usage -fcyclomatic-complexity -MMD -MP -MF"Core/Src/main.d" -MT"Core/Src/main.o" --specs=nano.specs -mfloat-abi=soft -mthumb -o "Core/Src/main.o"
../Core/Src/main.c: In function 'AI_Init':
../Core/Src/main.c:84:9: error: 'ai_input' undeclared (first use in this function); did you mean 'ai_int'?
   84 |         ai_input = ai_network_inputs_get(network, NULL);
      |         ^~~~~~~~
      |         ai_int
../Core/Src/main.c:84:9: note: each undeclared identifier is reported only once for each function it appears in
../Core/Src/main.c:85:9: error: 'ai_output' undeclared (first use in this function)
   85 |         ai_output = ai_network_outputs_get(network, NULL);
      |         ^~~~~~~~~
../Core/Src/main.c: In function 'AI_Run':
../Core/Src/main.c:94:9: error: 'ai_input' undeclared (first use in this function); did you mean 'ai_int'?
   94 |         ai_input[0].data = AI_HANDLE_PTR(pIn);
      |         ^~~~~~~~
      |         ai_int
../Core/Src/main.c:95:9: error: 'ai_output' undeclared (first use in this function)
   95 |         ai_output[0].data = AI_HANDLE_PTR(pOut);
      |         ^~~~~~~~~
make: *** [Core/Src/subdir.mk:34: Core/Src/main.o] Error 1
"make -j8 all" terminated with exit code 2. Build might be incomplete.
10:39:20 **** Incremental Build of configuration Debug for project STM32_AI_Sine_TF ****
make -j8 all 
arm-none-eabi-gcc "../Core/Src/main.c" -mcpu=cortex-m0plus -std=gnu11 -g3 -DDEBUG -DUSE_HAL_DRIVER -DSTM32G071xx -c -I../Core/Inc -I../Drivers/STM32G0xx_HAL_Driver/Inc -I../Drivers/STM32G0xx_HAL_Driver/Inc/Legacy -I../Drivers/CMSIS/Device/ST/STM32G0xx/Include -I../Drivers/CMSIS/Include -I../X-CUBE-AI/App -I../X-CUBE-AI -I../Middlewares/ST/AI/Inc -O0 -ffunction-sections -fdata-sections -Wall -fstack-usage -fcyclomatic-complexity -MMD -MP -MF"Core/Src/main.d" -MT"Core/Src/main.o" --specs=nano.specs -mfloat-abi=soft -mthumb -o "Core/Src/main.o"
arm-none-eabi-gcc -o "STM32_AI_Sine_TF.elf" @"objects.list"  -l:NetworkRuntime1020_CM0+_GCC.a -mcpu=cortex-m0plus -T"/home/montanab/STM32CubeIDE/workspace_1.19.0/STM32_AI_Sine_TF/STM32G071RBTX_FLASH.ld" --specs=nosys.specs -Wl,-Map="STM32_AI_Sine_TF.map" -Wl,--gc-sections -static -L../Middlewares/ST/AI/Lib --specs=nano.specs -mfloat-abi=soft -mthumb -Wl,--start-group -lc -lm -Wl,--end-group
Finished building target: STM32_AI_Sine_TF.elf
 
arm-none-eabi-size  STM32_AI_Sine_TF.elf 
arm-none-eabi-objdump -h -S STM32_AI_Sine_TF.elf  > "STM32_AI_Sine_TF.list"
   text	   data	    bss	    dec	    hex	filename
  35540	   1776	   5360	  42676	   a6b4	STM32_AI_Sine_TF.elf
Finished building: default.size.stdout
 
Finished building: STM32_AI_Sine_TF.list
 
10:40:37 **** Incremental Build of configuration Debug for project STM32_AI_Sine_TF ****
make -j8 all 
arm-none-eabi-gcc -o "STM32_AI_Sine_TF.elf" @"objects.list"  -l:NetworkRuntime1020_CM0+_GCC.a -mcpu=cortex-m0plus -T"/home/montanab/STM32CubeIDE/workspace_1.19.0/STM32_AI_Sine_TF/STM32G071RBTX_FLASH.ld" --specs=nosys.specs -Wl,-Map="STM32_AI_Sine_TF.map" -Wl,--gc-sections -static -L../Middlewares/ST/AI/Lib --specs=nano.specs -mfloat-abi=soft -mthumb -u _printf_float -Wl,--start-group -lc -lm -Wl,--end-group
Finished building target: STM32_AI_Sine_TF.elf
 
arm-none-eabi-size  STM32_AI_Sine_TF.elf 
arm-none-eabi-objdump -h -S STM32_AI_Sine_TF.elf  > "STM32_AI_Sine_TF.list"
   text	   data	    bss	    dec	    hex	filename
  51044	   2140	   5364	  58548	   e4b4	STM32_AI_Sine_TF.elf
Finished building: default.size.stdout
 
Finished building: STM32_AI_Sine_TF.list
 
10:41:27 **** Incremental Build of configuration Debug for project STM32_AI_Sine_TF ****
make -j8 all 
arm-none-eabi-size  STM32_AI_Sine_TF.elf 
   text	   data	    bss	    dec	    hex	filename
  51044	   2140	   5364	  58548	   e4b4	STM32_AI_Sine_TF.elf
Finished building: default.size.stdout
 
10:42:55 **** Incremental Build of configuration Debug for project STM32_AI_Sine_TF ****
make -j8 all 
arm-none-eabi-gcc "../Core/Src/main.c" -mcpu=cortex-m0plus -std=gnu11 -g3 -DDEBUG -DUSE_HAL_DRIVER -DSTM32G071xx -c -I../Core/Inc -I../Drivers/STM32G0xx_HAL_Driver/Inc -I../Drivers/STM32G0xx_HAL_Driver/Inc/Legacy -I../Drivers/CMSIS/Device/ST/STM32G0xx/Include -I../Drivers/CMSIS/Include -I../X-CUBE-AI/App -I../X-CUBE-AI -I../Middlewares/ST/AI/Inc -O0 -ffunction-sections -fdata-sections -Wall -fstack-usage -fcyclomatic-complexity -MMD -MP -MF"Core/Src/main.d" -MT"Core/Src/main.o" --specs=nano.specs -mfloat-abi=soft -mthumb -o "Core/Src/main.o"
arm-none-eabi-gcc -o "STM32_AI_Sine_TF.elf" @"objects.list"  -l:NetworkRuntime1020_CM0+_GCC.a -mcpu=cortex-m0plus -T"/home/montanab/STM32CubeIDE/workspace_1.19.0/STM32_AI_Sine_TF/STM32G071RBTX_FLASH.ld" --specs=nosys.specs -Wl,-Map="STM32_AI_Sine_TF.map" -Wl,--gc-sections -static -L../Middlewares/ST/AI/Lib --specs=nano.specs -mfloat-abi=soft -mthumb -u _printf_float -Wl,--start-group -lc -lm -Wl,--end-group
Finished building target: STM32_AI_Sine_TF.elf
 
arm-none-eabi-size  STM32_AI_Sine_TF.elf 
arm-none-eabi-objdump -h -S STM32_AI_Sine_TF.elf  > "STM32_AI_Sine_TF.list"
   text	   data	    bss	    dec	    hex	filename
  51592	   2140	   5364	  59096	   e6d8	STM32_AI_Sine_TF.elf
Finished building: default.size.stdout
 
Finished building: STM32_AI_Sine_TF.list
 
10:47:31 **** Incremental Build of configuration Debug for project STM32_AI_Sine_TF ****
make -j8 all 
arm-none-eabi-gcc "../Core/Src/main.c" -mcpu=cortex-m0plus -std=gnu11 -g3 -DDEBUG -DUSE_HAL_DRIVER -DSTM32G071xx -c -I../Core/Inc -I../Drivers/STM32G0xx_HAL_Driver/Inc -I../Drivers/STM32G0xx_HAL_Driver/Inc/Legacy -I../Drivers/CMSIS/Device/ST/STM32G0xx/Include -I../Drivers/CMSIS/Include -I../X-CUBE-AI/App -I../X-CUBE-AI -I../Middlewares/ST/AI/Inc -O0 -ffunction-sections -fdata-sections -Wall -fstack-usage -fcyclomatic-complexity -MMD -MP -MF"Core/Src/main.d" -MT"Core/Src/main.o" --specs=nano.specs -mfloat-abi=soft -mthumb -o "Core/Src/main.o"
arm-none-eabi-gcc -o "STM32_AI_Sine_TF.elf" @"objects.list"  -l:NetworkRuntime1020_CM0+_GCC.a -mcpu=cortex-m0plus -T"/home/montanab/STM32CubeIDE/workspace_1.19.0/STM32_AI_Sine_TF/STM32G071RBTX_FLASH.ld" --specs=nosys.specs -Wl,-Map="STM32_AI_Sine_TF.map" -Wl,--gc-sections -static -L../Middlewares/ST/AI/Lib --specs=nano.specs -mfloat-abi=soft -mthumb -u _printf_float -Wl,--start-group -lc -lm -Wl,--end-group
Finished building target: STM32_AI_Sine_TF.elf
 
arm-none-eabi-size  STM32_AI_Sine_TF.elf 
arm-none-eabi-objdump -h -S STM32_AI_Sine_TF.elf  > "STM32_AI_Sine_TF.list"
   text	   data	    bss	    dec	    hex	filename
  51644	   2140	   5364	  59148	   e70c	STM32_AI_Sine_TF.elf
Finished building: default.size.stdout
 
Finished building: STM32_AI_Sine_TF.list
 
