22:11:42 **** Build of configuration Debug for project BlinkLED ****
make -j8 all 
arm-none-eabi-gcc "/home/montanab/STM32CubeIDE/BlinkLED/Drivers/STM32G0xx_HAL_Driver/Src/stm32g0xx_hal.c" -mcpu=cortex-m0plus -std=gnu11 -g3 -DDEBUG -DUSE_HAL_DRIVER -DSTM32G071xx -c -I../../Core/Inc -I../../Drivers/STM32G0xx_HAL_Driver/Inc -I../../Drivers/STM32G0xx_HAL_Driver/Inc/Legacy -I../../Drivers/CMSIS/Device/ST/STM32G0xx/Include -I../../Drivers/CMSIS/Include -O0 -ffunction-sections -fdata-sections -Wall -fstack-usage -fcyclomatic-complexity -MMD -MP -MF"Drivers/STM32G0xx_HAL_Driver/stm32g0xx_hal.d" -MT"Drivers/STM32G0xx_HAL_Driver/stm32g0xx_hal.o" --specs=nano.specs -mfloat-abi=soft -mthumb -o "Drivers/STM32G0xx_HAL_Driver/stm32g0xx_hal.o"
arm-none-eabi-gcc "/home/montanab/STM32CubeIDE/BlinkLED/Drivers/STM32G0xx_HAL_Driver/Src/stm32g0xx_hal_cortex.c" -mcpu=cortex-m0plus -std=gnu11 -g3 -DDEBUG -DUSE_HAL_DRIVER -DSTM32G071xx -c -I../../Core/Inc -I../../Drivers/STM32G0xx_HAL_Driver/Inc -I../../Drivers/STM32G0xx_HAL_Driver/Inc/Legacy -I../../Drivers/CMSIS/Device/ST/STM32G0xx/Include -I../../Drivers/CMSIS/Include -O0 -ffunction-sections -fdata-sections -Wall -fstack-usage -fcyclomatic-complexity -MMD -MP -MF"Drivers/STM32G0xx_HAL_Driver/stm32g0xx_hal_cortex.d" -MT"Drivers/STM32G0xx_HAL_Driver/stm32g0xx_hal_cortex.o" --specs=nano.specs -mfloat-abi=soft -mthumb -o "Drivers/STM32G0xx_HAL_Driver/stm32g0xx_hal_cortex.o"
arm-none-eabi-gcc "/home/montanab/STM32CubeIDE/BlinkLED/Drivers/STM32G0xx_HAL_Driver/Src/stm32g0xx_hal_dma.c" -mcpu=cortex-m0plus -std=gnu11 -g3 -DDEBUG -DUSE_HAL_DRIVER -DSTM32G071xx -c -I../../Core/Inc -I../../Drivers/STM32G0xx_HAL_Driver/Inc -I../../Drivers/STM32G0xx_HAL_Driver/Inc/Legacy -I../../Drivers/CMSIS/Device/ST/STM32G0xx/Include -I../../Drivers/CMSIS/Include -O0 -ffunction-sections -fdata-sections -Wall -fstack-usage -fcyclomatic-complexity -MMD -MP -MF"Drivers/STM32G0xx_HAL_Driver/stm32g0xx_hal_dma.d" -MT"Drivers/STM32G0xx_HAL_Driver/stm32g0xx_hal_dma.o" --specs=nano.specs -mfloat-abi=soft -mthumb -o "Drivers/STM32G0xx_HAL_Driver/stm32g0xx_hal_dma.o"
arm-none-eabi-gcc "/home/montanab/STM32CubeIDE/BlinkLED/Drivers/STM32G0xx_HAL_Driver/Src/stm32g0xx_hal_dma_ex.c" -mcpu=cortex-m0plus -std=gnu11 -g3 -DDEBUG -DUSE_HAL_DRIVER -DSTM32G071xx -c -I../../Core/Inc -I../../Drivers/STM32G0xx_HAL_Driver/Inc -I../../Drivers/STM32G0xx_HAL_Driver/Inc/Legacy -I../../Drivers/CMSIS/Device/ST/STM32G0xx/Include -I../../Drivers/CMSIS/Include -O0 -ffunction-sections -fdata-sections -Wall -fstack-usage -fcyclomatic-complexity -MMD -MP -MF"Drivers/STM32G0xx_HAL_Driver/stm32g0xx_hal_dma_ex.d" -MT"Drivers/STM32G0xx_HAL_Driver/stm32g0xx_hal_dma_ex.o" --specs=nano.specs -mfloat-abi=soft -mthumb -o "Drivers/STM32G0xx_HAL_Driver/stm32g0xx_hal_dma_ex.o"
arm-none-eabi-gcc "/home/montanab/STM32CubeIDE/BlinkLED/Drivers/STM32G0xx_HAL_Driver/Src/stm32g0xx_hal_exti.c" -mcpu=cortex-m0plus -std=gnu11 -g3 -DDEBUG -DUSE_HAL_DRIVER -DSTM32G071xx -c -I../../Core/Inc -I../../Drivers/STM32G0xx_HAL_Driver/Inc -I../../Drivers/STM32G0xx_HAL_Driver/Inc/Legacy -I../../Drivers/CMSIS/Device/ST/STM32G0xx/Include -I../../Drivers/CMSIS/Include -O0 -ffunction-sections -fdata-sections -Wall -fstack-usage -fcyclomatic-complexity -MMD -MP -MF"Drivers/STM32G0xx_HAL_Driver/stm32g0xx_hal_exti.d" -MT"Drivers/STM32G0xx_HAL_Driver/stm32g0xx_hal_exti.o" --specs=nano.specs -mfloat-abi=soft -mthumb -o "Drivers/STM32G0xx_HAL_Driver/stm32g0xx_hal_exti.o"
arm-none-eabi-gcc "/home/montanab/STM32CubeIDE/BlinkLED/Drivers/STM32G0xx_HAL_Driver/Src/stm32g0xx_hal_flash.c" -mcpu=cortex-m0plus -std=gnu11 -g3 -DDEBUG -DUSE_HAL_DRIVER -DSTM32G071xx -c -I../../Core/Inc -I../../Drivers/STM32G0xx_HAL_Driver/Inc -I../../Drivers/STM32G0xx_HAL_Driver/Inc/Legacy -I../../Drivers/CMSIS/Device/ST/STM32G0xx/Include -I../../Drivers/CMSIS/Include -O0 -ffunction-sections -fdata-sections -Wall -fstack-usage -fcyclomatic-complexity -MMD -MP -MF"Drivers/STM32G0xx_HAL_Driver/stm32g0xx_hal_flash.d" -MT"Drivers/STM32G0xx_HAL_Driver/stm32g0xx_hal_flash.o" --specs=nano.specs -mfloat-abi=soft -mthumb -o "Drivers/STM32G0xx_HAL_Driver/stm32g0xx_hal_flash.o"
arm-none-eabi-gcc "/home/montanab/STM32CubeIDE/BlinkLED/Drivers/STM32G0xx_HAL_Driver/Src/stm32g0xx_hal_flash_ex.c" -mcpu=cortex-m0plus -std=gnu11 -g3 -DDEBUG -DUSE_HAL_DRIVER -DSTM32G071xx -c -I../../Core/Inc -I../../Drivers/STM32G0xx_HAL_Driver/Inc -I../../Drivers/STM32G0xx_HAL_Driver/Inc/Legacy -I../../Drivers/CMSIS/Device/ST/STM32G0xx/Include -I../../Drivers/CMSIS/Include -O0 -ffunction-sections -fdata-sections -Wall -fstack-usage -fcyclomatic-complexity -MMD -MP -MF"Drivers/STM32G0xx_HAL_Driver/stm32g0xx_hal_flash_ex.d" -MT"Drivers/STM32G0xx_HAL_Driver/stm32g0xx_hal_flash_ex.o" --specs=nano.specs -mfloat-abi=soft -mthumb -o "Drivers/STM32G0xx_HAL_Driver/stm32g0xx_hal_flash_ex.o"
arm-none-eabi-gcc "/home/montanab/STM32CubeIDE/BlinkLED/Drivers/STM32G0xx_HAL_Driver/Src/stm32g0xx_hal_gpio.c" -mcpu=cortex-m0plus -std=gnu11 -g3 -DDEBUG -DUSE_HAL_DRIVER -DSTM32G071xx -c -I../../Core/Inc -I../../Drivers/STM32G0xx_HAL_Driver/Inc -I../../Drivers/STM32G0xx_HAL_Driver/Inc/Legacy -I../../Drivers/CMSIS/Device/ST/STM32G0xx/Include -I../../Drivers/CMSIS/Include -O0 -ffunction-sections -fdata-sections -Wall -fstack-usage -fcyclomatic-complexity -MMD -MP -MF"Drivers/STM32G0xx_HAL_Driver/stm32g0xx_hal_gpio.d" -MT"Drivers/STM32G0xx_HAL_Driver/stm32g0xx_hal_gpio.o" --specs=nano.specs -mfloat-abi=soft -mthumb -o "Drivers/STM32G0xx_HAL_Driver/stm32g0xx_hal_gpio.o"
arm-none-eabi-gcc "/home/montanab/STM32CubeIDE/BlinkLED/Drivers/STM32G0xx_HAL_Driver/Src/stm32g0xx_hal_pwr.c" -mcpu=cortex-m0plus -std=gnu11 -g3 -DDEBUG -DUSE_HAL_DRIVER -DSTM32G071xx -c -I../../Core/Inc -I../../Drivers/STM32G0xx_HAL_Driver/Inc -I../../Drivers/STM32G0xx_HAL_Driver/Inc/Legacy -I../../Drivers/CMSIS/Device/ST/STM32G0xx/Include -I../../Drivers/CMSIS/Include -O0 -ffunction-sections -fdata-sections -Wall -fstack-usage -fcyclomatic-complexity -MMD -MP -MF"Drivers/STM32G0xx_HAL_Driver/stm32g0xx_hal_pwr.d" -MT"Drivers/STM32G0xx_HAL_Driver/stm32g0xx_hal_pwr.o" --specs=nano.specs -mfloat-abi=soft -mthumb -o "Drivers/STM32G0xx_HAL_Driver/stm32g0xx_hal_pwr.o"
arm-none-eabi-gcc "/home/montanab/STM32CubeIDE/BlinkLED/Drivers/STM32G0xx_HAL_Driver/Src/stm32g0xx_hal_pwr_ex.c" -mcpu=cortex-m0plus -std=gnu11 -g3 -DDEBUG -DUSE_HAL_DRIVER -DSTM32G071xx -c -I../../Core/Inc -I../../Drivers/STM32G0xx_HAL_Driver/Inc -I../../Drivers/STM32G0xx_HAL_Driver/Inc/Legacy -I../../Drivers/CMSIS/Device/ST/STM32G0xx/Include -I../../Drivers/CMSIS/Include -O0 -ffunction-sections -fdata-sections -Wall -fstack-usage -fcyclomatic-complexity -MMD -MP -MF"Drivers/STM32G0xx_HAL_Driver/stm32g0xx_hal_pwr_ex.d" -MT"Drivers/STM32G0xx_HAL_Driver/stm32g0xx_hal_pwr_ex.o" --specs=nano.specs -mfloat-abi=soft -mthumb -o "Drivers/STM32G0xx_HAL_Driver/stm32g0xx_hal_pwr_ex.o"
arm-none-eabi-gcc "/home/montanab/STM32CubeIDE/BlinkLED/Drivers/STM32G0xx_HAL_Driver/Src/stm32g0xx_hal_rcc.c" -mcpu=cortex-m0plus -std=gnu11 -g3 -DDEBUG -DUSE_HAL_DRIVER -DSTM32G071xx -c -I../../Core/Inc -I../../Drivers/STM32G0xx_HAL_Driver/Inc -I../../Drivers/STM32G0xx_HAL_Driver/Inc/Legacy -I../../Drivers/CMSIS/Device/ST/STM32G0xx/Include -I../../Drivers/CMSIS/Include -O0 -ffunction-sections -fdata-sections -Wall -fstack-usage -fcyclomatic-complexity -MMD -MP -MF"Drivers/STM32G0xx_HAL_Driver/stm32g0xx_hal_rcc.d" -MT"Drivers/STM32G0xx_HAL_Driver/stm32g0xx_hal_rcc.o" --specs=nano.specs -mfloat-abi=soft -mthumb -o "Drivers/STM32G0xx_HAL_Driver/stm32g0xx_hal_rcc.o"
arm-none-eabi-gcc "/home/montanab/STM32CubeIDE/BlinkLED/Drivers/STM32G0xx_HAL_Driver/Src/stm32g0xx_hal_rcc_ex.c" -mcpu=cortex-m0plus -std=gnu11 -g3 -DDEBUG -DUSE_HAL_DRIVER -DSTM32G071xx -c -I../../Core/Inc -I../../Drivers/STM32G0xx_HAL_Driver/Inc -I../../Drivers/STM32G0xx_HAL_Driver/Inc/Legacy -I../../Drivers/CMSIS/Device/ST/STM32G0xx/Include -I../../Drivers/CMSIS/Include -O0 -ffunction-sections -fdata-sections -Wall -fstack-usage -fcyclomatic-complexity -MMD -MP -MF"Drivers/STM32G0xx_HAL_Driver/stm32g0xx_hal_rcc_ex.d" -MT"Drivers/STM32G0xx_HAL_Driver/stm32g0xx_hal_rcc_ex.o" --specs=nano.specs -mfloat-abi=soft -mthumb -o "Drivers/STM32G0xx_HAL_Driver/stm32g0xx_hal_rcc_ex.o"
arm-none-eabi-gcc "/home/montanab/STM32CubeIDE/BlinkLED/Drivers/STM32G0xx_HAL_Driver/Src/stm32g0xx_ll_rcc.c" -mcpu=cortex-m0plus -std=gnu11 -g3 -DDEBUG -DUSE_HAL_DRIVER -DSTM32G071xx -c -I../../Core/Inc -I../../Drivers/STM32G0xx_HAL_Driver/Inc -I../../Drivers/STM32G0xx_HAL_Driver/Inc/Legacy -I../../Drivers/CMSIS/Device/ST/STM32G0xx/Include -I../../Drivers/CMSIS/Include -O0 -ffunction-sections -fdata-sections -Wall -fstack-usage -fcyclomatic-complexity -MMD -MP -MF"Drivers/STM32G0xx_HAL_Driver/stm32g0xx_ll_rcc.d" -MT"Drivers/STM32G0xx_HAL_Driver/stm32g0xx_ll_rcc.o" --specs=nano.specs -mfloat-abi=soft -mthumb -o "Drivers/STM32G0xx_HAL_Driver/stm32g0xx_ll_rcc.o"
arm-none-eabi-gcc "/home/montanab/STM32CubeIDE/BlinkLED/Core/Src/system_stm32g0xx.c" -mcpu=cortex-m0plus -std=gnu11 -g3 -DDEBUG -DUSE_HAL_DRIVER -DSTM32G071xx -c -I../../Core/Inc -I../../Drivers/STM32G0xx_HAL_Driver/Inc -I../../Drivers/STM32G0xx_HAL_Driver/Inc/Legacy -I../../Drivers/CMSIS/Device/ST/STM32G0xx/Include -I../../Drivers/CMSIS/Include -O0 -ffunction-sections -fdata-sections -Wall -fstack-usage -fcyclomatic-complexity -MMD -MP -MF"Drivers/CMSIS/system_stm32g0xx.d" -MT"Drivers/CMSIS/system_stm32g0xx.o" --specs=nano.specs -mfloat-abi=soft -mthumb -o "Drivers/CMSIS/system_stm32g0xx.o"
arm-none-eabi-gcc -mcpu=cortex-m0plus -g3 -DDEBUG -c -x assembler-with-cpp -MMD -MP -MF"Application/User/Startup/startup_stm32g071rbtx.d" -MT"Application/User/Startup/startup_stm32g071rbtx.o" --specs=nano.specs -mfloat-abi=soft -mthumb -o "Application/User/Startup/startup_stm32g071rbtx.o" "../Application/User/Startup/startup_stm32g071rbtx.s"
arm-none-eabi-gcc "/home/montanab/STM32CubeIDE/BlinkLED/Core/Src/gpio.c" -mcpu=cortex-m0plus -std=gnu11 -g3 -DDEBUG -DUSE_HAL_DRIVER -DSTM32G071xx -c -I../../Core/Inc -I../../Drivers/STM32G0xx_HAL_Driver/Inc -I../../Drivers/STM32G0xx_HAL_Driver/Inc/Legacy -I../../Drivers/CMSIS/Device/ST/STM32G0xx/Include -I../../Drivers/CMSIS/Include -O0 -ffunction-sections -fdata-sections -Wall -fstack-usage -fcyclomatic-complexity -MMD -MP -MF"Application/User/Core/gpio.d" -MT"Application/User/Core/gpio.o" --specs=nano.specs -mfloat-abi=soft -mthumb -o "Application/User/Core/gpio.o"
arm-none-eabi-gcc "/home/montanab/STM32CubeIDE/BlinkLED/Core/Src/main.c" -mcpu=cortex-m0plus -std=gnu11 -g3 -DDEBUG -DUSE_HAL_DRIVER -DSTM32G071xx -c -I../../Core/Inc -I../../Drivers/STM32G0xx_HAL_Driver/Inc -I../../Drivers/STM32G0xx_HAL_Driver/Inc/Legacy -I../../Drivers/CMSIS/Device/ST/STM32G0xx/Include -I../../Drivers/CMSIS/Include -O0 -ffunction-sections -fdata-sections -Wall -fstack-usage -fcyclomatic-complexity -MMD -MP -MF"Application/User/Core/main.d" -MT"Application/User/Core/main.o" --specs=nano.specs -mfloat-abi=soft -mthumb -o "Application/User/Core/main.o"
arm-none-eabi-gcc "/home/montanab/STM32CubeIDE/BlinkLED/Core/Src/stm32g0xx_hal_msp.c" -mcpu=cortex-m0plus -std=gnu11 -g3 -DDEBUG -DUSE_HAL_DRIVER -DSTM32G071xx -c -I../../Core/Inc -I../../Drivers/STM32G0xx_HAL_Driver/Inc -I../../Drivers/STM32G0xx_HAL_Driver/Inc/Legacy -I../../Drivers/CMSIS/Device/ST/STM32G0xx/Include -I../../Drivers/CMSIS/Include -O0 -ffunction-sections -fdata-sections -Wall -fstack-usage -fcyclomatic-complexity -MMD -MP -MF"Application/User/Core/stm32g0xx_hal_msp.d" -MT"Application/User/Core/stm32g0xx_hal_msp.o" --specs=nano.specs -mfloat-abi=soft -mthumb -o "Application/User/Core/stm32g0xx_hal_msp.o"
arm-none-eabi-gcc "/home/montanab/STM32CubeIDE/BlinkLED/Core/Src/stm32g0xx_it.c" -mcpu=cortex-m0plus -std=gnu11 -g3 -DDEBUG -DUSE_HAL_DRIVER -DSTM32G071xx -c -I../../Core/Inc -I../../Drivers/STM32G0xx_HAL_Driver/Inc -I../../Drivers/STM32G0xx_HAL_Driver/Inc/Legacy -I../../Drivers/CMSIS/Device/ST/STM32G0xx/Include -I../../Drivers/CMSIS/Include -O0 -ffunction-sections -fdata-sections -Wall -fstack-usage -fcyclomatic-complexity -MMD -MP -MF"Application/User/Core/stm32g0xx_it.d" -MT"Application/User/Core/stm32g0xx_it.o" --specs=nano.specs -mfloat-abi=soft -mthumb -o "Application/User/Core/stm32g0xx_it.o"
arm-none-eabi-gcc "../Application/User/Core/syscalls.c" -mcpu=cortex-m0plus -std=gnu11 -g3 -DDEBUG -DUSE_HAL_DRIVER -DSTM32G071xx -c -I../../Core/Inc -I../../Drivers/STM32G0xx_HAL_Driver/Inc -I../../Drivers/STM32G0xx_HAL_Driver/Inc/Legacy -I../../Drivers/CMSIS/Device/ST/STM32G0xx/Include -I../../Drivers/CMSIS/Include -O0 -ffunction-sections -fdata-sections -Wall -fstack-usage -fcyclomatic-complexity -MMD -MP -MF"Application/User/Core/syscalls.d" -MT"Application/User/Core/syscalls.o" --specs=nano.specs -mfloat-abi=soft -mthumb -o "Application/User/Core/syscalls.o"
arm-none-eabi-gcc "../Application/User/Core/sysmem.c" -mcpu=cortex-m0plus -std=gnu11 -g3 -DDEBUG -DUSE_HAL_DRIVER -DSTM32G071xx -c -I../../Core/Inc -I../../Drivers/STM32G0xx_HAL_Driver/Inc -I../../Drivers/STM32G0xx_HAL_Driver/Inc/Legacy -I../../Drivers/CMSIS/Device/ST/STM32G0xx/Include -I../../Drivers/CMSIS/Include -O0 -ffunction-sections -fdata-sections -Wall -fstack-usage -fcyclomatic-complexity -MMD -MP -MF"Application/User/Core/sysmem.d" -MT"Application/User/Core/sysmem.o" --specs=nano.specs -mfloat-abi=soft -mthumb -o "Application/User/Core/sysmem.o"
arm-none-eabi-gcc -o "BlinkLED.elf" @"objects.list"   -mcpu=cortex-m0plus -T"/home/montanab/STM32CubeIDE/BlinkLED/STM32CubeIDE/STM32G071RBTX_FLASH.ld" --specs=nosys.specs -Wl,-Map="BlinkLED.map" -Wl,--gc-sections -static --specs=nano.specs -mfloat-abi=soft -mthumb -Wl,--start-group -lc -lm -Wl,--end-group
Finished building target: BlinkLED.elf
 
arm-none-eabi-size  BlinkLED.elf 
arm-none-eabi-objdump -h -S BlinkLED.elf  > "BlinkLED.list"
   text	   data	    bss	    dec	    hex	filename
   5272	     12	   1572	   6856	   1ac8	BlinkLED.elf
Finished building: default.size.stdout
 
Finished building: BlinkLED.list
 
22:12:08 **** Incremental Build of configuration Debug for project BlinkLED ****
make -j8 all 
arm-none-eabi-size  BlinkLED.elf 
   text	   data	    bss	    dec	    hex	filename
   5272	     12	   1572	   6856	   1ac8	BlinkLED.elf
Finished building: default.size.stdout
 
22:36:28 **** Incremental Build of configuration Debug for project BlinkLED ****
make -j8 all 
arm-none-eabi-size  BlinkLED.elf 
   text	   data	    bss	    dec	    hex	filename
   5272	     12	   1572	   6856	   1ac8	BlinkLED.elf
Finished building: default.size.stdout
 
22:07:20 **** Build of configuration Debug for project EP2 ****
make -j8 all 
arm-none-eabi-gcc "/home/montanab/STM32CubeIDE/EP2/Drivers/STM32G0xx_HAL_Driver/Src/stm32g0xx_hal.c" -mcpu=cortex-m0plus -std=gnu11 -g3 -DDEBUG -DUSE_HAL_DRIVER -DSTM32G071xx -c -I../../Core/Inc -I../../Drivers/STM32G0xx_HAL_Driver/Inc -I../../Drivers/STM32G0xx_HAL_Driver/Inc/Legacy -I../../Drivers/CMSIS/Device/ST/STM32G0xx/Include -I../../Drivers/CMSIS/Include -O0 -ffunction-sections -fdata-sections -Wall -fstack-usage -fcyclomatic-complexity -MMD -MP -MF"Drivers/STM32G0xx_HAL_Driver/stm32g0xx_hal.d" -MT"Drivers/STM32G0xx_HAL_Driver/stm32g0xx_hal.o" --specs=nano.specs -mfloat-abi=soft -mthumb -o "Drivers/STM32G0xx_HAL_Driver/stm32g0xx_hal.o"
arm-none-eabi-gcc "/home/montanab/STM32CubeIDE/EP2/Drivers/STM32G0xx_HAL_Driver/Src/stm32g0xx_hal_cortex.c" -mcpu=cortex-m0plus -std=gnu11 -g3 -DDEBUG -DUSE_HAL_DRIVER -DSTM32G071xx -c -I../../Core/Inc -I../../Drivers/STM32G0xx_HAL_Driver/Inc -I../../Drivers/STM32G0xx_HAL_Driver/Inc/Legacy -I../../Drivers/CMSIS/Device/ST/STM32G0xx/Include -I../../Drivers/CMSIS/Include -O0 -ffunction-sections -fdata-sections -Wall -fstack-usage -fcyclomatic-complexity -MMD -MP -MF"Drivers/STM32G0xx_HAL_Driver/stm32g0xx_hal_cortex.d" -MT"Drivers/STM32G0xx_HAL_Driver/stm32g0xx_hal_cortex.o" --specs=nano.specs -mfloat-abi=soft -mthumb -o "Drivers/STM32G0xx_HAL_Driver/stm32g0xx_hal_cortex.o"
arm-none-eabi-gcc "/home/montanab/STM32CubeIDE/EP2/Drivers/STM32G0xx_HAL_Driver/Src/stm32g0xx_hal_dma.c" -mcpu=cortex-m0plus -std=gnu11 -g3 -DDEBUG -DUSE_HAL_DRIVER -DSTM32G071xx -c -I../../Core/Inc -I../../Drivers/STM32G0xx_HAL_Driver/Inc -I../../Drivers/STM32G0xx_HAL_Driver/Inc/Legacy -I../../Drivers/CMSIS/Device/ST/STM32G0xx/Include -I../../Drivers/CMSIS/Include -O0 -ffunction-sections -fdata-sections -Wall -fstack-usage -fcyclomatic-complexity -MMD -MP -MF"Drivers/STM32G0xx_HAL_Driver/stm32g0xx_hal_dma.d" -MT"Drivers/STM32G0xx_HAL_Driver/stm32g0xx_hal_dma.o" --specs=nano.specs -mfloat-abi=soft -mthumb -o "Drivers/STM32G0xx_HAL_Driver/stm32g0xx_hal_dma.o"
arm-none-eabi-gcc "/home/montanab/STM32CubeIDE/EP2/Drivers/STM32G0xx_HAL_Driver/Src/stm32g0xx_hal_dma_ex.c" -mcpu=cortex-m0plus -std=gnu11 -g3 -DDEBUG -DUSE_HAL_DRIVER -DSTM32G071xx -c -I../../Core/Inc -I../../Drivers/STM32G0xx_HAL_Driver/Inc -I../../Drivers/STM32G0xx_HAL_Driver/Inc/Legacy -I../../Drivers/CMSIS/Device/ST/STM32G0xx/Include -I../../Drivers/CMSIS/Include -O0 -ffunction-sections -fdata-sections -Wall -fstack-usage -fcyclomatic-complexity -MMD -MP -MF"Drivers/STM32G0xx_HAL_Driver/stm32g0xx_hal_dma_ex.d" -MT"Drivers/STM32G0xx_HAL_Driver/stm32g0xx_hal_dma_ex.o" --specs=nano.specs -mfloat-abi=soft -mthumb -o "Drivers/STM32G0xx_HAL_Driver/stm32g0xx_hal_dma_ex.o"
arm-none-eabi-gcc "/home/montanab/STM32CubeIDE/EP2/Drivers/STM32G0xx_HAL_Driver/Src/stm32g0xx_hal_exti.c" -mcpu=cortex-m0plus -std=gnu11 -g3 -DDEBUG -DUSE_HAL_DRIVER -DSTM32G071xx -c -I../../Core/Inc -I../../Drivers/STM32G0xx_HAL_Driver/Inc -I../../Drivers/STM32G0xx_HAL_Driver/Inc/Legacy -I../../Drivers/CMSIS/Device/ST/STM32G0xx/Include -I../../Drivers/CMSIS/Include -O0 -ffunction-sections -fdata-sections -Wall -fstack-usage -fcyclomatic-complexity -MMD -MP -MF"Drivers/STM32G0xx_HAL_Driver/stm32g0xx_hal_exti.d" -MT"Drivers/STM32G0xx_HAL_Driver/stm32g0xx_hal_exti.o" --specs=nano.specs -mfloat-abi=soft -mthumb -o "Drivers/STM32G0xx_HAL_Driver/stm32g0xx_hal_exti.o"
arm-none-eabi-gcc "/home/montanab/STM32CubeIDE/EP2/Drivers/STM32G0xx_HAL_Driver/Src/stm32g0xx_hal_flash.c" -mcpu=cortex-m0plus -std=gnu11 -g3 -DDEBUG -DUSE_HAL_DRIVER -DSTM32G071xx -c -I../../Core/Inc -I../../Drivers/STM32G0xx_HAL_Driver/Inc -I../../Drivers/STM32G0xx_HAL_Driver/Inc/Legacy -I../../Drivers/CMSIS/Device/ST/STM32G0xx/Include -I../../Drivers/CMSIS/Include -O0 -ffunction-sections -fdata-sections -Wall -fstack-usage -fcyclomatic-complexity -MMD -MP -MF"Drivers/STM32G0xx_HAL_Driver/stm32g0xx_hal_flash.d" -MT"Drivers/STM32G0xx_HAL_Driver/stm32g0xx_hal_flash.o" --specs=nano.specs -mfloat-abi=soft -mthumb -o "Drivers/STM32G0xx_HAL_Driver/stm32g0xx_hal_flash.o"
arm-none-eabi-gcc "/home/montanab/STM32CubeIDE/EP2/Drivers/STM32G0xx_HAL_Driver/Src/stm32g0xx_hal_flash_ex.c" -mcpu=cortex-m0plus -std=gnu11 -g3 -DDEBUG -DUSE_HAL_DRIVER -DSTM32G071xx -c -I../../Core/Inc -I../../Drivers/STM32G0xx_HAL_Driver/Inc -I../../Drivers/STM32G0xx_HAL_Driver/Inc/Legacy -I../../Drivers/CMSIS/Device/ST/STM32G0xx/Include -I../../Drivers/CMSIS/Include -O0 -ffunction-sections -fdata-sections -Wall -fstack-usage -fcyclomatic-complexity -MMD -MP -MF"Drivers/STM32G0xx_HAL_Driver/stm32g0xx_hal_flash_ex.d" -MT"Drivers/STM32G0xx_HAL_Driver/stm32g0xx_hal_flash_ex.o" --specs=nano.specs -mfloat-abi=soft -mthumb -o "Drivers/STM32G0xx_HAL_Driver/stm32g0xx_hal_flash_ex.o"
arm-none-eabi-gcc "/home/montanab/STM32CubeIDE/EP2/Drivers/STM32G0xx_HAL_Driver/Src/stm32g0xx_hal_gpio.c" -mcpu=cortex-m0plus -std=gnu11 -g3 -DDEBUG -DUSE_HAL_DRIVER -DSTM32G071xx -c -I../../Core/Inc -I../../Drivers/STM32G0xx_HAL_Driver/Inc -I../../Drivers/STM32G0xx_HAL_Driver/Inc/Legacy -I../../Drivers/CMSIS/Device/ST/STM32G0xx/Include -I../../Drivers/CMSIS/Include -O0 -ffunction-sections -fdata-sections -Wall -fstack-usage -fcyclomatic-complexity -MMD -MP -MF"Drivers/STM32G0xx_HAL_Driver/stm32g0xx_hal_gpio.d" -MT"Drivers/STM32G0xx_HAL_Driver/stm32g0xx_hal_gpio.o" --specs=nano.specs -mfloat-abi=soft -mthumb -o "Drivers/STM32G0xx_HAL_Driver/stm32g0xx_hal_gpio.o"
arm-none-eabi-gcc "/home/montanab/STM32CubeIDE/EP2/Drivers/STM32G0xx_HAL_Driver/Src/stm32g0xx_hal_pwr.c" -mcpu=cortex-m0plus -std=gnu11 -g3 -DDEBUG -DUSE_HAL_DRIVER -DSTM32G071xx -c -I../../Core/Inc -I../../Drivers/STM32G0xx_HAL_Driver/Inc -I../../Drivers/STM32G0xx_HAL_Driver/Inc/Legacy -I../../Drivers/CMSIS/Device/ST/STM32G0xx/Include -I../../Drivers/CMSIS/Include -O0 -ffunction-sections -fdata-sections -Wall -fstack-usage -fcyclomatic-complexity -MMD -MP -MF"Drivers/STM32G0xx_HAL_Driver/stm32g0xx_hal_pwr.d" -MT"Drivers/STM32G0xx_HAL_Driver/stm32g0xx_hal_pwr.o" --specs=nano.specs -mfloat-abi=soft -mthumb -o "Drivers/STM32G0xx_HAL_Driver/stm32g0xx_hal_pwr.o"
arm-none-eabi-gcc "/home/montanab/STM32CubeIDE/EP2/Drivers/STM32G0xx_HAL_Driver/Src/stm32g0xx_hal_pwr_ex.c" -mcpu=cortex-m0plus -std=gnu11 -g3 -DDEBUG -DUSE_HAL_DRIVER -DSTM32G071xx -c -I../../Core/Inc -I../../Drivers/STM32G0xx_HAL_Driver/Inc -I../../Drivers/STM32G0xx_HAL_Driver/Inc/Legacy -I../../Drivers/CMSIS/Device/ST/STM32G0xx/Include -I../../Drivers/CMSIS/Include -O0 -ffunction-sections -fdata-sections -Wall -fstack-usage -fcyclomatic-complexity -MMD -MP -MF"Drivers/STM32G0xx_HAL_Driver/stm32g0xx_hal_pwr_ex.d" -MT"Drivers/STM32G0xx_HAL_Driver/stm32g0xx_hal_pwr_ex.o" --specs=nano.specs -mfloat-abi=soft -mthumb -o "Drivers/STM32G0xx_HAL_Driver/stm32g0xx_hal_pwr_ex.o"
arm-none-eabi-gcc "/home/montanab/STM32CubeIDE/EP2/Drivers/STM32G0xx_HAL_Driver/Src/stm32g0xx_hal_rcc.c" -mcpu=cortex-m0plus -std=gnu11 -g3 -DDEBUG -DUSE_HAL_DRIVER -DSTM32G071xx -c -I../../Core/Inc -I../../Drivers/STM32G0xx_HAL_Driver/Inc -I../../Drivers/STM32G0xx_HAL_Driver/Inc/Legacy -I../../Drivers/CMSIS/Device/ST/STM32G0xx/Include -I../../Drivers/CMSIS/Include -O0 -ffunction-sections -fdata-sections -Wall -fstack-usage -fcyclomatic-complexity -MMD -MP -MF"Drivers/STM32G0xx_HAL_Driver/stm32g0xx_hal_rcc.d" -MT"Drivers/STM32G0xx_HAL_Driver/stm32g0xx_hal_rcc.o" --specs=nano.specs -mfloat-abi=soft -mthumb -o "Drivers/STM32G0xx_HAL_Driver/stm32g0xx_hal_rcc.o"
arm-none-eabi-gcc "/home/montanab/STM32CubeIDE/EP2/Drivers/STM32G0xx_HAL_Driver/Src/stm32g0xx_hal_rcc_ex.c" -mcpu=cortex-m0plus -std=gnu11 -g3 -DDEBUG -DUSE_HAL_DRIVER -DSTM32G071xx -c -I../../Core/Inc -I../../Drivers/STM32G0xx_HAL_Driver/Inc -I../../Drivers/STM32G0xx_HAL_Driver/Inc/Legacy -I../../Drivers/CMSIS/Device/ST/STM32G0xx/Include -I../../Drivers/CMSIS/Include -O0 -ffunction-sections -fdata-sections -Wall -fstack-usage -fcyclomatic-complexity -MMD -MP -MF"Drivers/STM32G0xx_HAL_Driver/stm32g0xx_hal_rcc_ex.d" -MT"Drivers/STM32G0xx_HAL_Driver/stm32g0xx_hal_rcc_ex.o" --specs=nano.specs -mfloat-abi=soft -mthumb -o "Drivers/STM32G0xx_HAL_Driver/stm32g0xx_hal_rcc_ex.o"
arm-none-eabi-gcc "/home/montanab/STM32CubeIDE/EP2/Drivers/STM32G0xx_HAL_Driver/Src/stm32g0xx_ll_rcc.c" -mcpu=cortex-m0plus -std=gnu11 -g3 -DDEBUG -DUSE_HAL_DRIVER -DSTM32G071xx -c -I../../Core/Inc -I../../Drivers/STM32G0xx_HAL_Driver/Inc -I../../Drivers/STM32G0xx_HAL_Driver/Inc/Legacy -I../../Drivers/CMSIS/Device/ST/STM32G0xx/Include -I../../Drivers/CMSIS/Include -O0 -ffunction-sections -fdata-sections -Wall -fstack-usage -fcyclomatic-complexity -MMD -MP -MF"Drivers/STM32G0xx_HAL_Driver/stm32g0xx_ll_rcc.d" -MT"Drivers/STM32G0xx_HAL_Driver/stm32g0xx_ll_rcc.o" --specs=nano.specs -mfloat-abi=soft -mthumb -o "Drivers/STM32G0xx_HAL_Driver/stm32g0xx_ll_rcc.o"
arm-none-eabi-gcc "/home/montanab/STM32CubeIDE/EP2/Core/Src/system_stm32g0xx.c" -mcpu=cortex-m0plus -std=gnu11 -g3 -DDEBUG -DUSE_HAL_DRIVER -DSTM32G071xx -c -I../../Core/Inc -I../../Drivers/STM32G0xx_HAL_Driver/Inc -I../../Drivers/STM32G0xx_HAL_Driver/Inc/Legacy -I../../Drivers/CMSIS/Device/ST/STM32G0xx/Include -I../../Drivers/CMSIS/Include -O0 -ffunction-sections -fdata-sections -Wall -fstack-usage -fcyclomatic-complexity -MMD -MP -MF"Drivers/CMSIS/system_stm32g0xx.d" -MT"Drivers/CMSIS/system_stm32g0xx.o" --specs=nano.specs -mfloat-abi=soft -mthumb -o "Drivers/CMSIS/system_stm32g0xx.o"
arm-none-eabi-gcc -mcpu=cortex-m0plus -g3 -DDEBUG -c -x assembler-with-cpp -MMD -MP -MF"Application/User/Startup/startup_stm32g071rbtx.d" -MT"Application/User/Startup/startup_stm32g071rbtx.o" --specs=nano.specs -mfloat-abi=soft -mthumb -o "Application/User/Startup/startup_stm32g071rbtx.o" "../Application/User/Startup/startup_stm32g071rbtx.s"
arm-none-eabi-gcc "/home/montanab/STM32CubeIDE/EP2/Core/Src/gpio.c" -mcpu=cortex-m0plus -std=gnu11 -g3 -DDEBUG -DUSE_HAL_DRIVER -DSTM32G071xx -c -I../../Core/Inc -I../../Drivers/STM32G0xx_HAL_Driver/Inc -I../../Drivers/STM32G0xx_HAL_Driver/Inc/Legacy -I../../Drivers/CMSIS/Device/ST/STM32G0xx/Include -I../../Drivers/CMSIS/Include -O0 -ffunction-sections -fdata-sections -Wall -fstack-usage -fcyclomatic-complexity -MMD -MP -MF"Application/User/Core/gpio.d" -MT"Application/User/Core/gpio.o" --specs=nano.specs -mfloat-abi=soft -mthumb -o "Application/User/Core/gpio.o"
arm-none-eabi-gcc "/home/montanab/STM32CubeIDE/EP2/Core/Src/main.c" -mcpu=cortex-m0plus -std=gnu11 -g3 -DDEBUG -DUSE_HAL_DRIVER -DSTM32G071xx -c -I../../Core/Inc -I../../Drivers/STM32G0xx_HAL_Driver/Inc -I../../Drivers/STM32G0xx_HAL_Driver/Inc/Legacy -I../../Drivers/CMSIS/Device/ST/STM32G0xx/Include -I../../Drivers/CMSIS/Include -O0 -ffunction-sections -fdata-sections -Wall -fstack-usage -fcyclomatic-complexity -MMD -MP -MF"Application/User/Core/main.d" -MT"Application/User/Core/main.o" --specs=nano.specs -mfloat-abi=soft -mthumb -o "Application/User/Core/main.o"
arm-none-eabi-gcc "/home/montanab/STM32CubeIDE/EP2/Core/Src/stm32g0xx_hal_msp.c" -mcpu=cortex-m0plus -std=gnu11 -g3 -DDEBUG -DUSE_HAL_DRIVER -DSTM32G071xx -c -I../../Core/Inc -I../../Drivers/STM32G0xx_HAL_Driver/Inc -I../../Drivers/STM32G0xx_HAL_Driver/Inc/Legacy -I../../Drivers/CMSIS/Device/ST/STM32G0xx/Include -I../../Drivers/CMSIS/Include -O0 -ffunction-sections -fdata-sections -Wall -fstack-usage -fcyclomatic-complexity -MMD -MP -MF"Application/User/Core/stm32g0xx_hal_msp.d" -MT"Application/User/Core/stm32g0xx_hal_msp.o" --specs=nano.specs -mfloat-abi=soft -mthumb -o "Application/User/Core/stm32g0xx_hal_msp.o"
arm-none-eabi-gcc "/home/montanab/STM32CubeIDE/EP2/Core/Src/stm32g0xx_it.c" -mcpu=cortex-m0plus -std=gnu11 -g3 -DDEBUG -DUSE_HAL_DRIVER -DSTM32G071xx -c -I../../Core/Inc -I../../Drivers/STM32G0xx_HAL_Driver/Inc -I../../Drivers/STM32G0xx_HAL_Driver/Inc/Legacy -I../../Drivers/CMSIS/Device/ST/STM32G0xx/Include -I../../Drivers/CMSIS/Include -O0 -ffunction-sections -fdata-sections -Wall -fstack-usage -fcyclomatic-complexity -MMD -MP -MF"Application/User/Core/stm32g0xx_it.d" -MT"Application/User/Core/stm32g0xx_it.o" --specs=nano.specs -mfloat-abi=soft -mthumb -o "Application/User/Core/stm32g0xx_it.o"
arm-none-eabi-gcc "../Application/User/Core/syscalls.c" -mcpu=cortex-m0plus -std=gnu11 -g3 -DDEBUG -DUSE_HAL_DRIVER -DSTM32G071xx -c -I../../Core/Inc -I../../Drivers/STM32G0xx_HAL_Driver/Inc -I../../Drivers/STM32G0xx_HAL_Driver/Inc/Legacy -I../../Drivers/CMSIS/Device/ST/STM32G0xx/Include -I../../Drivers/CMSIS/Include -O0 -ffunction-sections -fdata-sections -Wall -fstack-usage -fcyclomatic-complexity -MMD -MP -MF"Application/User/Core/syscalls.d" -MT"Application/User/Core/syscalls.o" --specs=nano.specs -mfloat-abi=soft -mthumb -o "Application/User/Core/syscalls.o"
arm-none-eabi-gcc "../Application/User/Core/sysmem.c" -mcpu=cortex-m0plus -std=gnu11 -g3 -DDEBUG -DUSE_HAL_DRIVER -DSTM32G071xx -c -I../../Core/Inc -I../../Drivers/STM32G0xx_HAL_Driver/Inc -I../../Drivers/STM32G0xx_HAL_Driver/Inc/Legacy -I../../Drivers/CMSIS/Device/ST/STM32G0xx/Include -I../../Drivers/CMSIS/Include -O0 -ffunction-sections -fdata-sections -Wall -fstack-usage -fcyclomatic-complexity -MMD -MP -MF"Application/User/Core/sysmem.d" -MT"Application/User/Core/sysmem.o" --specs=nano.specs -mfloat-abi=soft -mthumb -o "Application/User/Core/sysmem.o"
arm-none-eabi-gcc -o "EP2.elf" @"objects.list"   -mcpu=cortex-m0plus -T"/home/montanab/STM32CubeIDE/EP2/STM32CubeIDE/STM32G071RBTX_FLASH.ld" --specs=nosys.specs -Wl,-Map="EP2.map" -Wl,--gc-sections -static --specs=nano.specs -mfloat-abi=soft -mthumb -Wl,--start-group -lc -lm -Wl,--end-group
Finished building target: EP2.elf
 
arm-none-eabi-size  EP2.elf 
arm-none-eabi-objdump -h -S EP2.elf  > "EP2.list"
   text	   data	    bss	    dec	    hex	filename
   5320	     12	   1572	   6904	   1af8	EP2.elf
Finished building: default.size.stdout
 
Finished building: EP2.list
 
22:08:26 **** Incremental Build of configuration Debug for project EP2 ****
make -j8 all 
arm-none-eabi-size  EP2.elf 
   text	   data	    bss	    dec	    hex	filename
   5320	     12	   1572	   6904	   1af8	EP2.elf
Finished building: default.size.stdout
 
22:18:53 **** Build of configuration Debug for project EP2_1 ****
make -j8 all 
arm-none-eabi-gcc "/home/montanab/STM32CubeIDE/EP2_1/Drivers/STM32G0xx_HAL_Driver/Src/stm32g0xx_hal.c" -mcpu=cortex-m0plus -std=gnu11 -g3 -DDEBUG -DUSE_HAL_DRIVER -DSTM32G071xx -c -I../../Core/Inc -I../../Drivers/STM32G0xx_HAL_Driver/Inc -I../../Drivers/STM32G0xx_HAL_Driver/Inc/Legacy -I../../Drivers/CMSIS/Device/ST/STM32G0xx/Include -I../../Drivers/CMSIS/Include -O0 -ffunction-sections -fdata-sections -Wall -fstack-usage -fcyclomatic-complexity -MMD -MP -MF"Drivers/STM32G0xx_HAL_Driver/stm32g0xx_hal.d" -MT"Drivers/STM32G0xx_HAL_Driver/stm32g0xx_hal.o" --specs=nano.specs -mfloat-abi=soft -mthumb -o "Drivers/STM32G0xx_HAL_Driver/stm32g0xx_hal.o"
arm-none-eabi-gcc "/home/montanab/STM32CubeIDE/EP2_1/Drivers/STM32G0xx_HAL_Driver/Src/stm32g0xx_hal_cortex.c" -mcpu=cortex-m0plus -std=gnu11 -g3 -DDEBUG -DUSE_HAL_DRIVER -DSTM32G071xx -c -I../../Core/Inc -I../../Drivers/STM32G0xx_HAL_Driver/Inc -I../../Drivers/STM32G0xx_HAL_Driver/Inc/Legacy -I../../Drivers/CMSIS/Device/ST/STM32G0xx/Include -I../../Drivers/CMSIS/Include -O0 -ffunction-sections -fdata-sections -Wall -fstack-usage -fcyclomatic-complexity -MMD -MP -MF"Drivers/STM32G0xx_HAL_Driver/stm32g0xx_hal_cortex.d" -MT"Drivers/STM32G0xx_HAL_Driver/stm32g0xx_hal_cortex.o" --specs=nano.specs -mfloat-abi=soft -mthumb -o "Drivers/STM32G0xx_HAL_Driver/stm32g0xx_hal_cortex.o"
arm-none-eabi-gcc "/home/montanab/STM32CubeIDE/EP2_1/Drivers/STM32G0xx_HAL_Driver/Src/stm32g0xx_hal_dma.c" -mcpu=cortex-m0plus -std=gnu11 -g3 -DDEBUG -DUSE_HAL_DRIVER -DSTM32G071xx -c -I../../Core/Inc -I../../Drivers/STM32G0xx_HAL_Driver/Inc -I../../Drivers/STM32G0xx_HAL_Driver/Inc/Legacy -I../../Drivers/CMSIS/Device/ST/STM32G0xx/Include -I../../Drivers/CMSIS/Include -O0 -ffunction-sections -fdata-sections -Wall -fstack-usage -fcyclomatic-complexity -MMD -MP -MF"Drivers/STM32G0xx_HAL_Driver/stm32g0xx_hal_dma.d" -MT"Drivers/STM32G0xx_HAL_Driver/stm32g0xx_hal_dma.o" --specs=nano.specs -mfloat-abi=soft -mthumb -o "Drivers/STM32G0xx_HAL_Driver/stm32g0xx_hal_dma.o"
arm-none-eabi-gcc "/home/montanab/STM32CubeIDE/EP2_1/Drivers/STM32G0xx_HAL_Driver/Src/stm32g0xx_hal_dma_ex.c" -mcpu=cortex-m0plus -std=gnu11 -g3 -DDEBUG -DUSE_HAL_DRIVER -DSTM32G071xx -c -I../../Core/Inc -I../../Drivers/STM32G0xx_HAL_Driver/Inc -I../../Drivers/STM32G0xx_HAL_Driver/Inc/Legacy -I../../Drivers/CMSIS/Device/ST/STM32G0xx/Include -I../../Drivers/CMSIS/Include -O0 -ffunction-sections -fdata-sections -Wall -fstack-usage -fcyclomatic-complexity -MMD -MP -MF"Drivers/STM32G0xx_HAL_Driver/stm32g0xx_hal_dma_ex.d" -MT"Drivers/STM32G0xx_HAL_Driver/stm32g0xx_hal_dma_ex.o" --specs=nano.specs -mfloat-abi=soft -mthumb -o "Drivers/STM32G0xx_HAL_Driver/stm32g0xx_hal_dma_ex.o"
arm-none-eabi-gcc "/home/montanab/STM32CubeIDE/EP2_1/Drivers/STM32G0xx_HAL_Driver/Src/stm32g0xx_hal_exti.c" -mcpu=cortex-m0plus -std=gnu11 -g3 -DDEBUG -DUSE_HAL_DRIVER -DSTM32G071xx -c -I../../Core/Inc -I../../Drivers/STM32G0xx_HAL_Driver/Inc -I../../Drivers/STM32G0xx_HAL_Driver/Inc/Legacy -I../../Drivers/CMSIS/Device/ST/STM32G0xx/Include -I../../Drivers/CMSIS/Include -O0 -ffunction-sections -fdata-sections -Wall -fstack-usage -fcyclomatic-complexity -MMD -MP -MF"Drivers/STM32G0xx_HAL_Driver/stm32g0xx_hal_exti.d" -MT"Drivers/STM32G0xx_HAL_Driver/stm32g0xx_hal_exti.o" --specs=nano.specs -mfloat-abi=soft -mthumb -o "Drivers/STM32G0xx_HAL_Driver/stm32g0xx_hal_exti.o"
arm-none-eabi-gcc "/home/montanab/STM32CubeIDE/EP2_1/Drivers/STM32G0xx_HAL_Driver/Src/stm32g0xx_hal_flash.c" -mcpu=cortex-m0plus -std=gnu11 -g3 -DDEBUG -DUSE_HAL_DRIVER -DSTM32G071xx -c -I../../Core/Inc -I../../Drivers/STM32G0xx_HAL_Driver/Inc -I../../Drivers/STM32G0xx_HAL_Driver/Inc/Legacy -I../../Drivers/CMSIS/Device/ST/STM32G0xx/Include -I../../Drivers/CMSIS/Include -O0 -ffunction-sections -fdata-sections -Wall -fstack-usage -fcyclomatic-complexity -MMD -MP -MF"Drivers/STM32G0xx_HAL_Driver/stm32g0xx_hal_flash.d" -MT"Drivers/STM32G0xx_HAL_Driver/stm32g0xx_hal_flash.o" --specs=nano.specs -mfloat-abi=soft -mthumb -o "Drivers/STM32G0xx_HAL_Driver/stm32g0xx_hal_flash.o"
arm-none-eabi-gcc "/home/montanab/STM32CubeIDE/EP2_1/Drivers/STM32G0xx_HAL_Driver/Src/stm32g0xx_hal_flash_ex.c" -mcpu=cortex-m0plus -std=gnu11 -g3 -DDEBUG -DUSE_HAL_DRIVER -DSTM32G071xx -c -I../../Core/Inc -I../../Drivers/STM32G0xx_HAL_Driver/Inc -I../../Drivers/STM32G0xx_HAL_Driver/Inc/Legacy -I../../Drivers/CMSIS/Device/ST/STM32G0xx/Include -I../../Drivers/CMSIS/Include -O0 -ffunction-sections -fdata-sections -Wall -fstack-usage -fcyclomatic-complexity -MMD -MP -MF"Drivers/STM32G0xx_HAL_Driver/stm32g0xx_hal_flash_ex.d" -MT"Drivers/STM32G0xx_HAL_Driver/stm32g0xx_hal_flash_ex.o" --specs=nano.specs -mfloat-abi=soft -mthumb -o "Drivers/STM32G0xx_HAL_Driver/stm32g0xx_hal_flash_ex.o"
arm-none-eabi-gcc "/home/montanab/STM32CubeIDE/EP2_1/Drivers/STM32G0xx_HAL_Driver/Src/stm32g0xx_hal_gpio.c" -mcpu=cortex-m0plus -std=gnu11 -g3 -DDEBUG -DUSE_HAL_DRIVER -DSTM32G071xx -c -I../../Core/Inc -I../../Drivers/STM32G0xx_HAL_Driver/Inc -I../../Drivers/STM32G0xx_HAL_Driver/Inc/Legacy -I../../Drivers/CMSIS/Device/ST/STM32G0xx/Include -I../../Drivers/CMSIS/Include -O0 -ffunction-sections -fdata-sections -Wall -fstack-usage -fcyclomatic-complexity -MMD -MP -MF"Drivers/STM32G0xx_HAL_Driver/stm32g0xx_hal_gpio.d" -MT"Drivers/STM32G0xx_HAL_Driver/stm32g0xx_hal_gpio.o" --specs=nano.specs -mfloat-abi=soft -mthumb -o "Drivers/STM32G0xx_HAL_Driver/stm32g0xx_hal_gpio.o"
arm-none-eabi-gcc "/home/montanab/STM32CubeIDE/EP2_1/Drivers/STM32G0xx_HAL_Driver/Src/stm32g0xx_hal_pwr.c" -mcpu=cortex-m0plus -std=gnu11 -g3 -DDEBUG -DUSE_HAL_DRIVER -DSTM32G071xx -c -I../../Core/Inc -I../../Drivers/STM32G0xx_HAL_Driver/Inc -I../../Drivers/STM32G0xx_HAL_Driver/Inc/Legacy -I../../Drivers/CMSIS/Device/ST/STM32G0xx/Include -I../../Drivers/CMSIS/Include -O0 -ffunction-sections -fdata-sections -Wall -fstack-usage -fcyclomatic-complexity -MMD -MP -MF"Drivers/STM32G0xx_HAL_Driver/stm32g0xx_hal_pwr.d" -MT"Drivers/STM32G0xx_HAL_Driver/stm32g0xx_hal_pwr.o" --specs=nano.specs -mfloat-abi=soft -mthumb -o "Drivers/STM32G0xx_HAL_Driver/stm32g0xx_hal_pwr.o"
arm-none-eabi-gcc "/home/montanab/STM32CubeIDE/EP2_1/Drivers/STM32G0xx_HAL_Driver/Src/stm32g0xx_hal_pwr_ex.c" -mcpu=cortex-m0plus -std=gnu11 -g3 -DDEBUG -DUSE_HAL_DRIVER -DSTM32G071xx -c -I../../Core/Inc -I../../Drivers/STM32G0xx_HAL_Driver/Inc -I../../Drivers/STM32G0xx_HAL_Driver/Inc/Legacy -I../../Drivers/CMSIS/Device/ST/STM32G0xx/Include -I../../Drivers/CMSIS/Include -O0 -ffunction-sections -fdata-sections -Wall -fstack-usage -fcyclomatic-complexity -MMD -MP -MF"Drivers/STM32G0xx_HAL_Driver/stm32g0xx_hal_pwr_ex.d" -MT"Drivers/STM32G0xx_HAL_Driver/stm32g0xx_hal_pwr_ex.o" --specs=nano.specs -mfloat-abi=soft -mthumb -o "Drivers/STM32G0xx_HAL_Driver/stm32g0xx_hal_pwr_ex.o"
arm-none-eabi-gcc "/home/montanab/STM32CubeIDE/EP2_1/Drivers/STM32G0xx_HAL_Driver/Src/stm32g0xx_hal_rcc.c" -mcpu=cortex-m0plus -std=gnu11 -g3 -DDEBUG -DUSE_HAL_DRIVER -DSTM32G071xx -c -I../../Core/Inc -I../../Drivers/STM32G0xx_HAL_Driver/Inc -I../../Drivers/STM32G0xx_HAL_Driver/Inc/Legacy -I../../Drivers/CMSIS/Device/ST/STM32G0xx/Include -I../../Drivers/CMSIS/Include -O0 -ffunction-sections -fdata-sections -Wall -fstack-usage -fcyclomatic-complexity -MMD -MP -MF"Drivers/STM32G0xx_HAL_Driver/stm32g0xx_hal_rcc.d" -MT"Drivers/STM32G0xx_HAL_Driver/stm32g0xx_hal_rcc.o" --specs=nano.specs -mfloat-abi=soft -mthumb -o "Drivers/STM32G0xx_HAL_Driver/stm32g0xx_hal_rcc.o"
arm-none-eabi-gcc "/home/montanab/STM32CubeIDE/EP2_1/Drivers/STM32G0xx_HAL_Driver/Src/stm32g0xx_hal_rcc_ex.c" -mcpu=cortex-m0plus -std=gnu11 -g3 -DDEBUG -DUSE_HAL_DRIVER -DSTM32G071xx -c -I../../Core/Inc -I../../Drivers/STM32G0xx_HAL_Driver/Inc -I../../Drivers/STM32G0xx_HAL_Driver/Inc/Legacy -I../../Drivers/CMSIS/Device/ST/STM32G0xx/Include -I../../Drivers/CMSIS/Include -O0 -ffunction-sections -fdata-sections -Wall -fstack-usage -fcyclomatic-complexity -MMD -MP -MF"Drivers/STM32G0xx_HAL_Driver/stm32g0xx_hal_rcc_ex.d" -MT"Drivers/STM32G0xx_HAL_Driver/stm32g0xx_hal_rcc_ex.o" --specs=nano.specs -mfloat-abi=soft -mthumb -o "Drivers/STM32G0xx_HAL_Driver/stm32g0xx_hal_rcc_ex.o"
arm-none-eabi-gcc "/home/montanab/STM32CubeIDE/EP2_1/Drivers/STM32G0xx_HAL_Driver/Src/stm32g0xx_ll_rcc.c" -mcpu=cortex-m0plus -std=gnu11 -g3 -DDEBUG -DUSE_HAL_DRIVER -DSTM32G071xx -c -I../../Core/Inc -I../../Drivers/STM32G0xx_HAL_Driver/Inc -I../../Drivers/STM32G0xx_HAL_Driver/Inc/Legacy -I../../Drivers/CMSIS/Device/ST/STM32G0xx/Include -I../../Drivers/CMSIS/Include -O0 -ffunction-sections -fdata-sections -Wall -fstack-usage -fcyclomatic-complexity -MMD -MP -MF"Drivers/STM32G0xx_HAL_Driver/stm32g0xx_ll_rcc.d" -MT"Drivers/STM32G0xx_HAL_Driver/stm32g0xx_ll_rcc.o" --specs=nano.specs -mfloat-abi=soft -mthumb -o "Drivers/STM32G0xx_HAL_Driver/stm32g0xx_ll_rcc.o"
arm-none-eabi-gcc "/home/montanab/STM32CubeIDE/EP2_1/Core/Src/system_stm32g0xx.c" -mcpu=cortex-m0plus -std=gnu11 -g3 -DDEBUG -DUSE_HAL_DRIVER -DSTM32G071xx -c -I../../Core/Inc -I../../Drivers/STM32G0xx_HAL_Driver/Inc -I../../Drivers/STM32G0xx_HAL_Driver/Inc/Legacy -I../../Drivers/CMSIS/Device/ST/STM32G0xx/Include -I../../Drivers/CMSIS/Include -O0 -ffunction-sections -fdata-sections -Wall -fstack-usage -fcyclomatic-complexity -MMD -MP -MF"Drivers/CMSIS/system_stm32g0xx.d" -MT"Drivers/CMSIS/system_stm32g0xx.o" --specs=nano.specs -mfloat-abi=soft -mthumb -o "Drivers/CMSIS/system_stm32g0xx.o"
arm-none-eabi-gcc -mcpu=cortex-m0plus -g3 -DDEBUG -c -x assembler-with-cpp -MMD -MP -MF"Application/User/Startup/startup_stm32g071rbtx.d" -MT"Application/User/Startup/startup_stm32g071rbtx.o" --specs=nano.specs -mfloat-abi=soft -mthumb -o "Application/User/Startup/startup_stm32g071rbtx.o" "../Application/User/Startup/startup_stm32g071rbtx.s"
arm-none-eabi-gcc "/home/montanab/STM32CubeIDE/EP2_1/Core/Src/gpio.c" -mcpu=cortex-m0plus -std=gnu11 -g3 -DDEBUG -DUSE_HAL_DRIVER -DSTM32G071xx -c -I../../Core/Inc -I../../Drivers/STM32G0xx_HAL_Driver/Inc -I../../Drivers/STM32G0xx_HAL_Driver/Inc/Legacy -I../../Drivers/CMSIS/Device/ST/STM32G0xx/Include -I../../Drivers/CMSIS/Include -O0 -ffunction-sections -fdata-sections -Wall -fstack-usage -fcyclomatic-complexity -MMD -MP -MF"Application/User/Core/gpio.d" -MT"Application/User/Core/gpio.o" --specs=nano.specs -mfloat-abi=soft -mthumb -o "Application/User/Core/gpio.o"
arm-none-eabi-gcc "/home/montanab/STM32CubeIDE/EP2_1/Core/Src/main.c" -mcpu=cortex-m0plus -std=gnu11 -g3 -DDEBUG -DUSE_HAL_DRIVER -DSTM32G071xx -c -I../../Core/Inc -I../../Drivers/STM32G0xx_HAL_Driver/Inc -I../../Drivers/STM32G0xx_HAL_Driver/Inc/Legacy -I../../Drivers/CMSIS/Device/ST/STM32G0xx/Include -I../../Drivers/CMSIS/Include -O0 -ffunction-sections -fdata-sections -Wall -fstack-usage -fcyclomatic-complexity -MMD -MP -MF"Application/User/Core/main.d" -MT"Application/User/Core/main.o" --specs=nano.specs -mfloat-abi=soft -mthumb -o "Application/User/Core/main.o"
arm-none-eabi-gcc "/home/montanab/STM32CubeIDE/EP2_1/Core/Src/stm32g0xx_hal_msp.c" -mcpu=cortex-m0plus -std=gnu11 -g3 -DDEBUG -DUSE_HAL_DRIVER -DSTM32G071xx -c -I../../Core/Inc -I../../Drivers/STM32G0xx_HAL_Driver/Inc -I../../Drivers/STM32G0xx_HAL_Driver/Inc/Legacy -I../../Drivers/CMSIS/Device/ST/STM32G0xx/Include -I../../Drivers/CMSIS/Include -O0 -ffunction-sections -fdata-sections -Wall -fstack-usage -fcyclomatic-complexity -MMD -MP -MF"Application/User/Core/stm32g0xx_hal_msp.d" -MT"Application/User/Core/stm32g0xx_hal_msp.o" --specs=nano.specs -mfloat-abi=soft -mthumb -o "Application/User/Core/stm32g0xx_hal_msp.o"
arm-none-eabi-gcc "/home/montanab/STM32CubeIDE/EP2_1/Core/Src/stm32g0xx_it.c" -mcpu=cortex-m0plus -std=gnu11 -g3 -DDEBUG -DUSE_HAL_DRIVER -DSTM32G071xx -c -I../../Core/Inc -I../../Drivers/STM32G0xx_HAL_Driver/Inc -I../../Drivers/STM32G0xx_HAL_Driver/Inc/Legacy -I../../Drivers/CMSIS/Device/ST/STM32G0xx/Include -I../../Drivers/CMSIS/Include -O0 -ffunction-sections -fdata-sections -Wall -fstack-usage -fcyclomatic-complexity -MMD -MP -MF"Application/User/Core/stm32g0xx_it.d" -MT"Application/User/Core/stm32g0xx_it.o" --specs=nano.specs -mfloat-abi=soft -mthumb -o "Application/User/Core/stm32g0xx_it.o"
arm-none-eabi-gcc "../Application/User/Core/syscalls.c" -mcpu=cortex-m0plus -std=gnu11 -g3 -DDEBUG -DUSE_HAL_DRIVER -DSTM32G071xx -c -I../../Core/Inc -I../../Drivers/STM32G0xx_HAL_Driver/Inc -I../../Drivers/STM32G0xx_HAL_Driver/Inc/Legacy -I../../Drivers/CMSIS/Device/ST/STM32G0xx/Include -I../../Drivers/CMSIS/Include -O0 -ffunction-sections -fdata-sections -Wall -fstack-usage -fcyclomatic-complexity -MMD -MP -MF"Application/User/Core/syscalls.d" -MT"Application/User/Core/syscalls.o" --specs=nano.specs -mfloat-abi=soft -mthumb -o "Application/User/Core/syscalls.o"
arm-none-eabi-gcc "../Application/User/Core/sysmem.c" -mcpu=cortex-m0plus -std=gnu11 -g3 -DDEBUG -DUSE_HAL_DRIVER -DSTM32G071xx -c -I../../Core/Inc -I../../Drivers/STM32G0xx_HAL_Driver/Inc -I../../Drivers/STM32G0xx_HAL_Driver/Inc/Legacy -I../../Drivers/CMSIS/Device/ST/STM32G0xx/Include -I../../Drivers/CMSIS/Include -O0 -ffunction-sections -fdata-sections -Wall -fstack-usage -fcyclomatic-complexity -MMD -MP -MF"Application/User/Core/sysmem.d" -MT"Application/User/Core/sysmem.o" --specs=nano.specs -mfloat-abi=soft -mthumb -o "Application/User/Core/sysmem.o"
arm-none-eabi-gcc -o "EP2_1.elf" @"objects.list"   -mcpu=cortex-m0plus -T"/home/montanab/STM32CubeIDE/EP2_1/STM32CubeIDE/STM32G071RBTX_FLASH.ld" --specs=nosys.specs -Wl,-Map="EP2_1.map" -Wl,--gc-sections -static --specs=nano.specs -mfloat-abi=soft -mthumb -Wl,--start-group -lc -lm -Wl,--end-group
Finished building target: EP2_1.elf
 
arm-none-eabi-size  EP2_1.elf 
arm-none-eabi-objdump -h -S EP2_1.elf  > "EP2_1.list"
   text	   data	    bss	    dec	    hex	filename
   5320	     12	   1572	   6904	   1af8	EP2_1.elf
Finished building: default.size.stdout
 
Finished building: EP2_1.list
 
22:19:07 **** Incremental Build of configuration Debug for project EP2_1 ****
make -j8 all 
arm-none-eabi-size  EP2_1.elf 
   text	   data	    bss	    dec	    hex	filename
   5320	     12	   1572	   6904	   1af8	EP2_1.elf
Finished building: default.size.stdout
 
22:59:37 **** Build of configuration Debug for project EP2 ****
make -j8 all 
arm-none-eabi-gcc "/home/montanab/STM32CubeIDE/EP2/Drivers/STM32G0xx_HAL_Driver/Src/stm32g0xx_hal.c" -mcpu=cortex-m0plus -std=gnu11 -g3 -DDEBUG -DUSE_HAL_DRIVER -DSTM32G071xx -c -I../../Core/Inc -I../../Drivers/STM32G0xx_HAL_Driver/Inc -I../../Drivers/STM32G0xx_HAL_Driver/Inc/Legacy -I../../Drivers/CMSIS/Device/ST/STM32G0xx/Include -I../../Drivers/CMSIS/Include -O0 -ffunction-sections -fdata-sections -Wall -fstack-usage -fcyclomatic-complexity -MMD -MP -MF"Drivers/STM32G0xx_HAL_Driver/stm32g0xx_hal.d" -MT"Drivers/STM32G0xx_HAL_Driver/stm32g0xx_hal.o" --specs=nano.specs -mfloat-abi=soft -mthumb -o "Drivers/STM32G0xx_HAL_Driver/stm32g0xx_hal.o"
arm-none-eabi-gcc "/home/montanab/STM32CubeIDE/EP2/Drivers/STM32G0xx_HAL_Driver/Src/stm32g0xx_hal_cortex.c" -mcpu=cortex-m0plus -std=gnu11 -g3 -DDEBUG -DUSE_HAL_DRIVER -DSTM32G071xx -c -I../../Core/Inc -I../../Drivers/STM32G0xx_HAL_Driver/Inc -I../../Drivers/STM32G0xx_HAL_Driver/Inc/Legacy -I../../Drivers/CMSIS/Device/ST/STM32G0xx/Include -I../../Drivers/CMSIS/Include -O0 -ffunction-sections -fdata-sections -Wall -fstack-usage -fcyclomatic-complexity -MMD -MP -MF"Drivers/STM32G0xx_HAL_Driver/stm32g0xx_hal_cortex.d" -MT"Drivers/STM32G0xx_HAL_Driver/stm32g0xx_hal_cortex.o" --specs=nano.specs -mfloat-abi=soft -mthumb -o "Drivers/STM32G0xx_HAL_Driver/stm32g0xx_hal_cortex.o"
arm-none-eabi-gcc "/home/montanab/STM32CubeIDE/EP2/Drivers/STM32G0xx_HAL_Driver/Src/stm32g0xx_hal_dma.c" -mcpu=cortex-m0plus -std=gnu11 -g3 -DDEBUG -DUSE_HAL_DRIVER -DSTM32G071xx -c -I../../Core/Inc -I../../Drivers/STM32G0xx_HAL_Driver/Inc -I../../Drivers/STM32G0xx_HAL_Driver/Inc/Legacy -I../../Drivers/CMSIS/Device/ST/STM32G0xx/Include -I../../Drivers/CMSIS/Include -O0 -ffunction-sections -fdata-sections -Wall -fstack-usage -fcyclomatic-complexity -MMD -MP -MF"Drivers/STM32G0xx_HAL_Driver/stm32g0xx_hal_dma.d" -MT"Drivers/STM32G0xx_HAL_Driver/stm32g0xx_hal_dma.o" --specs=nano.specs -mfloat-abi=soft -mthumb -o "Drivers/STM32G0xx_HAL_Driver/stm32g0xx_hal_dma.o"
arm-none-eabi-gcc "/home/montanab/STM32CubeIDE/EP2/Drivers/STM32G0xx_HAL_Driver/Src/stm32g0xx_hal_dma_ex.c" -mcpu=cortex-m0plus -std=gnu11 -g3 -DDEBUG -DUSE_HAL_DRIVER -DSTM32G071xx -c -I../../Core/Inc -I../../Drivers/STM32G0xx_HAL_Driver/Inc -I../../Drivers/STM32G0xx_HAL_Driver/Inc/Legacy -I../../Drivers/CMSIS/Device/ST/STM32G0xx/Include -I../../Drivers/CMSIS/Include -O0 -ffunction-sections -fdata-sections -Wall -fstack-usage -fcyclomatic-complexity -MMD -MP -MF"Drivers/STM32G0xx_HAL_Driver/stm32g0xx_hal_dma_ex.d" -MT"Drivers/STM32G0xx_HAL_Driver/stm32g0xx_hal_dma_ex.o" --specs=nano.specs -mfloat-abi=soft -mthumb -o "Drivers/STM32G0xx_HAL_Driver/stm32g0xx_hal_dma_ex.o"
arm-none-eabi-gcc "/home/montanab/STM32CubeIDE/EP2/Drivers/STM32G0xx_HAL_Driver/Src/stm32g0xx_hal_exti.c" -mcpu=cortex-m0plus -std=gnu11 -g3 -DDEBUG -DUSE_HAL_DRIVER -DSTM32G071xx -c -I../../Core/Inc -I../../Drivers/STM32G0xx_HAL_Driver/Inc -I../../Drivers/STM32G0xx_HAL_Driver/Inc/Legacy -I../../Drivers/CMSIS/Device/ST/STM32G0xx/Include -I../../Drivers/CMSIS/Include -O0 -ffunction-sections -fdata-sections -Wall -fstack-usage -fcyclomatic-complexity -MMD -MP -MF"Drivers/STM32G0xx_HAL_Driver/stm32g0xx_hal_exti.d" -MT"Drivers/STM32G0xx_HAL_Driver/stm32g0xx_hal_exti.o" --specs=nano.specs -mfloat-abi=soft -mthumb -o "Drivers/STM32G0xx_HAL_Driver/stm32g0xx_hal_exti.o"
arm-none-eabi-gcc "/home/montanab/STM32CubeIDE/EP2/Drivers/STM32G0xx_HAL_Driver/Src/stm32g0xx_hal_flash.c" -mcpu=cortex-m0plus -std=gnu11 -g3 -DDEBUG -DUSE_HAL_DRIVER -DSTM32G071xx -c -I../../Core/Inc -I../../Drivers/STM32G0xx_HAL_Driver/Inc -I../../Drivers/STM32G0xx_HAL_Driver/Inc/Legacy -I../../Drivers/CMSIS/Device/ST/STM32G0xx/Include -I../../Drivers/CMSIS/Include -O0 -ffunction-sections -fdata-sections -Wall -fstack-usage -fcyclomatic-complexity -MMD -MP -MF"Drivers/STM32G0xx_HAL_Driver/stm32g0xx_hal_flash.d" -MT"Drivers/STM32G0xx_HAL_Driver/stm32g0xx_hal_flash.o" --specs=nano.specs -mfloat-abi=soft -mthumb -o "Drivers/STM32G0xx_HAL_Driver/stm32g0xx_hal_flash.o"
arm-none-eabi-gcc "/home/montanab/STM32CubeIDE/EP2/Drivers/STM32G0xx_HAL_Driver/Src/stm32g0xx_hal_flash_ex.c" -mcpu=cortex-m0plus -std=gnu11 -g3 -DDEBUG -DUSE_HAL_DRIVER -DSTM32G071xx -c -I../../Core/Inc -I../../Drivers/STM32G0xx_HAL_Driver/Inc -I../../Drivers/STM32G0xx_HAL_Driver/Inc/Legacy -I../../Drivers/CMSIS/Device/ST/STM32G0xx/Include -I../../Drivers/CMSIS/Include -O0 -ffunction-sections -fdata-sections -Wall -fstack-usage -fcyclomatic-complexity -MMD -MP -MF"Drivers/STM32G0xx_HAL_Driver/stm32g0xx_hal_flash_ex.d" -MT"Drivers/STM32G0xx_HAL_Driver/stm32g0xx_hal_flash_ex.o" --specs=nano.specs -mfloat-abi=soft -mthumb -o "Drivers/STM32G0xx_HAL_Driver/stm32g0xx_hal_flash_ex.o"
arm-none-eabi-gcc "/home/montanab/STM32CubeIDE/EP2/Drivers/STM32G0xx_HAL_Driver/Src/stm32g0xx_hal_gpio.c" -mcpu=cortex-m0plus -std=gnu11 -g3 -DDEBUG -DUSE_HAL_DRIVER -DSTM32G071xx -c -I../../Core/Inc -I../../Drivers/STM32G0xx_HAL_Driver/Inc -I../../Drivers/STM32G0xx_HAL_Driver/Inc/Legacy -I../../Drivers/CMSIS/Device/ST/STM32G0xx/Include -I../../Drivers/CMSIS/Include -O0 -ffunction-sections -fdata-sections -Wall -fstack-usage -fcyclomatic-complexity -MMD -MP -MF"Drivers/STM32G0xx_HAL_Driver/stm32g0xx_hal_gpio.d" -MT"Drivers/STM32G0xx_HAL_Driver/stm32g0xx_hal_gpio.o" --specs=nano.specs -mfloat-abi=soft -mthumb -o "Drivers/STM32G0xx_HAL_Driver/stm32g0xx_hal_gpio.o"
arm-none-eabi-gcc "/home/montanab/STM32CubeIDE/EP2/Drivers/STM32G0xx_HAL_Driver/Src/stm32g0xx_hal_pwr.c" -mcpu=cortex-m0plus -std=gnu11 -g3 -DDEBUG -DUSE_HAL_DRIVER -DSTM32G071xx -c -I../../Core/Inc -I../../Drivers/STM32G0xx_HAL_Driver/Inc -I../../Drivers/STM32G0xx_HAL_Driver/Inc/Legacy -I../../Drivers/CMSIS/Device/ST/STM32G0xx/Include -I../../Drivers/CMSIS/Include -O0 -ffunction-sections -fdata-sections -Wall -fstack-usage -fcyclomatic-complexity -MMD -MP -MF"Drivers/STM32G0xx_HAL_Driver/stm32g0xx_hal_pwr.d" -MT"Drivers/STM32G0xx_HAL_Driver/stm32g0xx_hal_pwr.o" --specs=nano.specs -mfloat-abi=soft -mthumb -o "Drivers/STM32G0xx_HAL_Driver/stm32g0xx_hal_pwr.o"
arm-none-eabi-gcc "/home/montanab/STM32CubeIDE/EP2/Drivers/STM32G0xx_HAL_Driver/Src/stm32g0xx_hal_pwr_ex.c" -mcpu=cortex-m0plus -std=gnu11 -g3 -DDEBUG -DUSE_HAL_DRIVER -DSTM32G071xx -c -I../../Core/Inc -I../../Drivers/STM32G0xx_HAL_Driver/Inc -I../../Drivers/STM32G0xx_HAL_Driver/Inc/Legacy -I../../Drivers/CMSIS/Device/ST/STM32G0xx/Include -I../../Drivers/CMSIS/Include -O0 -ffunction-sections -fdata-sections -Wall -fstack-usage -fcyclomatic-complexity -MMD -MP -MF"Drivers/STM32G0xx_HAL_Driver/stm32g0xx_hal_pwr_ex.d" -MT"Drivers/STM32G0xx_HAL_Driver/stm32g0xx_hal_pwr_ex.o" --specs=nano.specs -mfloat-abi=soft -mthumb -o "Drivers/STM32G0xx_HAL_Driver/stm32g0xx_hal_pwr_ex.o"
arm-none-eabi-gcc "/home/montanab/STM32CubeIDE/EP2/Drivers/STM32G0xx_HAL_Driver/Src/stm32g0xx_hal_rcc.c" -mcpu=cortex-m0plus -std=gnu11 -g3 -DDEBUG -DUSE_HAL_DRIVER -DSTM32G071xx -c -I../../Core/Inc -I../../Drivers/STM32G0xx_HAL_Driver/Inc -I../../Drivers/STM32G0xx_HAL_Driver/Inc/Legacy -I../../Drivers/CMSIS/Device/ST/STM32G0xx/Include -I../../Drivers/CMSIS/Include -O0 -ffunction-sections -fdata-sections -Wall -fstack-usage -fcyclomatic-complexity -MMD -MP -MF"Drivers/STM32G0xx_HAL_Driver/stm32g0xx_hal_rcc.d" -MT"Drivers/STM32G0xx_HAL_Driver/stm32g0xx_hal_rcc.o" --specs=nano.specs -mfloat-abi=soft -mthumb -o "Drivers/STM32G0xx_HAL_Driver/stm32g0xx_hal_rcc.o"
arm-none-eabi-gcc "/home/montanab/STM32CubeIDE/EP2/Drivers/STM32G0xx_HAL_Driver/Src/stm32g0xx_hal_rcc_ex.c" -mcpu=cortex-m0plus -std=gnu11 -g3 -DDEBUG -DUSE_HAL_DRIVER -DSTM32G071xx -c -I../../Core/Inc -I../../Drivers/STM32G0xx_HAL_Driver/Inc -I../../Drivers/STM32G0xx_HAL_Driver/Inc/Legacy -I../../Drivers/CMSIS/Device/ST/STM32G0xx/Include -I../../Drivers/CMSIS/Include -O0 -ffunction-sections -fdata-sections -Wall -fstack-usage -fcyclomatic-complexity -MMD -MP -MF"Drivers/STM32G0xx_HAL_Driver/stm32g0xx_hal_rcc_ex.d" -MT"Drivers/STM32G0xx_HAL_Driver/stm32g0xx_hal_rcc_ex.o" --specs=nano.specs -mfloat-abi=soft -mthumb -o "Drivers/STM32G0xx_HAL_Driver/stm32g0xx_hal_rcc_ex.o"
arm-none-eabi-gcc "/home/montanab/STM32CubeIDE/EP2/Drivers/STM32G0xx_HAL_Driver/Src/stm32g0xx_ll_rcc.c" -mcpu=cortex-m0plus -std=gnu11 -g3 -DDEBUG -DUSE_HAL_DRIVER -DSTM32G071xx -c -I../../Core/Inc -I../../Drivers/STM32G0xx_HAL_Driver/Inc -I../../Drivers/STM32G0xx_HAL_Driver/Inc/Legacy -I../../Drivers/CMSIS/Device/ST/STM32G0xx/Include -I../../Drivers/CMSIS/Include -O0 -ffunction-sections -fdata-sections -Wall -fstack-usage -fcyclomatic-complexity -MMD -MP -MF"Drivers/STM32G0xx_HAL_Driver/stm32g0xx_ll_rcc.d" -MT"Drivers/STM32G0xx_HAL_Driver/stm32g0xx_ll_rcc.o" --specs=nano.specs -mfloat-abi=soft -mthumb -o "Drivers/STM32G0xx_HAL_Driver/stm32g0xx_ll_rcc.o"
arm-none-eabi-gcc "/home/montanab/STM32CubeIDE/EP2/Core/Src/system_stm32g0xx.c" -mcpu=cortex-m0plus -std=gnu11 -g3 -DDEBUG -DUSE_HAL_DRIVER -DSTM32G071xx -c -I../../Core/Inc -I../../Drivers/STM32G0xx_HAL_Driver/Inc -I../../Drivers/STM32G0xx_HAL_Driver/Inc/Legacy -I../../Drivers/CMSIS/Device/ST/STM32G0xx/Include -I../../Drivers/CMSIS/Include -O0 -ffunction-sections -fdata-sections -Wall -fstack-usage -fcyclomatic-complexity -MMD -MP -MF"Drivers/CMSIS/system_stm32g0xx.d" -MT"Drivers/CMSIS/system_stm32g0xx.o" --specs=nano.specs -mfloat-abi=soft -mthumb -o "Drivers/CMSIS/system_stm32g0xx.o"
arm-none-eabi-gcc -mcpu=cortex-m0plus -g3 -DDEBUG -c -x assembler-with-cpp -MMD -MP -MF"Application/User/Startup/startup_stm32g071rbtx.d" -MT"Application/User/Startup/startup_stm32g071rbtx.o" --specs=nano.specs -mfloat-abi=soft -mthumb -o "Application/User/Startup/startup_stm32g071rbtx.o" "../Application/User/Startup/startup_stm32g071rbtx.s"
arm-none-eabi-gcc "/home/montanab/STM32CubeIDE/EP2/Core/Src/gpio.c" -mcpu=cortex-m0plus -std=gnu11 -g3 -DDEBUG -DUSE_HAL_DRIVER -DSTM32G071xx -c -I../../Core/Inc -I../../Drivers/STM32G0xx_HAL_Driver/Inc -I../../Drivers/STM32G0xx_HAL_Driver/Inc/Legacy -I../../Drivers/CMSIS/Device/ST/STM32G0xx/Include -I../../Drivers/CMSIS/Include -O0 -ffunction-sections -fdata-sections -Wall -fstack-usage -fcyclomatic-complexity -MMD -MP -MF"Application/User/Core/gpio.d" -MT"Application/User/Core/gpio.o" --specs=nano.specs -mfloat-abi=soft -mthumb -o "Application/User/Core/gpio.o"
arm-none-eabi-gcc "/home/montanab/STM32CubeIDE/EP2/Core/Src/main.c" -mcpu=cortex-m0plus -std=gnu11 -g3 -DDEBUG -DUSE_HAL_DRIVER -DSTM32G071xx -c -I../../Core/Inc -I../../Drivers/STM32G0xx_HAL_Driver/Inc -I../../Drivers/STM32G0xx_HAL_Driver/Inc/Legacy -I../../Drivers/CMSIS/Device/ST/STM32G0xx/Include -I../../Drivers/CMSIS/Include -O0 -ffunction-sections -fdata-sections -Wall -fstack-usage -fcyclomatic-complexity -MMD -MP -MF"Application/User/Core/main.d" -MT"Application/User/Core/main.o" --specs=nano.specs -mfloat-abi=soft -mthumb -o "Application/User/Core/main.o"
arm-none-eabi-gcc "/home/montanab/STM32CubeIDE/EP2/Core/Src/stm32g0xx_hal_msp.c" -mcpu=cortex-m0plus -std=gnu11 -g3 -DDEBUG -DUSE_HAL_DRIVER -DSTM32G071xx -c -I../../Core/Inc -I../../Drivers/STM32G0xx_HAL_Driver/Inc -I../../Drivers/STM32G0xx_HAL_Driver/Inc/Legacy -I../../Drivers/CMSIS/Device/ST/STM32G0xx/Include -I../../Drivers/CMSIS/Include -O0 -ffunction-sections -fdata-sections -Wall -fstack-usage -fcyclomatic-complexity -MMD -MP -MF"Application/User/Core/stm32g0xx_hal_msp.d" -MT"Application/User/Core/stm32g0xx_hal_msp.o" --specs=nano.specs -mfloat-abi=soft -mthumb -o "Application/User/Core/stm32g0xx_hal_msp.o"
arm-none-eabi-gcc "/home/montanab/STM32CubeIDE/EP2/Core/Src/stm32g0xx_it.c" -mcpu=cortex-m0plus -std=gnu11 -g3 -DDEBUG -DUSE_HAL_DRIVER -DSTM32G071xx -c -I../../Core/Inc -I../../Drivers/STM32G0xx_HAL_Driver/Inc -I../../Drivers/STM32G0xx_HAL_Driver/Inc/Legacy -I../../Drivers/CMSIS/Device/ST/STM32G0xx/Include -I../../Drivers/CMSIS/Include -O0 -ffunction-sections -fdata-sections -Wall -fstack-usage -fcyclomatic-complexity -MMD -MP -MF"Application/User/Core/stm32g0xx_it.d" -MT"Application/User/Core/stm32g0xx_it.o" --specs=nano.specs -mfloat-abi=soft -mthumb -o "Application/User/Core/stm32g0xx_it.o"
arm-none-eabi-gcc "../Application/User/Core/syscalls.c" -mcpu=cortex-m0plus -std=gnu11 -g3 -DDEBUG -DUSE_HAL_DRIVER -DSTM32G071xx -c -I../../Core/Inc -I../../Drivers/STM32G0xx_HAL_Driver/Inc -I../../Drivers/STM32G0xx_HAL_Driver/Inc/Legacy -I../../Drivers/CMSIS/Device/ST/STM32G0xx/Include -I../../Drivers/CMSIS/Include -O0 -ffunction-sections -fdata-sections -Wall -fstack-usage -fcyclomatic-complexity -MMD -MP -MF"Application/User/Core/syscalls.d" -MT"Application/User/Core/syscalls.o" --specs=nano.specs -mfloat-abi=soft -mthumb -o "Application/User/Core/syscalls.o"
arm-none-eabi-gcc "../Application/User/Core/sysmem.c" -mcpu=cortex-m0plus -std=gnu11 -g3 -DDEBUG -DUSE_HAL_DRIVER -DSTM32G071xx -c -I../../Core/Inc -I../../Drivers/STM32G0xx_HAL_Driver/Inc -I../../Drivers/STM32G0xx_HAL_Driver/Inc/Legacy -I../../Drivers/CMSIS/Device/ST/STM32G0xx/Include -I../../Drivers/CMSIS/Include -O0 -ffunction-sections -fdata-sections -Wall -fstack-usage -fcyclomatic-complexity -MMD -MP -MF"Application/User/Core/sysmem.d" -MT"Application/User/Core/sysmem.o" --specs=nano.specs -mfloat-abi=soft -mthumb -o "Application/User/Core/sysmem.o"
arm-none-eabi-gcc -o "EP2.elf" @"objects.list"   -mcpu=cortex-m0plus -T"/home/montanab/STM32CubeIDE/EP2/STM32CubeIDE/STM32G071RBTX_FLASH.ld" --specs=nosys.specs -Wl,-Map="EP2.map" -Wl,--gc-sections -static --specs=nano.specs -mfloat-abi=soft -mthumb -Wl,--start-group -lc -lm -Wl,--end-group
Finished building target: EP2.elf
 
arm-none-eabi-size  EP2.elf 
arm-none-eabi-objdump -h -S EP2.elf  > "EP2.list"
   text	   data	    bss	    dec	    hex	filename
   5320	     12	   1572	   6904	   1af8	EP2.elf
Finished building: default.size.stdout
 
Finished building: EP2.list
 
22:59:50 **** Incremental Build of configuration Debug for project EP2 ****
make -j8 all 
arm-none-eabi-size  EP2.elf 
   text	   data	    bss	    dec	    hex	filename
   5320	     12	   1572	   6904	   1af8	EP2.elf
Finished building: default.size.stdout
 
00:15:04 **** Incremental Build of configuration Debug for project EP2 ****
make -j8 all 
arm-none-eabi-size  EP2.elf 
   text	   data	    bss	    dec	    hex	filename
   5320	     12	   1572	   6904	   1af8	EP2.elf
Finished building: default.size.stdout
 
