10:47:31 **** Incremental Build of configuration Debug for project STM32_AI_Sine_TF ****
make -j8 all 
arm-none-eabi-gcc "../Core/Src/main.c" -mcpu=cortex-m0plus -std=gnu11 -g3 -DDEBUG -DUSE_HAL_DRIVER -DSTM32G071xx -c -I../Core/Inc -I../Drivers/STM32G0xx_HAL_Driver/Inc -I../Drivers/STM32G0xx_HAL_Driver/Inc/Legacy -I../Drivers/CMSIS/Device/ST/STM32G0xx/Include -I../Drivers/CMSIS/Include -I../X-CUBE-AI/App -I../X-CUBE-AI -I../Middlewares/ST/AI/Inc -O0 -ffunction-sections -fdata-sections -Wall -fstack-usage -fcyclomatic-complexity -MMD -MP -MF"Core/Src/main.d" -MT"Core/Src/main.o" --specs=nano.specs -mfloat-abi=soft -mthumb -o "Core/Src/main.o"
arm-none-eabi-gcc -o "STM32_AI_Sine_TF.elf" @"objects.list"  -l:NetworkRuntime1020_CM0+_GCC.a -mcpu=cortex-m0plus -T"/home/montanab/STM32CubeIDE/workspace_1.19.0/STM32_AI_Sine_TF/STM32G071RBTX_FLASH.ld" --specs=nosys.specs -Wl,-Map="STM32_AI_Sine_TF.map" -Wl,--gc-sections -static -L../Middlewares/ST/AI/Lib --specs=nano.specs -mfloat-abi=soft -mthumb -u _printf_float -Wl,--start-group -lc -lm -Wl,--end-group
Finished building target: STM32_AI_Sine_TF.elf
 
arm-none-eabi-size  STM32_AI_Sine_TF.elf 
arm-none-eabi-objdump -h -S STM32_AI_Sine_TF.elf  > "STM32_AI_Sine_TF.list"
   text	   data	    bss	    dec	    hex	filename
  51644	   2140	   5364	  59148	   e70c	STM32_AI_Sine_TF.elf
Finished building: default.size.stdout
 
Finished building: STM32_AI_Sine_TF.list
 

10:47:31 Build Finished. 0 errors, 0 warnings. (took 550ms)

